******************************************************************************
               TMS320C6x Linker Unix v7.4.4                    
******************************************************************************
>> Linked Fri Jul  9 11:47:44 2021

OUTPUT FILE NAME:   <basico_main.out>
ENTRY POINT SYMBOL: "_c_int00"  address: 80013040


MEMORY CONFIGURATION

         name            origin    length      used     unused   attr    fill
----------------------  --------  ---------  --------  --------  ----  --------
  IRAM                  00800000   00200000  00000000  00200000  RW X
  DDR                   80000000   10000000  0001edc8  0ffe1238  RWIX


SECTION ALLOCATION MAP

 output                                  attributes/
section   page    origin      length       input sections
--------  ----  ----------  ----------   ----------------
.pinit     0    80000000    00000000     UNINITIALIZED

.data      0    80000000    00000000     UNINITIALIZED

xdc.meta   0    80000000    00000107     COPY SECTION
                  80000000    00000107     hello_p64P.o64P (xdc.meta)

.text      0    80000000    00017240     
                  80000000    00000980     Ejemplo_comienzo.obj (.text)
                  80000980    00000920     rts64plus.lib : _scanfi.obj (.text:__scanfi)
                  800012a0    000008c0     ti.targets.rts6000.a64P : System.o64P (.text:_xdc_runtime_System_doPrint__I)
                  80001b60    00000780     sysbios.a64P : BIOS.obj (.text:_ti_sysbios_family_c64p_Exception_handler__I)
                  800022e0    00000660                  : BIOS.obj (.text:_ti_sysbios_heaps_HeapMem_alloc__E)
                  80002940    00000620     rts64plus.lib : _scanfi.obj (.text:__sset_arg)
                  80002f60    00000600     sysbios.a64P : BIOS.obj (.text:_ti_sysbios_knl_Semaphore_pend__E)
                  80003560    000005e0                  : BIOS.obj (.text:_ti_sysbios_heaps_HeapMem_free__E)
                  80003b40    000005a0                  : BIOS.obj (.text:_ti_sysbios_timers_timer64_Timer_Module_startup__F)
                  800040e0    00000580     rts64plus.lib : _printfi.obj (.text:__getarg_diouxp)
                  80004660    00000540                   : divd.obj (.text:__divd)
                  80004ba0    00000520                   : strtod.obj (.text:_strtod)
                  800050c0    00000520                   : strtold.obj (.text:_strtold)
                  800055e0    000004c0                   : _scanfi.obj (.text:__sproc_int)
                  80005aa0    00000480     sysbios.a64P : BIOS.obj (.text:_ti_sysbios_knl_Task_Module_startup__F)
                  80005f20    00000460     rts64plus.lib : strtol.obj (.text:_strtol)
                  80006380    00000460                   : strtoll.obj (.text:_strtoll)
                  800067e0    00000460     hello_p64P.o64P (.text:_xdc_runtime_System_printfExtend__I)
                  80006c40    00000440     rts64plus.lib : _printfi.obj (.text:__printfi)
                  80007080    00000440                   : _printfi.obj (.text:__setfield)
                  800074c0    00000400                   : strtoul.obj (.text:_strtoul)
                  800078c0    00000400                   : strtoull.obj (.text:_strtoull)
                  80007cc0    000003a0                   : fputs.obj (.text:_fputs)
                  80008060    00000340                   : _printfi.obj (.text:__pproc_fge)
                  800083a0    00000320                   : _scanfi.obj (.text:__sget_conv)
                  800086c0    00000320     sysbios.a64P : BIOS.obj (.text:_ti_sysbios_knl_Swi_restoreHwi__E)
                  800089e0    00000300     rts64plus.lib : _printfi.obj (.text:_ecvt)
                  80008ce0    00000300                   : _printfi.obj (.text:_fcvt)
                  80008fe0    00000300     sysbios.a64P : BIOS.obj (.text:_ti_sysbios_family_c64p_Hwi_dispatchC__I)
                  800092e0    000002e0     rts64plus.lib : addf.obj (.text:__addf)
                  800095c0    000002e0                   : _scanfi.obj (.text:__sproc_float)
                  800098a0    000002e0     sysbios.a64P : BIOS.obj (.text:_ti_sysbios_heaps_HeapMem_Instance_init__F)
                  80009b80    000002c0     rts64plus.lib : _printfi.obj (.text:__pproc_fwp)
                  80009e40    000002a0                   : _printfi.obj (.text:__pconv_e)
                  8000a0e0    000002a0     sysbios.a64P : BIOS.obj (.text:_ti_sysbios_knl_Clock_workFunc__E)
                  8000a380    00000280                  : BIOS.obj (.text:_ti_sysbios_family_c64p_Cache_Module_startup__F)
                  8000a600    00000280                  : BIOS.obj (.text:_ti_sysbios_timers_timer64_Timer_deviceConfig__I)
                  8000a880    00000280     ti.targets.rts6000.a64P : Error.o64P (.text:_xdc_runtime_Error_raiseX__F)
                  8000ab00    00000260     rts64plus.lib : imath64.obj (.text:__divull)
                  8000ad60    00000260                   : mpyd.obj (.text:__mpyd)
                  8000afc0    00000260     ti.targets.rts6000.a64P : Startup.o64P (.text:_xdc_runtime_Startup_startMods__I)
                  8000b220    00000240     rts64plus.lib : _printfi.obj (.text:__pproc_diouxp)
                  8000b460    00000240     sysbios.a64P : BIOS.obj (.text:_ti_sysbios_family_c64p_Exception_internalHandler__I)
                  8000b6a0    00000240                  : BIOS.obj (.text:_ti_sysbios_knl_Semaphore_post__E)
                  8000b8e0    00000240     ti.targets.rts6000.a64P : LoggerBuf.o64P (.text:_xdc_runtime_LoggerBuf_write8__F)
                  8000bb20    00000220     rts64plus.lib : _printfi.obj (.text:__pproc_str)
                  8000bd40    00000220                   : fputc.obj (.text:_fputc)
                  8000bf60    00000220     sysbios.a64P : BIOS.obj (.text:_ti_sysbios_knl_Swi_run__I)
                  8000c180    00000220                  : BIOS.obj (.text:_ti_sysbios_knl_Task_exit__E)
                  8000c3a0    00000220                  : BIOS.obj (.text:_ti_sysbios_knl_Task_schedule__I)
                  8000c5c0    00000220                  : BIOS.obj (.text:_ti_sysbios_knl_Task_startCore__E)
                  8000c7e0    00000220     ti.targets.rts6000.a64P : Core-mem.o64P (.text:_xdc_runtime_Core_createObject__I)
                  8000ca00    00000200     rts64plus.lib : addd.obj (.text:__addd)
                  8000cc00    00000200                   : frcaddd.obj (.text:__frcaddd)
                  8000ce00    00000200                   : mpyf.obj (.text:__mpyf)
                  8000d000    00000200                   : _printfi.obj (.text:__pconv_g)
                  8000d200    00000200                   : setvbuf.obj (.text:_setvbuf)
                  8000d400    00000200     sysbios.a64P : c64p_Hwi_disp_always.obj (.text:_ti_sysbios_family_c64p_Hwi_dispatchAlways)
                  8000d600    000001e0                  : BIOS.obj (.text:_ti_sysbios_timers_timer64_Timer_getFreq__E)
                  8000d7e0    000001c0     rts64plus.lib : _printfi.obj (.text:__mcpy)
                  8000d9a0    000001c0                   : fopen.obj (.text:__openfile)
                  8000db60    000001c0     sysbios.a64P : BIOS.obj (.text:_ti_sysbios_timers_timer64_Timer_setPeriodMicroSecs__E)
                  8000dd20    000001c0     ti.targets.rts6000.a64P : Text.o64P (.text:_xdc_runtime_Text_putSite__F)
                  8000dee0    000001a0     rts64plus.lib : imath40.obj (.text:__divul)
                  8000e080    000001a0                   : _scanfi.obj (.text:__sproc_str)
                  8000e220    000001a0     sysbios.a64P : BIOS.obj (.text:_ti_sysbios_gates_GateMutex_enter__E)
                  8000e3c0    000001a0                  : BIOS.obj (.text:_ti_sysbios_knl_Task_checkStacks__E)
                  8000e560    000001a0                  : BIOS.obj (.text:_ti_sysbios_knl_Task_unblockI__E)
                  8000e700    000001a0                  : BIOS.obj (.text:_ti_sysbios_timers_timer64_Timer_start__E)
                  8000e8a0    000001a0     ti.targets.rts6000.a64P : LoggerBuf.o64P (.text:_xdc_runtime_LoggerBuf_write4__F)
                  8000ea40    00000180     rts64plus.lib : trgdrv.obj (.text:_HOSTrename)
                  8000ebc0    00000180                   : fscanf.obj (.text:__chkmbc)
                  8000ed40    00000180                   : lowlev.obj (.text:_open)
                  8000eec0    00000180     sysbios.a64P : BIOS.obj (.text:_ti_sysbios_knl_Swi_schedule__I)
                  8000f040    00000180                  : c64p_Exception_asm.obj (.text)
                  8000f1c0    00000160     rts64plus.lib : _scanfi.obj (.text:__sproc_lb)
                  8000f320    00000160     sysbios.a64P : BIOS.obj (.text:_ti_sysbios_BIOS_rtsUnlock__I)
                  8000f480    00000140     rts64plus.lib : fgetc.obj (.text:_fgetc)
                  8000f5c0    00000140                   : lowlev.obj (.text:_getdevice)
                  8000f700    00000140     sysbios.a64P : BIOS.obj (.text:_ti_sysbios_family_c64p_Hwi_Module_startup__F)
                  8000f840    00000140                  : BIOS.obj (.text:_ti_sysbios_knl_Semaphore_Instance_init__F)
                  8000f980    00000140                  : BIOS.obj (.text:_ti_sysbios_knl_Swi_post__E)
                  8000fac0    00000140                  : BIOS.obj (.text:_ti_sysbios_knl_Task_blockI__E)
                  8000fc00    00000140     rts64plus.lib : ungetc.obj (.text:_ungetc)
                  8000fd40    00000140     ti.targets.rts6000.a64P : Text.o64P (.text:_xdc_runtime_Text_putLab__F)
                  8000fe80    00000120     rts64plus.lib : _bufread.obj (.text:__buff_read)
                  8000ffa0    00000120                   : fclose.obj (.text:__closefile)
                  800100c0    00000120                   : _printfi.obj (.text:__ltostr)
                  800101e0    00000120                   : _printfi.obj (.text:__pproc_fflags)
                  80010300    00000120                   : fopen.obj (.text:__search_fp)
                  80010420    00000120                   : _scanfi.obj (.text:__sget_scanset)
                  80010540    00000120                   : fseek.obj (.text:_fseek)
                  80010660    00000120     ti.targets.rts6000.a64P : LoggerBuf.o64P (.text:_xdc_runtime_LoggerBuf_setFilterLevel__F)
                  80010780    00000120                             : Text.o64P (.text:_xdc_runtime_Text_putMod__F)
                  800108a0    00000100     rts64plus.lib : trgdrv.obj (.text:_HOSTlseek)
                  800109a0    00000100     boot.a64P : autoinit.o64P (.text:__auto_init)
                  80010aa0    00000100     rts64plus.lib : frcmpyd.obj (.text:__frcmpyd)
                  80010ba0    00000100                   : _io_perm.obj (.text:__wrt_ok)
                  80010ca0    00000100                   : sinit.obj (.text:_call_dtors)
                  80010da0    00000100     sysbios.a64P : BIOS.obj (.text:_ti_sysbios_timers_timer64_Timer_initDevice__I)
                  80010ea0    00000100     ti.targets.rts6000.a64P : Core-mem.o64P (.text:_xdc_runtime_Core_deleteObject__I)
                  80010fa0    00000100                             : LoggerBuf.o64P (.text:_xdc_runtime_LoggerBuf_getFilterLevel__F)
                  800110a0    00000100                             : Startup.o64P (.text:_xdc_runtime_Startup_exec__F)
                  800111a0    00000100                             : Text.o64P (.text:_xdc_runtime_Text_visitRope2__I)
                  800112a0    000000e0     rts64plus.lib : trgdrv.obj (.text:_HOSTopen)
                  80011380    000000e0                   : cmpd.obj (.text:__cmpd)
                  80011460    000000e0                   : divi.obj (.text:__divi)
                  80011540    000000e0                   : atoi.obj (.text:_atoi)
                  80011620    000000e0                   : lowlev.obj (.text:_close)
                  80011700    000000e0                   : fscanf.obj (.text:_fscanf)
                  800117e0    000000e0                   : memset.obj (.text:_memset)
                  800118c0    000000e0                   : printf.obj (.text:_printf)
                  800119a0    000000e0     sysbios.a64P : BIOS.obj (.text:_ti_sysbios_timers_timer64_Timer_startup__E)
                  80011a80    000000e0     ti.targets.rts6000.a64P : Error.o64P (.text:_xdc_runtime_Error_print__F)
                  80011b60    000000e0     hello_p64P.o64P (.text:_xdc_runtime_LoggerBuf_Object__create__S)
                  80011c40    000000e0     ti.targets.rts6000.a64P : Memory.o64P (.text:_xdc_runtime_Memory_alloc__F)
                  80011d20    000000c0     rts64plus.lib : trgdrv.obj (.text:_HOSTread)
                  80011de0    000000c0                   : trgdrv.obj (.text:_HOSTunlink)
                  80011ea0    000000c0                   : trgdrv.obj (.text:_HOSTwrite)
                  80011f60    000000c0                   : _printfi.obj (.text:__div)
                  80012020    000000c0                   : divu.obj (.text:__divu)
                  800120e0    000000c0                   : fflush.obj (.text:__doflush)
                  800121a0    000000c0                   : _io_perm.obj (.text:__rd_ok)
                  80012260    000000c0                   : atexit.obj (.text:_atexit)
                  80012320    000000c0                   : exit.obj (.text:_exit)
                  800123e0    000000c0                   : ltoa.obj (.text:_ltoa)
                  800124a0    000000c0                   : strtok.obj (.text:_strtok)
                  80012560    000000c0     sysbios.a64P : BIOS.obj (.text:_ti_sysbios_BIOS_errorRaiseHook__I)
                  80012620    000000c0                  : BIOS.obj (.text:_ti_sysbios_heaps_HeapMem_getStats__E)
                  800126e0    000000c0                  : BIOS.obj (.text:_ti_sysbios_knl_Clock_logTick__E)
                  800127a0    000000c0                  : BIOS.obj (.text:_ti_sysbios_knl_Task_allBlockedFunction__I)
                  80012860    000000c0                  : BIOS.obj (.text:_ti_sysbios_timers_timer64_Timer_stop__E)
                  80012920    000000c0     ti.targets.rts6000.a64P : LoggerBuf.o64P (.text:_xdc_runtime_LoggerBuf_Instance_init__F)
                  800129e0    000000c0                             : System.o64P (.text:_xdc_runtime_System_formatNum__I)
                  80012aa0    000000a0     rts64plus.lib : trgdrv.obj (.text:_HOSTclose)
                  80012b40    000000a0                   : fopen.obj (.text:__cleanup)
                  80012be0    000000a0                   : cvtdf.obj (.text:__cvtdf)
                  80012c80    000000a0                   : imath40.obj (.text:__divli)
                  80012d20    000000a0                   : _printfi.obj (.text:__ecpy)
                  80012dc0    000000a0                   : _printfi.obj (.text:__fcpy)
                  80012e60    000000a0                   : fixdli.obj (.text:__fixdli)
                  80012f00    000000a0                   : _printfi.obj (.text:__pconv_f)
                  80012fa0    000000a0                   : remu.obj (.text:__remu)
                  80013040    000000a0     boot.a64P : boot.o64P (.text:_c_int00)
                  800130e0    000000a0     rts64plus.lib : lowlev.obj (.text:_finddevice)
                  80013180    000000a0                   : lowlev.obj (.text:_lseek)
                  80013220    000000a0     hello_p64P.o64P (.text:_malloc)
                  800132c0    000000a0     rts64plus.lib : memcpy64.obj (.text:_memcpy)
                  80013360    000000a0                   : lowlev.obj (.text:_read)
                  80013400    000000a0                   : strspn.obj (.text:_strspn)
                  800134a0    000000a0     sysbios.a64P : BIOS.obj (.text:_ti_sysbios_family_c64p_Exception_Module_startup__F)
                  80013540    000000a0                  : BIOS.obj (.text:_ti_sysbios_family_c64p_Hwi_getStackInfo__E)
                  800135e0    000000a0                  : BIOS.obj (.text:_ti_sysbios_heaps_HeapMem_init__I)
                  80013680    000000a0                  : BIOS.obj (.text:_ti_sysbios_knl_Idle_run__E)
                  80013720    000000a0     hello_p64P.o64P (.text:_ti_sysbios_knl_Semaphore_Object__create__S)
                  800137c0    000000a0     rts64plus.lib : lowlev.obj (.text:_write)
                  80013860    000000a0     ti.targets.rts6000.a64P : Assert.o64P (.text:_xdc_runtime_Assert_raise__I)
                  80013900    000000a0                             : LoggerBuf.o64P (.text:_xdc_runtime_LoggerBuf_Module_startup__F)
                  800139a0    000000a0     hello_p64P.o64P (.text:_xdc_runtime_LoggerBuf_write8__E)
                  80013a40    000000a0     ti.targets.rts6000.a64P : SysMin.o64P (.text:_xdc_runtime_SysMin_abort__F)
                  80013ae0    000000a0                             : SysMin.o64P (.text:_xdc_runtime_SysMin_flush__F)
                  80013b80    000000a0     hello_p64P.o64P (.text:_xdc_runtime_SysMin_output__I)
                  80013c20    000000a0     ti.targets.rts6000.a64P : SysMin.o64P (.text:_xdc_runtime_SysMin_putch__F)
                  80013cc0    000000a0                             : Text.o64P (.text:_xdc_runtime_Text_xprintf__I)
                  80013d60    00000080     rts64plus.lib : fixdi.obj (.text:__fixdi)
                  80013de0    00000080                   : fltlid.obj (.text:__fltlid)
                  80013e60    00000080                   : llshift.obj (.text:__llshl)
                  80013ee0    00000080                   : renormd.obj (.text:__renormd)
                  80013f60    00000080                   : trgmsg.obj (.text:_readmsg)
                  80013fe0    00000080     hello_p64P.o64P (.text:_ti_sysbios_BIOS_exitFunc__I)
                  80014060    00000080     sysbios.a64P : BIOS.obj (.text:_ti_sysbios_family_c62_TaskSupport_start__E)
                  800140e0    00000080                  : c62_TaskSupport_asm.obj (.text:_ti_sysbios_family_c62_TaskSupport_swap__E)
                  80014160    00000080     hello_p64P.o64P (.text:_ti_sysbios_gates_GateHwi_Object__create__S)
                  800141e0    00000080     hello_p64P.o64P (.text:_ti_sysbios_gates_GateMutex_Object__create__S)
                  80014260    00000080     hello_p64P.o64P (.text:_ti_sysbios_heaps_HeapMem_Object__create__S)
                  800142e0    00000080     hello_p64P.o64P (.text:_ti_sysbios_knl_Clock_doTick__I)
                  80014360    00000080     hello_p64P.o64P (.text:_ti_sysbios_knl_Queue_Object__create__S)
                  800143e0    00000080     sysbios.a64P : BIOS.obj (.text:_ti_sysbios_knl_Semaphore_pendTimeout__I)
                  80014460    00000080     hello_p64P.o64P (.text:_ti_sysbios_knl_Swi_Object__get__S)
                  800144e0    00000080     sysbios.a64P : BIOS.obj (.text:_ti_sysbios_knl_Swi_startup__E)
                  80014560    00000080                  : BIOS.obj (.text:_ti_sysbios_knl_Task_restore__E)
                  800145e0    00000080                  : BIOS.obj (.text:_ti_sysbios_timers_timer64_Timer_getPeriod__E)
                  80014660    00000080     rts64plus.lib : lowlev.obj (.text:_unlink)
                  800146e0    00000080     ti.targets.rts6000.a64P : Core-label.o64P (.text:_xdc_runtime_Core_assignLabel__I)
                  80014760    00000080                             : Core-params.o64P (.text:_xdc_runtime_Core_assignParams__I)
                  800147e0    00000080                             : LoggerBuf.o64P (.text:_xdc_runtime_LoggerBuf_filterOutEvent__I)
                  80014860    00000080                             : System.o64P (.text:_xdc_runtime_System_atexit__F)
                  800148e0    00000080                             : System.o64P (.text:_xdc_runtime_System_putchar__I)
                  80014960    00000080                             : System.o64P (.text:_xdc_runtime_System_rtsExit__I)
                  800149e0    00000080                             : Text.o64P (.text:_xdc_runtime_Text_printVisFxn__I)
                  80014a60    00000080     sysbios.a64P : BIOS.obj (.text:ti_sysbios_hal_Hwi_checkStack:_ti_sysbios_hal_Hwi_checkStack)
                  80014ae0    00000080                  : BIOS.obj (.text:ti_sysbios_hal_Hwi_initStack:_ti_sysbios_hal_Hwi_initStack)
                  80014b60    00000060     rts64plus.lib : cvtfd.obj (.text:__cvtfd)
                  80014bc0    00000060                   : frcmpyf.obj (.text:__frcmpyf)
                  80014c20    00000060                   : imath64.obj (.text:__remull)
                  80014c80    00000060                   : imath64.obj (.text:__subcull)
                  80014ce0    00000060                   : fclose.obj (.text:_fclose)
                  80014d40    00000060                   : fopen.obj (.text:_fopen)
                  80014da0    00000060     hello_p64P.o64P (.text:_free)
                  80014e00    00000060     rts64plus.lib : memccpy.obj (.text:_memccpy)
                  80014e60    00000060                   : strcspn.obj (.text:_strcspn)
                  80014ec0    00000060                   : lowlev.obj (.text:_tabinit)
                  80014f20    00000060     sysbios.a64P : BIOS.obj (.text:_ti_sysbios_BIOS_registerRTSLock__I)
                  80014f80    00000060                  : BIOS.obj (.text:_ti_sysbios_family_c64p_Cache_setMar__E)
                  80014fe0    00000060     hello_p64P.o64P (.text:_ti_sysbios_gates_GateHwi_Handle__label__S)
                  80015040    00000060     hello_p64P.o64P (.text:_ti_sysbios_gates_GateHwi_Object__delete__S)
                  800150a0    00000060     hello_p64P.o64P (.text:_ti_sysbios_gates_GateMutex_Handle__label__S)
                  80015100    00000060     sysbios.a64P : BIOS.obj (.text:_ti_sysbios_gates_GateMutex_Instance_init__F)
                  80015160    00000060     hello_p64P.o64P (.text:_ti_sysbios_gates_GateMutex_Object__delete__S)
                  800151c0    00000060     hello_p64P.o64P (.text:_ti_sysbios_heaps_HeapMem_Handle__label__S)
                  80015220    00000060     hello_p64P.o64P (.text:_ti_sysbios_heaps_HeapMem_Object__delete__S)
                  80015280    00000060     hello_p64P.o64P (.text:_ti_sysbios_heaps_HeapMem_Object__get__S)
                  800152e0    00000060     sysbios.a64P : BIOS.obj (.text:_ti_sysbios_knl_Clock_Module_startup__F)
                  80015340    00000060     hello_p64P.o64P (.text:_ti_sysbios_knl_Queue_Object__get__S)
                  800153a0    00000060     sysbios.a64P : BIOS.obj (.text:_ti_sysbios_knl_Swi_Module_startup__F)
                  80015400    00000060     hello_p64P.o64P (.text:_ti_sysbios_knl_Task_Object__get__S)
                  80015460    00000060     sysbios.a64P : BIOS.obj (.text:_ti_sysbios_knl_Task_enter__I)
                  800154c0    00000060     rts64plus.lib : trgmsg.obj (.text:_writemsg)
                  80015520    00000060     hello_p64P.o64P (.text:_xdc_runtime_LoggerBuf_Handle__label__S)
                  80015580    00000060     hello_p64P.o64P (.text:_xdc_runtime_LoggerBuf_Object__delete__S)
                  800155e0    00000060     hello_p64P.o64P (.text:_xdc_runtime_LoggerBuf_Object__get__S)
                  80015640    00000060     ti.targets.rts6000.a64P : Memory.o64P (.text:_xdc_runtime_Memory_calloc__F)
                  800156a0    00000060                             : SysMin.o64P (.text:_xdc_runtime_SysMin_Module_startup__F)
                  80015700    00000060                             : SysMin.o64P (.text:_xdc_runtime_SysMin_exit__F)
                  80015760    00000060                             : System.o64P (.text:_xdc_runtime_System_avprintf__F)
                  800157c0    00000060                             : System.o64P (.text:_xdc_runtime_System_vprintf__F)
                  80015820    00000060                             : Text.o64P (.text:_xdc_runtime_Text_cordText__F)
                  80015880    00000040     rts64plus.lib : sinit.obj (.text:___add_dtor)
                  800158c0    00000040                   : isinf.obj (.text:___isinf)
                  80015900    00000040                   : _printfi.obj (.text:___isnan)
                  80015940    00000040                   : args_main.obj (.text:__args_main)
                  80015980    00000040                   : frcmpyd_div.obj (.text:__frcmpyd_div)
                  800159c0    00000040                   : llshift.obj (.text:__llshru)
                  80015a00    00000040                   : negd.obj (.text:__negd)
                  80015a40    00000040                   : imath40.obj (.text:__remli)
                  80015a80    00000040                   : imath40.obj (.text:__remul)
                  80015ac0    00000040                   : subd.obj (.text:__subd)
                  80015b00    00000040     sysbios.a64P : BIOS.obj (.text:_ti_sysbios_BIOS_rtsLock__I)
                  80015b40    00000040     hello_p64P.o64P (.text:_ti_sysbios_BIOS_startFunc__I)
                  80015b80    00000040     sysbios.a64P : c62_TaskSupport_asm.obj (.text:_ti_sysbios_family_c62_TaskSupport_buildTaskStack)
                  80015bc0    00000040     hello_p64P.o64P (.text:_ti_sysbios_family_c64p_Hwi_Module__startupDone__F)
                  80015c00    00000040     sysbios.a64P : BIOS.obj (.text:_ti_sysbios_family_c64p_Hwi_disableInterrupt__E)
                  80015c40    00000040                  : BIOS.obj (.text:_ti_sysbios_family_c64p_Hwi_enableInterrupt__E)
                  80015c80    00000040                  : BIOS.obj (.text:_ti_sysbios_family_c64p_tci6482_TimerSupport_enable__E)
                  80015cc0    00000040                  : c64p_Hwi_asm_switch.obj (.text:_ti_sysbios_family_xxx_Hwi_switchToIsrStack)
                  80015d00    00000040                  : BIOS.obj (.text:_ti_sysbios_gates_GateMutex_leave__E)
                  80015d40    00000040     hello_p64P.o64P (.text:_ti_sysbios_hal_Timer_Module__startupDone__F)
                  80015d80    00000040     hello_p64P.o64P (.text:_ti_sysbios_knl_Queue_Object__destruct__S)
                  80015dc0    00000040     hello_p64P.o64P (.text:_ti_sysbios_knl_Semaphore_Object__destruct__S)
                  80015e00    00000040     hello_p64P.o64P (.text:_ti_sysbios_knl_Task_SupportProxy_start__E)
                  80015e40    00000040     hello_p64P.o64P (.text:_ti_sysbios_timers_timer64_Timer_Module__startupDone__F)
                  80015e80    00000040     ti.targets.rts6000.a64P : Error.o64P (.text:_xdc_runtime_Error_check__F)
                  80015ec0    00000040                             : Error.o64P (.text:_xdc_runtime_Error_init__F)
                  80015f00    00000040     hello_p64P.o64P (.text:_xdc_runtime_IHeap_alloc)
                  80015f40    00000040     hello_p64P.o64P (.text:_xdc_runtime_IHeap_free)
                  80015f80    00000040     ti.targets.rts6000.a64P : LoggerBuf.o64P (.text:_xdc_runtime_LoggerBuf_Instance_finalize__F)
                  80015fc0    00000040     hello_p64P.o64P (.text:_xdc_runtime_LoggerBuf_setFilterLevel__E)
                  80016000    00000040     hello_p64P.o64P (.text:_xdc_runtime_LoggerBuf_write0__E)
                  80016040    00000040     ti.targets.rts6000.a64P : LoggerBuf.o64P (.text:_xdc_runtime_LoggerBuf_write0__F)
                  80016080    00000040     hello_p64P.o64P (.text:_xdc_runtime_LoggerBuf_write1__E)
                  800160c0    00000040     hello_p64P.o64P (.text:_xdc_runtime_LoggerBuf_write2__E)
                  80016100    00000040     hello_p64P.o64P (.text:_xdc_runtime_LoggerBuf_write4__E)
                  80016140    00000040     hello_p64P.o64P (.text:_xdc_runtime_Memory_HeapProxy_alloc__E)
                  80016180    00000040     hello_p64P.o64P (.text:_xdc_runtime_Memory_alloc__E)
                  800161c0    00000040     ti.targets.rts6000.a64P : Memory.o64P (.text:_xdc_runtime_Memory_free__F)
                  80016200    00000040                             : Registry.o64P (.text:_xdc_runtime_Registry_findById__F)
                  80016240    00000040     hello_p64P.o64P (.text:_xdc_runtime_Startup_exec__I)
                  80016280    00000040     ti.targets.rts6000.a64P : System.o64P (.text:_xdc_runtime_System_abort__F)
                  800162c0    00000040     hello_p64P.o64P (.text:_xdc_runtime_System_aprintf__E)
                  80016300    00000040     hello_p64P.o64P (.text:_xdc_runtime_System_printf__E)
                  80016340    00000040     ti.targets.rts6000.a64P : Text.o64P (.text:_xdc_runtime_Text_ropeText__F)
                  80016380    00000040     hello_p64P.o64P (.text:_xdc_runtime_Text_visitRope__I)
                  800163c0    00000020     ti.targets.rts6000.a64P : xdc_noinit.o64P (.text:___xdc__init)
                  800163e0    00000020     rts64plus.lib : fscanf.obj (.text:__inpchar)
                  80016400    00000020                   : negll.obj (.text:__negll)
                  80016420    00000020                   : _lock.obj (.text:__nop)
                  80016440    00000020                   : printf.obj (.text:__outc)
                  80016460    00000020                   : printf.obj (.text:__outs)
                  80016480    00000020                   : _lock.obj (.text:__register_lock)
                  800164a0    00000020                   : _lock.obj (.text:__register_unlock)
                  800164c0    00000020                   : fscanf.obj (.text:__uninpchar)
                  800164e0    00000020                   : exit.obj (.text:_abort)
                  80016500    00000020                   : atof.obj (.text:_atof)
                  80016520    00000020                   : remove.obj (.text:_remove)
                  80016540    00000020     hello_p64P.o64P (.text:_ti_sysbios_BIOS_RtsGateProxy_enter__E)
                  80016560    00000020     hello_p64P.o64P (.text:_ti_sysbios_BIOS_RtsGateProxy_leave__E)
                  80016580    00000020     sysbios.a64P : BIOS.obj (.text:_ti_sysbios_BIOS_nullFunc__I)
                  800165a0    00000020                  : BIOS.obj (.text:_ti_sysbios_BIOS_setThreadType__E)
                  800165c0    00000020     hello_p64P.o64P (.text:_ti_sysbios_family_c62_TaskSupport_Module__startupDone__S)
                  800165e0    00000020     sysbios.a64P : BIOS.obj (.text:_ti_sysbios_family_c62_TaskSupport_checkStack__E)
                  80016600    00000020                  : c62_TaskSupport_asm.obj (.text:_ti_sysbios_family_c62_TaskSupport_glue)
                  80016620    00000020     hello_p64P.o64P (.text:_ti_sysbios_family_c64p_Cache_Module_startup__E)
                  80016640    00000020     hello_p64P.o64P (.text:_ti_sysbios_family_c64p_Exception_Module_startup__E)
                  80016660    00000020     hello_p64P.o64P (.text:_ti_sysbios_family_c64p_Hwi_Module__startupDone__S)
                  80016680    00000020     hello_p64P.o64P (.text:_ti_sysbios_family_c64p_Hwi_Module_startup__E)
                  800166a0    00000020     sysbios.a64P : BIOS.obj (.text:_ti_sysbios_family_c64p_Hwi_clearInterrupt__E)
                  800166c0    00000020                  : BIOS.obj (.text:_ti_sysbios_family_c64p_Hwi_startup__E)
                  800166e0    00000020                  : BIOS.obj (.text:_ti_sysbios_family_c64p_Hwi_switchFromBootStack__E)
                  80016700    00000020     hello_p64P.o64P (.text:_ti_sysbios_family_c64p_TimestampProvider_Module_startup__E)
                  80016720    00000020     sysbios.a64P : BIOS.obj (.text:_ti_sysbios_family_c64p_TimestampProvider_Module_startup__F)
                  80016740    00000020                  : BIOS.obj (.text:_ti_sysbios_family_c64p_TimestampProvider_get64__E)
                  80016760    00000020                  : c64p_Hwi_asm_switch.obj (.text:_ti_sysbios_family_xxx_Hwi_switchToTaskStack)
                  80016780    00000020                  : BIOS.obj (.text:_ti_sysbios_gates_GateHwi_Instance_init__F)
                  800167a0    00000020                  : BIOS.obj (.text:_ti_sysbios_gates_GateHwi_enter__E)
                  800167c0    00000020                  : BIOS.obj (.text:_ti_sysbios_gates_GateHwi_leave__E)
                  800167e0    00000020     hello_p64P.o64P (.text:_ti_sysbios_gates_GateHwi_query__E)
                  80016800    00000020     sysbios.a64P : BIOS.obj (.text:_ti_sysbios_gates_GateHwi_query__F)
                  80016820    00000020                  : BIOS.obj (.text:_ti_sysbios_gates_GateMutex_Instance_finalize__F)
                  80016840    00000020     hello_p64P.o64P (.text:_ti_sysbios_gates_GateMutex_query__E)
                  80016860    00000020     sysbios.a64P : BIOS.obj (.text:_ti_sysbios_gates_GateMutex_query__F)
                  80016880    00000020     hello_p64P.o64P (.text:_ti_sysbios_hal_Hwi_HwiProxy_Module__startupDone__S)
                  800168a0    00000020     hello_p64P.o64P (.text:_ti_sysbios_hal_Hwi_HwiProxy_clearInterrupt__E)
                  800168c0    00000020     hello_p64P.o64P (.text:_ti_sysbios_hal_Hwi_HwiProxy_disableInterrupt__E)
                  800168e0    00000020     hello_p64P.o64P (.text:_ti_sysbios_hal_Hwi_HwiProxy_enableInterrupt__E)
                  80016900    00000020     hello_p64P.o64P (.text:_ti_sysbios_hal_Hwi_HwiProxy_getStackInfo__E)
                  80016920    00000020     hello_p64P.o64P (.text:_ti_sysbios_hal_Hwi_HwiProxy_startup__E)
                  80016940    00000020     hello_p64P.o64P (.text:_ti_sysbios_hal_Hwi_HwiProxy_switchFromBootStack__E)
                  80016960    00000020     hello_p64P.o64P (.text:_ti_sysbios_hal_Hwi_Module_startup__E)
                  80016980    00000020     sysbios.a64P : BIOS.obj (.text:_ti_sysbios_hal_Hwi_Module_startup__F)
                  800169a0    00000020                  : BIOS.obj (.text:_ti_sysbios_hal_Hwi_startup__E)
                  800169c0    00000020     hello_p64P.o64P (.text:_ti_sysbios_hal_Timer_Module__startupDone__S)
                  800169e0    00000020     hello_p64P.o64P (.text:_ti_sysbios_hal_Timer_Module_startup__E)
                  80016a00    00000020     sysbios.a64P : BIOS.obj (.text:_ti_sysbios_hal_Timer_Module_startup__F)
                  80016a20    00000020     hello_p64P.o64P (.text:_ti_sysbios_hal_Timer_TimerProxy_Module__startupDone__S)
                  80016a40    00000020     hello_p64P.o64P (.text:_ti_sysbios_hal_Timer_TimerProxy_getPeriod__E)
                  80016a60    00000020     hello_p64P.o64P (.text:_ti_sysbios_hal_Timer_TimerProxy_startup__E)
                  80016a80    00000020     sysbios.a64P : BIOS.obj (.text:_ti_sysbios_hal_Timer_startup__E)
                  80016aa0    00000020     hello_p64P.o64P (.text:_ti_sysbios_heaps_HeapMem_Module_GateProxy_enter__E)
                  80016ac0    00000020     hello_p64P.o64P (.text:_ti_sysbios_heaps_HeapMem_Module_GateProxy_leave__E)
                  80016ae0    00000020     hello_p64P.o64P (.text:_ti_sysbios_heaps_HeapMem_Module_GateProxy_query__E)
                  80016b00    00000020     sysbios.a64P : BIOS.obj (.text:_ti_sysbios_heaps_HeapMem_isBlocking__E)
                  80016b20    00000020     hello_p64P.o64P (.text:_ti_sysbios_knl_Clock_Module_State_clockQ)
                  80016b40    00000020     hello_p64P.o64P (.text:_ti_sysbios_knl_Clock_Module_startup__E)
                  80016b60    00000020     sysbios.a64P : BIOS.obj (.text:_ti_sysbios_knl_Idle_loop__E)
                  80016b80    00000020                  : BIOS.obj (.text:_ti_sysbios_knl_Queue_Instance_init__F)
                  80016ba0    00000020                  : BIOS.obj (.text:_ti_sysbios_knl_Queue_empty__E)
                  80016bc0    00000020                  : BIOS.obj (.text:_ti_sysbios_knl_Semaphore_Instance_finalize__F)
                  80016be0    00000020     hello_p64P.o64P (.text:_ti_sysbios_knl_Swi_Module_startup__E)
                  80016c00    00000020     sysbios.a64P : BIOS.obj (.text:_ti_sysbios_knl_Swi_disable__E)
                  80016c20    00000020     hello_p64P.o64P (.text:_ti_sysbios_knl_Task_Module_startup__E)
                  80016c40    00000020     hello_p64P.o64P (.text:_ti_sysbios_knl_Task_SupportProxy_Module__startupDone__S)
                  80016c60    00000020     hello_p64P.o64P (.text:_ti_sysbios_knl_Task_SupportProxy_checkStack__E)
                  80016c80    00000020     hello_p64P.o64P (.text:_ti_sysbios_knl_Task_SupportProxy_swap__E)
                  80016ca0    00000020     sysbios.a64P : BIOS.obj (.text:_ti_sysbios_knl_Task_disable__E)
                  80016cc0    00000020                  : BIOS.obj (.text:_ti_sysbios_knl_Task_startup__E)
                  80016ce0    00000020     hello_p64P.o64P (.text:_ti_sysbios_timers_timer64_Timer_Module__startupDone__S)
                  80016d00    00000020     hello_p64P.o64P (.text:_ti_sysbios_timers_timer64_Timer_Module_startup__E)
                  80016d20    00000020     hello_p64P.o64P (.text:_ti_sysbios_timers_timer64_Timer_TimerSupportProxy_enable__E)
                  80016d40    00000020     hello_p64P.o64P (.text:_xdc_iargToPtr)
                  80016d60    00000020     hello_p64P.o64P (.text:_xdc_runtime_Error_check__E)
                  80016d80    00000020     hello_p64P.o64P (.text:_xdc_runtime_Error_init__E)
                  80016da0    00000020     hello_p64P.o64P (.text:_xdc_runtime_Error_print__E)
                  80016dc0    00000020     ti.targets.rts6000.a64P : Gate.o64P (.text:_xdc_runtime_Gate_enterSystem__F)
                  80016de0    00000020                             : Gate.o64P (.text:_xdc_runtime_Gate_leaveSystem__F)
                  80016e00    00000020     hello_p64P.o64P (.text:_xdc_runtime_LoggerBuf_Module_GateProxy_enter__E)
                  80016e20    00000020     hello_p64P.o64P (.text:_xdc_runtime_LoggerBuf_Module_GateProxy_leave__E)
                  80016e40    00000020     hello_p64P.o64P (.text:_xdc_runtime_LoggerBuf_Module_startup__E)
                  80016e60    00000020     hello_p64P.o64P (.text:_xdc_runtime_LoggerBuf_TimestampProxy_get64__E)
                  80016e80    00000020     hello_p64P.o64P (.text:_xdc_runtime_LoggerBuf_disable__E)
                  80016ea0    00000020     ti.targets.rts6000.a64P : LoggerBuf.o64P (.text:_xdc_runtime_LoggerBuf_disable__F)
                  80016ec0    00000020     hello_p64P.o64P (.text:_xdc_runtime_LoggerBuf_enable__E)
                  80016ee0    00000020     ti.targets.rts6000.a64P : LoggerBuf.o64P (.text:_xdc_runtime_LoggerBuf_enable__F)
                  80016f00    00000020     hello_p64P.o64P (.text:_xdc_runtime_LoggerBuf_getFilterLevel__E)
                  80016f20    00000020     ti.targets.rts6000.a64P : LoggerBuf.o64P (.text:_xdc_runtime_LoggerBuf_write1__F)
                  80016f40    00000020                             : LoggerBuf.o64P (.text:_xdc_runtime_LoggerBuf_write2__F)
                  80016f60    00000020     hello_p64P.o64P (.text:_xdc_runtime_Memory_HeapProxy_free__E)
                  80016f80    00000020     hello_p64P.o64P (.text:_xdc_runtime_Memory_free__E)
                  80016fa0    00000020     hello_p64P.o64P (.text:_xdc_runtime_Startup_reset__I)
                  80016fc0    00000020     hello_p64P.o64P (.text:_xdc_runtime_SysMin_Module_startup__E)
                  80016fe0    00000020     hello_p64P.o64P (.text:_xdc_runtime_SysMin_abort__E)
                  80017000    00000020     hello_p64P.o64P (.text:_xdc_runtime_SysMin_exit__E)
                  80017020    00000020     hello_p64P.o64P (.text:_xdc_runtime_SysMin_putch__E)
                  80017040    00000020     hello_p64P.o64P (.text:_xdc_runtime_SysMin_ready__E)
                  80017060    00000020     ti.targets.rts6000.a64P : SysMin.o64P (.text:_xdc_runtime_SysMin_ready__F)
                  80017080    00000020     hello_p64P.o64P (.text:_xdc_runtime_System_Module_GateProxy_enter__E)
                  800170a0    00000020     hello_p64P.o64P (.text:_xdc_runtime_System_Module_GateProxy_leave__E)
                  800170c0    00000020     hello_p64P.o64P (.text:_xdc_runtime_System_Module_startup__E)
                  800170e0    00000020     ti.targets.rts6000.a64P : System.o64P (.text:_xdc_runtime_System_Module_startup__F)
                  80017100    00000020     hello_p64P.o64P (.text:_xdc_runtime_System_SupportProxy_abort__E)
                  80017120    00000020     hello_p64P.o64P (.text:_xdc_runtime_System_SupportProxy_exit__E)
                  80017140    00000020     hello_p64P.o64P (.text:_xdc_runtime_System_SupportProxy_putch__E)
                  80017160    00000020     hello_p64P.o64P (.text:_xdc_runtime_System_SupportProxy_ready__E)
                  80017180    00000020     hello_p64P.o64P (.text:_xdc_runtime_System_atexit__E)
                  800171a0    00000020     ti.targets.rts6000.a64P : System.o64P (.text:_xdc_runtime_System_exit__F)
                  800171c0    00000020                             : System.o64P (.text:_xdc_runtime_System_lastFxn__I)
                  800171e0    00000020                             : System.o64P (.text:_xdc_runtime_System_vsnprintf__F)
                  80017200    00000020     hello_p64P.o64P (.text:_xdc_runtime_Text_putLab__E)
                  80017220    00000020     hello_p64P.o64P (.text:_xdc_runtime_Text_putSite__E)

.far       0    80017240    00003afc     UNINITIALIZED
                  80017240    00002d08     hello_p64P.o64P (.far)
                  80019f48    00000800     hello_p64P.o64P (.far:taskStackSection)
                  8001a748    00000324     rts64plus.lib : defs.obj (.far)
                  8001aa6c    00000004                   : errno.obj (.far)
                  8001aa70    00000188                   : atexit.obj (.far)
                  8001abf8    0000011c                   : lowlev.obj (.far)
                  8001ad14    0000000c                   : exit.obj (.far)
                  8001ad20    00000008                   : _lock.obj (.far)
                  8001ad28    00000008                   : trgdrv.obj (.far)
                  8001ad30    00000004                   : fopen.obj (.far)
                  8001ad34    00000004                   : sinit.obj (.far)
                  8001ad38    00000004                   : strtok.obj (.far)

.const     0    8001ad40    00002518     
                  8001ad40    00001596     hello_p64P.o64P (.const:xdc_runtime_Text_charTab__A)
                  8001c2d6    00000002     rts64plus.lib : fputs.obj (.const:.string)
                  8001c2d8    000004e4     sysbios.a64P : BIOS.obj (.const:.string)
                  8001c7bc    00000004     ti.targets.rts6000.a64P : Assert.o64P (.const:.string)
                  8001c7c0    00000101     rts64plus.lib : ctype.obj (.const:.string:__ctypes_)
                  8001c8c1    00000001     --HOLE-- [fill = 0]
                  8001c8c2    00000002     hello_p64P.o64P (.const:ti_sysbios_BIOS_Module__id__C)
                  8001c8c4    00000004     ti.targets.rts6000.a64P : Diags.o64P (.const:.string)
                  8001c8c8    000000c4     hello_p64P.o64P (.const:xdc_runtime_Text_nodeTab__A)
                  8001c98c    000000a0     Ejemplo_comienzo.obj (.const:.string)
                  8001ca2c    00000058     ti.targets.rts6000.a64P : Error.o64P (.const:.string)
                  8001ca84    00000004     hello_p64P.o64P (.const:ti_sysbios_BIOS_Module__diagsEnabled__C)
                  8001ca88    00000050     rts64plus.lib : strtod.obj (.const:_digits)
                  8001cad8    00000050                   : strtold.obj (.const:_digits)
                  8001cb28    00000048     hello_p64P.o64P (.const:.string)
                  8001cb70    00000048     ti.targets.rts6000.a64P : Log.o64P (.const:.string)
                  8001cbb8    00000048     rts64plus.lib : strtod.obj (.const:_powerof10)
                  8001cc00    00000048                   : strtold.obj (.const:_powerof10)
                  8001cc48    00000040     ti.targets.rts6000.a64P : Text.o64P (.const:.string)
                  8001cc88    0000003c     hello_p64P.o64P (.const:xdc_runtime_LoggerBuf_Module__FXNS__C)
                  8001ccc4    00000004     hello_p64P.o64P (.const:ti_sysbios_BIOS_Module__diagsIncluded__C)
                  8001ccc8    00000034     hello_p64P.o64P (.const:xdc_runtime_Startup_sfxnTab__A)
                  8001ccfc    0000002c     ti.targets.rts6000.a64P : Startup.o64P (.const:.string)
                  8001cd28    00000028     hello_p64P.o64P (.const:ti_sysbios_heaps_HeapMem_Module__FXNS__C)
                  8001cd50    00000028     hello_p64P.o64P (.const:xdc_runtime_LoggerBuf_Object__PARAMS__C)
                  8001cd78    00000024     hello_p64P.o64P (.const:ti_sysbios_gates_GateHwi_Module__FXNS__C)
                  8001cd9c    00000024     hello_p64P.o64P (.const:ti_sysbios_gates_GateMutex_Module__FXNS__C)
                  8001cdc0    00000024     hello_p64P.o64P (.const:ti_sysbios_heaps_HeapMem_Object__PARAMS__C)
                  8001cde4    00000024     hello_p64P.o64P (.const:ti_sysbios_knl_Semaphore_Object__PARAMS__C)
                  8001ce08    00000023     rts64plus.lib : _printfi.obj (.const:.string)
                  8001ce2b    00000001     --HOLE-- [fill = 0]
                  8001ce2c    00000020     hello_p64P.o64P (.const:ti_sysbios_gates_GateHwi_Object__DESC__C)
                  8001ce4c    00000020     hello_p64P.o64P (.const:ti_sysbios_gates_GateMutex_Object__DESC__C)
                  8001ce6c    00000020     hello_p64P.o64P (.const:ti_sysbios_heaps_HeapMem_Object__DESC__C)
                  8001ce8c    00000020     hello_p64P.o64P (.const:ti_sysbios_knl_Queue_Object__DESC__C)
                  8001ceac    00000020     hello_p64P.o64P (.const:ti_sysbios_knl_Semaphore_Object__DESC__C)
                  8001cecc    00000020     hello_p64P.o64P (.const:xdc_runtime_LoggerBuf_Object__DESC__C)
                  8001ceec    00000004     hello_p64P.o64P (.const:ti_sysbios_BIOS_Module__diagsMask__C)
                  8001cef0    0000001a     hello_p64P.o64P (.const:xdc_runtime_Startup_sfxnRts__A)
                  8001cf0a    00000002     hello_p64P.o64P (.const:ti_sysbios_family_c64p_Exception_Module__id__C)
                  8001cf0c    00000018     hello_p64P.o64P (.const:ti_sysbios_gates_GateHwi_Object__PARAMS__C)
                  8001cf24    00000018     hello_p64P.o64P (.const:ti_sysbios_gates_GateMutex_Object__PARAMS__C)
                  8001cf3c    00000018     hello_p64P.o64P (.const:ti_sysbios_knl_Queue_Object__PARAMS__C)
                  8001cf54    00000004     hello_p64P.o64P (.const:ti_sysbios_BIOS_installedErrorHook__C)
                  8001cf58    00000018     hello_p64P.o64P (.const:ti_sysbios_knl_Task_hooks__A)
                  8001cf70    00000011     ti.targets.rts6000.a64P : System.o64P (.const:_digtohex)
                  8001cf81    00000001     --HOLE-- [fill = 0]
                  8001cf82    00000002     hello_p64P.o64P (.const:ti_sysbios_family_c64p_Exception_useInternalBuffer__C)
                  8001cf84    0000000c     hello_p64P.o64P (.const:ti_sysbios_family_c64p_Cache_initSize__C)
                  8001cf90    00000008     rts64plus.lib : divd.obj (.const:.string:_initial_approx$1)
                  8001cf98    00000008     ti.targets.rts6000.a64P : System.o64P (.const:.string)
                  8001cfa0    00000008     hello_p64P.o64P (.const:ti_sysbios_knl_Idle_coreList__C)
                  8001cfa8    00000008     hello_p64P.o64P (.const:ti_sysbios_knl_Idle_funcList__C)
                  8001cfb0    00000008     hello_p64P.o64P (.const:ti_sysbios_knl_Task_hooks__C)
                  8001cfb8    00000008     hello_p64P.o64P (.const:xdc_runtime_Startup_firstFxns__A)
                  8001cfc0    00000008     hello_p64P.o64P (.const:xdc_runtime_Startup_firstFxns__C)
                  8001cfc8    00000008     hello_p64P.o64P (.const:xdc_runtime_Startup_lastFxns__C)
                  8001cfd0    00000007     rts64plus.lib : _scanfi.obj (.const:.string:_flit$1)
                  8001cfd7    00000001     --HOLE-- [fill = 0]
                  8001cfd8    00000006                   : _scanfi.obj (.const:.string:_barr$2)
                  8001cfde    00000002     hello_p64P.o64P (.const:ti_sysbios_family_c64p_Hwi_Module__id__C)
                  8001cfe0    00000004     hello_p64P.o64P (.const:ti_sysbios_family_c64p_Cache_MAR0_31__C)
                  8001cfe4    00000004     hello_p64P.o64P (.const:ti_sysbios_family_c64p_Cache_MAR128_159__C)
                  8001cfe8    00000004     hello_p64P.o64P (.const:ti_sysbios_family_c64p_Cache_MAR160_191__C)
                  8001cfec    00000004     hello_p64P.o64P (.const:ti_sysbios_family_c64p_Cache_MAR192_223__C)
                  8001cff0    00000004     hello_p64P.o64P (.const:ti_sysbios_family_c64p_Cache_MAR224_255__C)
                  8001cff4    00000004     hello_p64P.o64P (.const:ti_sysbios_family_c64p_Cache_MAR32_63__C)
                  8001cff8    00000004     hello_p64P.o64P (.const:ti_sysbios_family_c64p_Cache_MAR64_95__C)
                  8001cffc    00000004     hello_p64P.o64P (.const:ti_sysbios_family_c64p_Cache_MAR96_127__C)
                  8001d000    00000004     hello_p64P.o64P (.const:ti_sysbios_family_c64p_Exception_E_exceptionMin__C)
                  8001d004    00000004     hello_p64P.o64P (.const:ti_sysbios_family_c64p_Exception_exceptionHook__C)
                  8001d008    00000004     hello_p64P.o64P (.const:ti_sysbios_family_c64p_Exception_externalHook__C)
                  8001d00c    00000004     hello_p64P.o64P (.const:ti_sysbios_family_c64p_Exception_internalHook__C)
                  8001d010    00000004     hello_p64P.o64P (.const:ti_sysbios_family_c64p_Exception_nmiHook__C)
                  8001d014    00000004     hello_p64P.o64P (.const:ti_sysbios_family_c64p_Hwi_LD_end__C)
                  8001d018    00000004     hello_p64P.o64P (.const:ti_sysbios_family_c64p_Hwi_LM_begin__C)
                  8001d01c    00000004     hello_p64P.o64P (.const:ti_sysbios_family_c64p_Hwi_Module__diagsEnabled__C)
                  8001d020    00000004     hello_p64P.o64P (.const:ti_sysbios_family_c64p_Hwi_Module__diagsIncluded__C)
                  8001d024    00000004     hello_p64P.o64P (.const:ti_sysbios_family_c64p_Hwi_Module__diagsMask__C)
                  8001d028    00000004     hello_p64P.o64P (.const:ti_sysbios_family_c64p_Hwi_Module__loggerFxn1__C)
                  8001d02c    00000004     hello_p64P.o64P (.const:ti_sysbios_family_c64p_Hwi_Module__loggerFxn8__C)
                  8001d030    00000004     hello_p64P.o64P (.const:ti_sysbios_family_c64p_Hwi_Module__loggerObj__C)
                  8001d034    00000004     hello_p64P.o64P (.const:ti_sysbios_gates_GateMutex_A_badContext__C)
                  8001d038    00000004     hello_p64P.o64P (.const:ti_sysbios_gates_GateMutex_Instance_State_sem__O)
                  8001d03c    00000004     hello_p64P.o64P (.const:ti_sysbios_gates_GateMutex_Module__diagsEnabled__C)
                  8001d040    00000004     hello_p64P.o64P (.const:ti_sysbios_gates_GateMutex_Module__diagsIncluded__C)
                  8001d044    00000004     hello_p64P.o64P (.const:ti_sysbios_gates_GateMutex_Module__diagsMask__C)
                  8001d048    00000004     hello_p64P.o64P (.const:ti_sysbios_hal_Hwi_E_stackOverflow__C)
                  8001d04c    00000004     hello_p64P.o64P (.const:ti_sysbios_heaps_HeapMem_A_align__C)
                  8001d050    00000004     hello_p64P.o64P (.const:ti_sysbios_heaps_HeapMem_A_heapSize__C)
                  8001d054    00000004     hello_p64P.o64P (.const:ti_sysbios_heaps_HeapMem_A_invalidFree__C)
                  8001d058    00000004     hello_p64P.o64P (.const:ti_sysbios_heaps_HeapMem_A_zeroBlock__C)
                  8001d05c    00000004     hello_p64P.o64P (.const:ti_sysbios_heaps_HeapMem_E_memory__C)
                  8001d060    00000004     hello_p64P.o64P (.const:ti_sysbios_heaps_HeapMem_Module__diagsEnabled__C)
                  8001d064    00000004     hello_p64P.o64P (.const:ti_sysbios_heaps_HeapMem_Module__diagsIncluded__C)
                  8001d068    00000004     hello_p64P.o64P (.const:ti_sysbios_heaps_HeapMem_Module__diagsMask__C)
                  8001d06c    00000004     hello_p64P.o64P (.const:ti_sysbios_heaps_HeapMem_Module__gateObj__C)
                  8001d070    00000004     hello_p64P.o64P (.const:ti_sysbios_heaps_HeapMem_Object__count__C)
                  8001d074    00000004     hello_p64P.o64P (.const:ti_sysbios_heaps_HeapMem_Object__table__C)
                  8001d078    00000004     hello_p64P.o64P (.const:ti_sysbios_heaps_HeapMem_reqAlign__C)
                  8001d07c    00000004     hello_p64P.o64P (.const:ti_sysbios_knl_Clock_LM_begin__C)
                  8001d080    00000004     hello_p64P.o64P (.const:ti_sysbios_knl_Clock_LM_tick__C)
                  8001d084    00000004     hello_p64P.o64P (.const:ti_sysbios_knl_Clock_LW_delayed__C)
                  8001d088    00000004     hello_p64P.o64P (.const:ti_sysbios_knl_Clock_Module_State_clockQ__O)
                  8001d08c    00000004     hello_p64P.o64P (.const:ti_sysbios_knl_Clock_Module__diagsEnabled__C)
                  8001d090    00000004     hello_p64P.o64P (.const:ti_sysbios_knl_Clock_Module__diagsIncluded__C)
                  8001d094    00000004     hello_p64P.o64P (.const:ti_sysbios_knl_Clock_Module__diagsMask__C)
                  8001d098    00000004     hello_p64P.o64P (.const:ti_sysbios_knl_Clock_Module__loggerFxn1__C)
                  8001d09c    00000004     hello_p64P.o64P (.const:ti_sysbios_knl_Clock_Module__loggerFxn2__C)
                  8001d0a0    00000004     hello_p64P.o64P (.const:ti_sysbios_knl_Clock_Module__loggerObj__C)
                  8001d0a4    00000004     hello_p64P.o64P (.const:ti_sysbios_knl_Queue_Object__count__C)
                  8001d0a8    00000004     hello_p64P.o64P (.const:ti_sysbios_knl_Idle_coreList__A)
                  8001d0ac    00000004     hello_p64P.o64P (.const:ti_sysbios_knl_Queue_Object__table__C)
                  8001d0b0    00000004     hello_p64P.o64P (.const:ti_sysbios_knl_Idle_funcList__A)
                  8001d0b4    00000004     hello_p64P.o64P (.const:ti_sysbios_knl_Semaphore_A_badContext__C)
                  8001d0b8    00000004     hello_p64P.o64P (.const:ti_sysbios_knl_Semaphore_A_noEvents__C)
                  8001d0bc    00000004     hello_p64P.o64P (.const:ti_sysbios_knl_Semaphore_A_overflow__C)
                  8001d0c0    00000004     hello_p64P.o64P (.const:ti_sysbios_knl_Semaphore_A_pendTaskDisabled__C)
                  8001d0c4    00000004     hello_p64P.o64P (.const:ti_sysbios_knl_Semaphore_Instance_State_pendQ__O)
                  8001d0c8    00000004     hello_p64P.o64P (.const:ti_sysbios_knl_Semaphore_LM_pend__C)
                  8001d0cc    00000004     hello_p64P.o64P (.const:ti_sysbios_knl_Semaphore_LM_post__C)
                  8001d0d0    00000004     hello_p64P.o64P (.const:ti_sysbios_knl_Semaphore_Module__diagsEnabled__C)
                  8001d0d4    00000004     hello_p64P.o64P (.const:ti_sysbios_knl_Semaphore_Module__diagsIncluded__C)
                  8001d0d8    00000004     hello_p64P.o64P (.const:ti_sysbios_knl_Semaphore_Module__diagsMask__C)
                  8001d0dc    00000004     hello_p64P.o64P (.const:ti_sysbios_knl_Semaphore_Module__loggerFxn2__C)
                  8001d0e0    00000004     hello_p64P.o64P (.const:ti_sysbios_knl_Semaphore_Module__loggerFxn4__C)
                  8001d0e4    00000004     hello_p64P.o64P (.const:ti_sysbios_knl_Semaphore_Module__loggerObj__C)
                  8001d0e8    00000004     hello_p64P.o64P (.const:ti_sysbios_knl_Swi_LD_end__C)
                  8001d0ec    00000004     hello_p64P.o64P (.const:ti_sysbios_knl_Swi_LM_begin__C)
                  8001d0f0    00000004     hello_p64P.o64P (.const:ti_sysbios_knl_Swi_LM_post__C)
                  8001d0f4    00000004     hello_p64P.o64P (.const:ti_sysbios_knl_Swi_Module__diagsEnabled__C)
                  8001d0f8    00000004     hello_p64P.o64P (.const:ti_sysbios_knl_Swi_Module__diagsIncluded__C)
                  8001d0fc    00000004     hello_p64P.o64P (.const:ti_sysbios_knl_Swi_Module__diagsMask__C)
                  8001d100    00000004     hello_p64P.o64P (.const:ti_sysbios_knl_Swi_Module__loggerFxn1__C)
                  8001d104    00000004     hello_p64P.o64P (.const:ti_sysbios_knl_Swi_Module__loggerFxn4__C)
                  8001d108    00000004     hello_p64P.o64P (.const:ti_sysbios_knl_Swi_Module__loggerObj__C)
                  8001d10c    00000004     hello_p64P.o64P (.const:ti_sysbios_knl_Swi_Object__count__C)
                  8001d110    00000004     hello_p64P.o64P (.const:ti_sysbios_knl_Swi_Object__table__C)
                  8001d114    00000004     hello_p64P.o64P (.const:ti_sysbios_knl_Task_E_spOutOfBounds__C)
                  8001d118    00000004     hello_p64P.o64P (.const:ti_sysbios_knl_Task_E_stackOverflow__C)
                  8001d11c    00000004     hello_p64P.o64P (.const:ti_sysbios_knl_Task_LD_block__C)
                  8001d120    00000004     hello_p64P.o64P (.const:ti_sysbios_knl_Task_LD_exit__C)
                  8001d124    00000004     hello_p64P.o64P (.const:ti_sysbios_knl_Task_LD_ready__C)
                  8001d128    00000004     hello_p64P.o64P (.const:ti_sysbios_knl_Task_LM_switch__C)
                  8001d12c    00000004     hello_p64P.o64P (.const:ti_sysbios_knl_Task_Module_State_inactiveQ__O)
                  8001d130    00000004     hello_p64P.o64P (.const:ti_sysbios_knl_Task_Module__diagsEnabled__C)
                  8001d134    00000004     hello_p64P.o64P (.const:ti_sysbios_knl_Task_Module__diagsIncluded__C)
                  8001d138    00000004     hello_p64P.o64P (.const:ti_sysbios_knl_Task_Module__diagsMask__C)
                  8001d13c    00000004     hello_p64P.o64P (.const:ti_sysbios_knl_Task_Module__loggerFxn2__C)
                  8001d140    00000004     hello_p64P.o64P (.const:ti_sysbios_knl_Task_Module__loggerFxn4__C)
                  8001d144    00000004     hello_p64P.o64P (.const:ti_sysbios_knl_Task_Module__loggerObj__C)
                  8001d148    00000004     hello_p64P.o64P (.const:ti_sysbios_knl_Task_Object__count__C)
                  8001d14c    00000004     hello_p64P.o64P (.const:ti_sysbios_knl_Task_Object__table__C)
                  8001d150    00000004     hello_p64P.o64P (.const:ti_sysbios_knl_Task_allBlockedFunc__C)
                  8001d154    00000004     hello_p64P.o64P (.const:ti_sysbios_knl_Task_numConstructedTasks__C)
                  8001d158    00000004     hello_p64P.o64P (.const:ti_sysbios_timers_timer64_Timer_A_notAvailable__C)
                  8001d15c    00000004     hello_p64P.o64P (.const:ti_sysbios_timers_timer64_Timer_E_cannotSupport__C)
                  8001d160    00000004     hello_p64P.o64P (.const:ti_sysbios_timers_timer64_Timer_Module__diagsEnabled__C)
                  8001d164    00000004     hello_p64P.o64P (.const:ti_sysbios_timers_timer64_Timer_Module__diagsIncluded__C)
                  8001d168    00000004     hello_p64P.o64P (.const:ti_sysbios_timers_timer64_Timer_Module__diagsMask__C)
                  8001d16c    00000004     hello_p64P.o64P (.const:ti_sysbios_timers_timer64_Timer_anyMask__C)
                  8001d170    00000004     hello_p64P.o64P (.const:ti_sysbios_timers_timer64_Timer_freqDivisor__C)
                  8001d174    00000004     hello_p64P.o64P (.const:ti_sysbios_timers_timer64_Timer_numLocalTimers__C)
                  8001d178    00000004     hello_p64P.o64P (.const:ti_sysbios_timers_timer64_Timer_numTimerDevices__C)
                  8001d17c    00000004     hello_p64P.o64P (.const:xdc_runtime_Assert_E_assertFailed__C)
                  8001d180    00000004     hello_p64P.o64P (.const:xdc_runtime_Core_A_initializedParams__C)
                  8001d184    00000004     hello_p64P.o64P (.const:xdc_runtime_Core_Module__diagsEnabled__C)
                  8001d188    00000004     hello_p64P.o64P (.const:xdc_runtime_Core_Module__diagsIncluded__C)
                  8001d18c    00000004     hello_p64P.o64P (.const:xdc_runtime_Core_Module__diagsMask__C)
                  8001d190    00000004     hello_p64P.o64P (.const:xdc_runtime_Error_E_memory__C)
                  8001d194    00000004     hello_p64P.o64P (.const:xdc_runtime_Error_Module__diagsEnabled__C)
                  8001d198    00000004     hello_p64P.o64P (.const:xdc_runtime_Error_Module__diagsIncluded__C)
                  8001d19c    00000004     hello_p64P.o64P (.const:xdc_runtime_Error_Module__diagsMask__C)
                  8001d1a0    00000004     hello_p64P.o64P (.const:xdc_runtime_Error_Module__loggerFxn8__C)
                  8001d1a4    00000004     hello_p64P.o64P (.const:xdc_runtime_Error_Module__loggerObj__C)
                  8001d1a8    00000004     hello_p64P.o64P (.const:xdc_runtime_Error_policy__C)
                  8001d1ac    00000004     hello_p64P.o64P (.const:xdc_runtime_Error_raiseHook__C)
                  8001d1b0    00000004     hello_p64P.o64P (.const:xdc_runtime_IFilterLogger_Interface__BASE__C)
                  8001d1b4    00000004     hello_p64P.o64P (.const:xdc_runtime_IGateProvider_Interface__BASE__C)
                  8001d1b8    00000004     hello_p64P.o64P (.const:xdc_runtime_IHeap_Interface__BASE__C)
                  8001d1bc    00000004     hello_p64P.o64P (.const:xdc_runtime_ILogger_Interface__BASE__C)
                  8001d1c0    00000004     hello_p64P.o64P (.const:xdc_runtime_IModule_Interface__BASE__C)
                  8001d1c4    00000004     hello_p64P.o64P (.const:xdc_runtime_Log_L_error__C)
                  8001d1c8    00000004     hello_p64P.o64P (.const:xdc_runtime_LoggerBuf_E_badLevel__C)
                  8001d1cc    00000004     hello_p64P.o64P (.const:xdc_runtime_LoggerBuf_Module__gateObj__C)
                  8001d1d0    00000004     hello_p64P.o64P (.const:xdc_runtime_LoggerBuf_Object__count__C)
                  8001d1d4    00000004     hello_p64P.o64P (.const:xdc_runtime_LoggerBuf_Object__table__C)
                  8001d1d8    00000004     hello_p64P.o64P (.const:xdc_runtime_LoggerBuf_statusLogger__C)
                  8001d1dc    00000004     hello_p64P.o64P (.const:xdc_runtime_Memory_defaultHeapInstance__C)
                  8001d1e0    00000004     hello_p64P.o64P (.const:xdc_runtime_Startup_execImpl__C)
                  8001d1e4    00000004     hello_p64P.o64P (.const:xdc_runtime_Startup_maxPasses__C)
                  8001d1e8    00000004     hello_p64P.o64P (.const:xdc_runtime_Startup_lastFxns__A)
                  8001d1ec    00000004     hello_p64P.o64P (.const:xdc_runtime_Startup_sfxnRts__C)
                  8001d1f0    00000004     hello_p64P.o64P (.const:xdc_runtime_Startup_sfxnTab__C)
                  8001d1f4    00000004     hello_p64P.o64P (.const:xdc_runtime_Startup_startModsFxn__C)
                  8001d1f8    00000004     hello_p64P.o64P (.const:xdc_runtime_SysMin_bufSize__C)
                  8001d1fc    00000004     hello_p64P.o64P (.const:xdc_runtime_SysMin_outputFunc__C)
                  8001d200    00000004     hello_p64P.o64P (.const:xdc_runtime_System_Module__gateObj__C)
                  8001d204    00000004     hello_p64P.o64P (.const:xdc_runtime_System_extendFxn__C)
                  8001d208    00000004     hello_p64P.o64P (.const:xdc_runtime_System_maxAtexitHandlers__C)
                  8001d20c    00000004     hello_p64P.o64P (.const:xdc_runtime_Text_charTab__C)
                  8001d210    00000004     hello_p64P.o64P (.const:xdc_runtime_Text_nameEmpty__C)
                  8001d214    00000004     hello_p64P.o64P (.const:xdc_runtime_Text_nameStatic__C)
                  8001d218    00000004     hello_p64P.o64P (.const:xdc_runtime_Text_nameUnknown__C)
                  8001d21c    00000004     hello_p64P.o64P (.const:xdc_runtime_Text_nodeTab__C)
                  8001d220    00000004     hello_p64P.o64P (.const:xdc_runtime_Text_visitRopeFxn__C)
                  8001d224    00000002     hello_p64P.o64P (.const:ti_sysbios_family_c64p_Hwi_Module__loggerDefined__C)
                  8001d226    00000002     hello_p64P.o64P (.const:ti_sysbios_gates_GateMutex_Module__id__C)
                  8001d228    00000002     hello_p64P.o64P (.const:ti_sysbios_hal_Hwi_Module__id__C)
                  8001d22a    00000002     hello_p64P.o64P (.const:ti_sysbios_heaps_HeapMem_Module__id__C)
                  8001d22c    00000002     hello_p64P.o64P (.const:ti_sysbios_knl_Clock_Module__id__C)
                  8001d22e    00000002     hello_p64P.o64P (.const:ti_sysbios_knl_Clock_Module__loggerDefined__C)
                  8001d230    00000002     hello_p64P.o64P (.const:ti_sysbios_knl_Semaphore_Module__id__C)
                  8001d232    00000002     hello_p64P.o64P (.const:ti_sysbios_knl_Semaphore_Module__loggerDefined__C)
                  8001d234    00000002     hello_p64P.o64P (.const:ti_sysbios_knl_Swi_Module__id__C)
                  8001d236    00000002     hello_p64P.o64P (.const:ti_sysbios_knl_Swi_Module__loggerDefined__C)
                  8001d238    00000002     hello_p64P.o64P (.const:ti_sysbios_knl_Task_Module__id__C)
                  8001d23a    00000002     hello_p64P.o64P (.const:ti_sysbios_knl_Task_Module__loggerDefined__C)
                  8001d23c    00000002     hello_p64P.o64P (.const:ti_sysbios_knl_Task_initStackFlag__C)
                  8001d23e    00000002     hello_p64P.o64P (.const:ti_sysbios_timers_timer64_Timer_Module__id__C)
                  8001d240    00000002     hello_p64P.o64P (.const:ti_sysbios_timers_timer64_Timer_startupNeeded__C)
                  8001d242    00000002     hello_p64P.o64P (.const:xdc_runtime_Core_Module__id__C)
                  8001d244    00000002     hello_p64P.o64P (.const:xdc_runtime_Error_Module__loggerDefined__C)
                  8001d246    00000002     hello_p64P.o64P (.const:xdc_runtime_Error_maxDepth__C)
                  8001d248    00000002     hello_p64P.o64P (.const:xdc_runtime_LoggerBuf_Module__id__C)
                  8001d24a    00000002     hello_p64P.o64P (.const:xdc_runtime_LoggerBuf_filterByLevel__C)
                  8001d24c    00000002     hello_p64P.o64P (.const:xdc_runtime_Memory_Module__id__C)
                  8001d24e    00000002     hello_p64P.o64P (.const:xdc_runtime_SysMin_flushAtExit__C)
                  8001d250    00000002     hello_p64P.o64P (.const:xdc_runtime_Text_charCnt__C)
                  8001d252    00000002     hello_p64P.o64P (.const:xdc_runtime_Text_isLoaded__C)
                  8001d254    00000002     hello_p64P.o64P (.const:xdc_runtime_Text_registryModsLastId__C)
                  8001d256    00000002     hello_p64P.o64P (.const:xdc_runtime_Text_unnamedModsLastId__C)

.stack     0    8001d258    00001000     UNINITIALIZED
                  8001d258    00000008     boot.a64P : boot.o64P (.stack)
                  8001d260    00000ff8     --HOLE--

.cinit     0    8001e258    00000814     
                  8001e258    0000069c     hello_p64P.o64P (.cinit)
                  8001e8f4    00000004     --HOLE-- [fill = 0]
                  8001e8f8    0000005c     rts64plus.lib : defs.obj (.cinit)
                  8001e954    00000004     --HOLE-- [fill = 0]
                  8001e958    0000005c                   : lowlev.obj (.cinit)
                  8001e9b4    00000004     --HOLE-- [fill = 0]
                  8001e9b8    0000002c                   : exit.obj (.cinit)
                  8001e9e4    00000004     --HOLE-- [fill = 0]
                  8001e9e8    0000001c                   : _lock.obj (.cinit)
                  8001ea04    00000004     --HOLE-- [fill = 0]
                  8001ea08    0000001c                   : atexit.obj (.cinit)
                  8001ea24    00000004     --HOLE-- [fill = 0]
                  8001ea28    0000000c                   : errno.obj (.cinit)
                  8001ea34    00000004     --HOLE-- [fill = 0]
                  8001ea38    0000000c                   : fopen.obj (.cinit)
                  8001ea44    00000004     --HOLE-- [fill = 0]
                  8001ea48    0000000c                   : sinit.obj (.cinit)
                  8001ea54    00000004     --HOLE-- [fill = 0]
                  8001ea58    0000000c                   : strtok.obj (.cinit)
                  8001ea64    00000004     --HOLE-- [fill = 0]
                  8001ea68    00000004     (.pad.cinit) [fill = 0]

.cio       0    8001ea70    00000120     UNINITIALIZED
                  8001ea70    00000120     rts64plus.lib : trgmsg.obj (.cio)

.switch    0    8001eb90    00000028     
                  8001eb90    00000028     rts64plus.lib : _scanfi.obj (.switch:__sset_arg)

.bss       0    8001ebb8    00000018     UNINITIALIZED
                  8001ebb8    00000018     Ejemplo_comienzo.obj (.bss)

.vecs      0    8001ec00    00000200     
                  8001ec00    00000200     hello_p64P.o64P (.vecs)


GLOBAL SYMBOLS: SORTED ALPHABETICALLY BY Name 

address    name
--------   ----
8001ebb8   $bss
8001ebb8   .bss
ffffffff   .data
ffffffff   .text
800164e0   C$$EXIT
80015518   C$$IO$$
80012aa0   _HOSTclose
800108a0   _HOSTlseek
800112a0   _HOSTopen
80011d20   _HOSTread
8000ea40   _HOSTrename
80011de0   _HOSTunlink
80011ea0   _HOSTwrite
80019ce0   _TSK_idle
8001ea70   __CIOBUF_
8001e258   __STACK_END
00001000   __STACK_SIZE
00000001   __TI_args_main
80000000   ___ASM__
80000080   ___ISA__
80000098   ___PLAT__
800000c0   ___TARG__
8001ad1c   ___TI_enable_exit_profile_output
ffffffff   ___TI_pprof_out_hndl
ffffffff   ___TI_prof_data_size
ffffffff   ___TI_prof_data_start
800000e0   ___TRDR__
80015880   ___add_dtor
8001aa70   ___atexit_func_id__
ffffffff   ___binit__
8001ebb8   ___bss__
ffffffff   ___c_args__
8001e258   ___cinit__
ffffffff   ___data__
ffffffff   ___edata__
8001ebd0   ___end__
ffffffff   ___etext__
800158c0   ___isinf
ffffffff   ___pinit__
ffffffff   ___text__
800163c0   ___xdc__init
80019f44   ___xdc__init__addr
8000ca00   __addd
800092e0   __addf
80015940   __args_main
800109a0   __auto_init
8000fe80   __buff_read
80011460   __c6xabi_divi
80012020   __c6xabi_divu
80012fa0   __c6xabi_remu
80012b40   __cleanup
8001ad14   __cleanup_ptr
8000ffa0   __closefile
80011380   __cmpd
8001c7c0   __ctypes_
80012be0   __cvtdf
80014b60   __cvtfd
80004660   __divd
80011460   __divi
80012c80   __divli
80012020   __divu
8000dee0   __divul
8000ab00   __divull
800120e0   __doflush
8001ad18   __dtors_ptr
80013d60   __fixdi
80012e60   __fixdli
80013de0   __fltlid
8000cc00   __frcaddd
80010aa0   __frcmpyd
80015980   __frcmpyd_div
80014bc0   __frcmpyf
8001aa68   __ft_end
8001a748   __ftable
80013e60   __llshl
800159c0   __llshru
8001ad20   __lock
8000ad60   __mpyd
8000ce00   __mpyf
80015a00   __negd
80016400   __negll
80016420   __nop
80006c40   __printfi
800121a0   __rd_ok
80016480   __register_lock
800164a0   __register_unlock
80015a40   __remli
80012fa0   __remu
80015a80   __remul
80014c20   __remull
80013ee0   __renormd
80000980   __scanfi
8001d258   __stack
80014c80   __subcull
80015ac0   __subd
8001a928   __tmpnams
8001ad24   __unlock
80010ba0   __wrt_ok
800164e0   _abort
80000168   _apply_coeffs
00000000   _argsize
80012260   _atexit
80016500   _atof
80011540   _atoi
80000484   _body
80013040   _c_int00
80010ca0   _call_dtors
80011620   _close
8001ad34   _dtors
800003d0   _epiloge
8001aa6c   _errno
80012320   _exit
80014ce0   _fclose
8000f480   _fgetc
80014d40   _fopen
8000bd40   _fputc
80007cc0   _fputs
80014da0   _free
80011700   _fscanf
80010540   _fseek
8000f480   _getc
80013180   _lseek
800123e0   _ltoa
80000680   _main
80013220   _malloc
80014e00   _memccpy
800132c0   _memcpy
800117e0   _memset
8000ed40   _open
800118c0   _printf
800002f0   _prologe
8000bd40   _putc
80013360   _read
80000000   _read_csv
80013f60   _readmsg
80016520   _remove
8000d200   _setvbuf
800001cc   _stob
80014e60   _strcspn
80013400   _strspn
80004ba0   _strtod
800124a0   _strtok
80005f20   _strtol
800050c0   _strtold
80006380   _strtoll
800074c0   _strtoul
800078c0   _strtoull
8001ca84   _ti_sysbios_BIOS_Module__diagsEnabled__C
8001ccc4   _ti_sysbios_BIOS_Module__diagsIncluded__C
8001ceec   _ti_sysbios_BIOS_Module__diagsMask__C
8001c8c2   _ti_sysbios_BIOS_Module__id__C
80019a48   _ti_sysbios_BIOS_Module__state__V
80016540   _ti_sysbios_BIOS_RtsGateProxy_enter__E
80016560   _ti_sysbios_BIOS_RtsGateProxy_leave__E
80012560   _ti_sysbios_BIOS_errorRaiseHook__I
80013fe0   _ti_sysbios_BIOS_exitFunc__I
8001cf54   _ti_sysbios_BIOS_installedErrorHook__C
80016580   _ti_sysbios_BIOS_nullFunc__I
80014f20   _ti_sysbios_BIOS_registerRTSLock__I
80015b00   _ti_sysbios_BIOS_rtsLock__I
8000f320   _ti_sysbios_BIOS_rtsUnlock__I
800165a0   _ti_sysbios_BIOS_setThreadType__E
80015b40   _ti_sysbios_BIOS_startFunc__I
800165c0   _ti_sysbios_family_c62_TaskSupport_Module__startupDone__S
80015b80   _ti_sysbios_family_c62_TaskSupport_buildTaskStack
800165e0   _ti_sysbios_family_c62_TaskSupport_checkStack__E
80016600   _ti_sysbios_family_c62_TaskSupport_glue
80014060   _ti_sysbios_family_c62_TaskSupport_start__E
800140e0   _ti_sysbios_family_c62_TaskSupport_swap__E
8001cfe0   _ti_sysbios_family_c64p_Cache_MAR0_31__C
8001cfe4   _ti_sysbios_family_c64p_Cache_MAR128_159__C
8001cfe8   _ti_sysbios_family_c64p_Cache_MAR160_191__C
8001cfec   _ti_sysbios_family_c64p_Cache_MAR192_223__C
8001cff0   _ti_sysbios_family_c64p_Cache_MAR224_255__C
8001cff4   _ti_sysbios_family_c64p_Cache_MAR32_63__C
8001cff8   _ti_sysbios_family_c64p_Cache_MAR64_95__C
8001cffc   _ti_sysbios_family_c64p_Cache_MAR96_127__C
80019a68   _ti_sysbios_family_c64p_Cache_Module__state__V
80016620   _ti_sysbios_family_c64p_Cache_Module_startup__E
8000a380   _ti_sysbios_family_c64p_Cache_Module_startup__F
8001cf84   _ti_sysbios_family_c64p_Cache_initSize__C
80014f80   _ti_sysbios_family_c64p_Cache_setMar__E
8001d000   _ti_sysbios_family_c64p_Exception_E_exceptionMin__C
8001cf0a   _ti_sysbios_family_c64p_Exception_Module__id__C
80019a6c   _ti_sysbios_family_c64p_Exception_Module__state__V
80016640   _ti_sysbios_family_c64p_Exception_Module_startup__E
800134a0   _ti_sysbios_family_c64p_Exception_Module_startup__F
8000f040   _ti_sysbios_family_c64p_Exception_dispatch__E
8001d004   _ti_sysbios_family_c64p_Exception_exceptionHook__C
8001d008   _ti_sysbios_family_c64p_Exception_externalHook__C
80001b60   _ti_sysbios_family_c64p_Exception_handler__I
8000b460   _ti_sysbios_family_c64p_Exception_internalHandler__I
8001d00c   _ti_sysbios_family_c64p_Exception_internalHook__C
8001d010   _ti_sysbios_family_c64p_Exception_nmiHook__C
8001cf82   _ti_sysbios_family_c64p_Exception_useInternalBuffer__C
8001ec00   _ti_sysbios_family_c64p_Hwi0
8001d014   _ti_sysbios_family_c64p_Hwi_LD_end__C
8001d018   _ti_sysbios_family_c64p_Hwi_LM_begin__C
8001d01c   _ti_sysbios_family_c64p_Hwi_Module__diagsEnabled__C
8001d020   _ti_sysbios_family_c64p_Hwi_Module__diagsIncluded__C
8001d024   _ti_sysbios_family_c64p_Hwi_Module__diagsMask__C
8001cfde   _ti_sysbios_family_c64p_Hwi_Module__id__C
8001d224   _ti_sysbios_family_c64p_Hwi_Module__loggerDefined__C
8001d028   _ti_sysbios_family_c64p_Hwi_Module__loggerFxn1__C
8001d02c   _ti_sysbios_family_c64p_Hwi_Module__loggerFxn8__C
8001d030   _ti_sysbios_family_c64p_Hwi_Module__loggerObj__C
80019a9c   _ti_sysbios_family_c64p_Hwi_Module__root__V
80015bc0   _ti_sysbios_family_c64p_Hwi_Module__startupDone__F
80016660   _ti_sysbios_family_c64p_Hwi_Module__startupDone__S
80019ac0   _ti_sysbios_family_c64p_Hwi_Module__state__V
80016680   _ti_sysbios_family_c64p_Hwi_Module_startup__E
8000f700   _ti_sysbios_family_c64p_Hwi_Module_startup__F
80019aa8   _ti_sysbios_family_c64p_Hwi_Object__table__V
800166a0   _ti_sysbios_family_c64p_Hwi_clearInterrupt__E
80015c00   _ti_sysbios_family_c64p_Hwi_disableInterrupt__E
8000d400   _ti_sysbios_family_c64p_Hwi_dispatchAlways
80008fe0   _ti_sysbios_family_c64p_Hwi_dispatchC__I
80015c40   _ti_sysbios_family_c64p_Hwi_enableInterrupt__E
80013540   _ti_sysbios_family_c64p_Hwi_getStackInfo__E
8001ec00   _ti_sysbios_family_c64p_Hwi_int0
8001ec20   _ti_sysbios_family_c64p_Hwi_int1
8001ed40   _ti_sysbios_family_c64p_Hwi_int10
8001ed60   _ti_sysbios_family_c64p_Hwi_int11
8001ed80   _ti_sysbios_family_c64p_Hwi_int12
8001eda0   _ti_sysbios_family_c64p_Hwi_int13
8001edc0   _ti_sysbios_family_c64p_Hwi_int14
8001ede0   _ti_sysbios_family_c64p_Hwi_int15
8001ec40   _ti_sysbios_family_c64p_Hwi_int2
8001ec60   _ti_sysbios_family_c64p_Hwi_int3
8001ec80   _ti_sysbios_family_c64p_Hwi_int4
8001eca0   _ti_sysbios_family_c64p_Hwi_int5
8001ecc0   _ti_sysbios_family_c64p_Hwi_int6
8001ece0   _ti_sysbios_family_c64p_Hwi_int7
8001ed00   _ti_sysbios_family_c64p_Hwi_int8
8001ed20   _ti_sysbios_family_c64p_Hwi_int9
800166c0   _ti_sysbios_family_c64p_Hwi_startup__E
800166e0   _ti_sysbios_family_c64p_Hwi_switchFromBootStack__E
80016700   _ti_sysbios_family_c64p_TimestampProvider_Module_startup__E
80016720   _ti_sysbios_family_c64p_TimestampProvider_Module_startup__F
80016740   _ti_sysbios_family_c64p_TimestampProvider_get64__E
80015c80   _ti_sysbios_family_c64p_tci6482_TimerSupport_enable__E
80015cc0   _ti_sysbios_family_xxx_Hwi_switchToIsrStack
80016760   _ti_sysbios_family_xxx_Hwi_switchToTaskStack
80014fe0   _ti_sysbios_gates_GateHwi_Handle__label__S
80016780   _ti_sysbios_gates_GateHwi_Instance_init__F
8001cd78   _ti_sysbios_gates_GateHwi_Module__FXNS__C
80019b28   _ti_sysbios_gates_GateHwi_Module__root__V
8001ce2c   _ti_sysbios_gates_GateHwi_Object__DESC__C
8001cf0c   _ti_sysbios_gates_GateHwi_Object__PARAMS__C
80014160   _ti_sysbios_gates_GateHwi_Object__create__S
80015040   _ti_sysbios_gates_GateHwi_Object__delete__S
80019b30   _ti_sysbios_gates_GateHwi_Object__table__V
800167a0   _ti_sysbios_gates_GateHwi_enter__E
800167c0   _ti_sysbios_gates_GateHwi_leave__E
800167e0   _ti_sysbios_gates_GateHwi_query__E
80016800   _ti_sysbios_gates_GateHwi_query__F
8001d034   _ti_sysbios_gates_GateMutex_A_badContext__C
800150a0   _ti_sysbios_gates_GateMutex_Handle__label__S
8001d038   _ti_sysbios_gates_GateMutex_Instance_State_sem__O
80016820   _ti_sysbios_gates_GateMutex_Instance_finalize__F
80015100   _ti_sysbios_gates_GateMutex_Instance_init__F
8001cd9c   _ti_sysbios_gates_GateMutex_Module__FXNS__C
8001d03c   _ti_sysbios_gates_GateMutex_Module__diagsEnabled__C
8001d040   _ti_sysbios_gates_GateMutex_Module__diagsIncluded__C
8001d044   _ti_sysbios_gates_GateMutex_Module__diagsMask__C
8001d226   _ti_sysbios_gates_GateMutex_Module__id__C
80019b34   _ti_sysbios_gates_GateMutex_Module__root__V
8001ce4c   _ti_sysbios_gates_GateMutex_Object__DESC__C
8001cf24   _ti_sysbios_gates_GateMutex_Object__PARAMS__C
800141e0   _ti_sysbios_gates_GateMutex_Object__create__S
80015160   _ti_sysbios_gates_GateMutex_Object__delete__S
80019b40   _ti_sysbios_gates_GateMutex_Object__table__V
8000e220   _ti_sysbios_gates_GateMutex_enter__E
80015d00   _ti_sysbios_gates_GateMutex_leave__E
80016840   _ti_sysbios_gates_GateMutex_query__E
80016860   _ti_sysbios_gates_GateMutex_query__F
8001d048   _ti_sysbios_hal_Hwi_E_stackOverflow__C
80016880   _ti_sysbios_hal_Hwi_HwiProxy_Module__startupDone__S
800168a0   _ti_sysbios_hal_Hwi_HwiProxy_clearInterrupt__E
800168c0   _ti_sysbios_hal_Hwi_HwiProxy_disableInterrupt__E
800168e0   _ti_sysbios_hal_Hwi_HwiProxy_enableInterrupt__E
80016900   _ti_sysbios_hal_Hwi_HwiProxy_getStackInfo__E
80016920   _ti_sysbios_hal_Hwi_HwiProxy_startup__E
80016940   _ti_sysbios_hal_Hwi_HwiProxy_switchFromBootStack__E
[...]
80016680   _ti_sysbios_family_c64p_Hwi_Module_startup__E
800166a0   _ti_sysbios_family_c64p_Hwi_clearInterrupt__E
800166c0   _ti_sysbios_family_c64p_Hwi_startup__E
800166e0   _ti_sysbios_family_c64p_Hwi_switchFromBootStack__E
80016700   _ti_sysbios_family_c64p_TimestampProvider_Module_startup__E
80016720   _ti_sysbios_family_c64p_TimestampProvider_Module_startup__F
80016740   _ti_sysbios_family_c64p_TimestampProvider_get64__E
80016760   _ti_sysbios_family_xxx_Hwi_switchToTaskStack
80016780   _ti_sysbios_gates_GateHwi_Instance_init__F
800167a0   _ti_sysbios_gates_GateHwi_enter__E
800167c0   _ti_sysbios_gates_GateHwi_leave__E
800167e0   _ti_sysbios_gates_GateHwi_query__E
80016800   _ti_sysbios_gates_GateHwi_query__F
80016820   _ti_sysbios_gates_GateMutex_Instance_finalize__F
80016840   _ti_sysbios_gates_GateMutex_query__E
80016860   _ti_sysbios_gates_GateMutex_query__F
80016880   _ti_sysbios_hal_Hwi_HwiProxy_Module__startupDone__S
800168a0   _ti_sysbios_hal_Hwi_HwiProxy_clearInterrupt__E
800168c0   _ti_sysbios_hal_Hwi_HwiProxy_disableInterrupt__E
800168e0   _ti_sysbios_hal_Hwi_HwiProxy_enableInterrupt__E
80016900   _ti_sysbios_hal_Hwi_HwiProxy_getStackInfo__E
80016920   _ti_sysbios_hal_Hwi_HwiProxy_startup__E
80016940   _ti_sysbios_hal_Hwi_HwiProxy_switchFromBootStack__E
80016960   _ti_sysbios_hal_Hwi_Module_startup__E
80016980   _ti_sysbios_hal_Hwi_Module_startup__F
800169a0   _ti_sysbios_hal_Hwi_startup__E
800169c0   _ti_sysbios_hal_Timer_Module__startupDone__S
800169e0   _ti_sysbios_hal_Timer_Module_startup__E
80016a00   _ti_sysbios_hal_Timer_Module_startup__F
80016a20   _ti_sysbios_hal_Timer_TimerProxy_Module__startupDone__S
80016a40   _ti_sysbios_hal_Timer_TimerProxy_getPeriod__E
80016a60   _ti_sysbios_hal_Timer_TimerProxy_startup__E
80016a80   _ti_sysbios_hal_Timer_startup__E
80016aa0   _ti_sysbios_heaps_HeapMem_Module_GateProxy_enter__E
80016ac0   _ti_sysbios_heaps_HeapMem_Module_GateProxy_leave__E
80016ae0   _ti_sysbios_heaps_HeapMem_Module_GateProxy_query__E
80016b00   _ti_sysbios_heaps_HeapMem_isBlocking__E
80016b40   _ti_sysbios_knl_Clock_Module_startup__E
80016b60   _ti_sysbios_knl_Idle_loop__E
80016b80   _ti_sysbios_knl_Queue_Instance_init__F
80016ba0   _ti_sysbios_knl_Queue_empty__E
80016bc0   _ti_sysbios_knl_Semaphore_Instance_finalize__F
80016be0   _ti_sysbios_knl_Swi_Module_startup__E
80016c00   _ti_sysbios_knl_Swi_disable__E
80016c20   _ti_sysbios_knl_Task_Module_startup__E
80016c40   _ti_sysbios_knl_Task_SupportProxy_Module__startupDone__S
80016c60   _ti_sysbios_knl_Task_SupportProxy_checkStack__E
80016c80   _ti_sysbios_knl_Task_SupportProxy_swap__E
80016ca0   _ti_sysbios_knl_Task_disable__E
80016cc0   _ti_sysbios_knl_Task_startup__E
80016ce0   _ti_sysbios_timers_timer64_Timer_Module__startupDone__S
80016d00   _ti_sysbios_timers_timer64_Timer_Module_startup__E
80016d20   _ti_sysbios_timers_timer64_Timer_TimerSupportProxy_enable__E
80016d60   _xdc_runtime_Error_check__E
80016d80   _xdc_runtime_Error_init__E
80016da0   _xdc_runtime_Error_print__E
80016dc0   _xdc_runtime_Gate_enterSystem__F
80016de0   _xdc_runtime_Gate_leaveSystem__F
80016e00   _xdc_runtime_LoggerBuf_Module_GateProxy_enter__E
80016e20   _xdc_runtime_LoggerBuf_Module_GateProxy_leave__E
80016e40   _xdc_runtime_LoggerBuf_Module_startup__E
80016e60   _xdc_runtime_LoggerBuf_TimestampProxy_get64__E
80016e80   _xdc_runtime_LoggerBuf_disable__E
80016ea0   _xdc_runtime_LoggerBuf_disable__F
80016ec0   _xdc_runtime_LoggerBuf_enable__E
80016ee0   _xdc_runtime_LoggerBuf_enable__F
80016f00   _xdc_runtime_LoggerBuf_getFilterLevel__E
80016f20   _xdc_runtime_LoggerBuf_write1__F
80016f40   _xdc_runtime_LoggerBuf_write2__F
80016f60   _xdc_runtime_Memory_HeapProxy_free__E
80016f80   _xdc_runtime_Memory_free__E
80016fa0   _xdc_runtime_Startup_reset__I
80016fc0   _xdc_runtime_SysMin_Module_startup__E
80016fe0   _xdc_runtime_SysMin_abort__E
80017000   _xdc_runtime_SysMin_exit__E
80017020   _xdc_runtime_SysMin_putch__E
80017040   _xdc_runtime_SysMin_ready__E
80017060   _xdc_runtime_SysMin_ready__F
80017080   _xdc_runtime_System_Module_GateProxy_enter__E
800170a0   _xdc_runtime_System_Module_GateProxy_leave__E
800170c0   _xdc_runtime_System_Module_startup__E
800170e0   _xdc_runtime_System_Module_startup__F
80017100   _xdc_runtime_System_SupportProxy_abort__E
80017120   _xdc_runtime_System_SupportProxy_exit__E
80017140   _xdc_runtime_System_SupportProxy_putch__E
80017160   _xdc_runtime_System_SupportProxy_ready__E
80017180   _xdc_runtime_System_atexit__E
800171a0   _xdc_runtime_System_exit__F
800171c0   _xdc_runtime_System_lastFxn__I
800171e0   _xdc_runtime_System_snprintf_va__F
800171e0   _xdc_runtime_System_vsnprintf__F
80017200   _xdc_runtime_Text_putLab__E
80017220   _xdc_runtime_Text_putSite__E
80017240   _ti_sysbios_heaps_HeapMem_Instance_State_0_buf__A
80019240   _ti_sysbios_knl_Task_Instance_State_0_hookEnv__A
80019248   _xdc_runtime_LoggerBuf_Instance_State_0_entryArr__A
80019648   _xdc_runtime_SysMin_Module_State_0_outbuf__A
80019a48   _ti_sysbios_BIOS_Module__state__V
80019a68   _ti_sysbios_family_c64p_Cache_Module__state__V
80019a6c   _ti_sysbios_family_c64p_Exception_Module__state__V
80019a9c   _ti_sysbios_family_c64p_Hwi_Module__root__V
80019aa8   _ti_sysbios_family_c64p_Hwi_Object__table__V
80019ac0   _ti_sysbios_family_c64p_Hwi_Module__state__V
80019b28   _ti_sysbios_gates_GateHwi_Module__root__V
80019b30   _ti_sysbios_gates_GateHwi_Object__table__V
80019b34   _ti_sysbios_gates_GateMutex_Module__root__V
80019b40   _ti_sysbios_gates_GateMutex_Object__table__V
80019b80   _ti_sysbios_hal_Hwi_Module__root__V
80019b88   _ti_sysbios_hal_Hwi_Object__table__V
80019b90   _ti_sysbios_hal_Timer_Module__root__V
80019b98   _ti_sysbios_hal_Timer_Object__table__V
80019ba0   _ti_sysbios_heaps_HeapMem_Module__root__V
80019ba8   _ti_sysbios_heaps_HeapMem_Object__table__V
80019bc0   _ti_sysbios_knl_Clock_Module__root__V
80019bc8   _ti_sysbios_knl_Clock_Module__state__V
80019bf0   _ti_sysbios_knl_Queue_Module__root__V
80019bf8   _ti_sysbios_knl_Semaphore_Module__root__V
80019c00   _ti_sysbios_knl_Swi_Module__root__V
80019c08   _ti_sysbios_knl_Swi_Object__table__V
80019c38   _ti_sysbios_knl_Swi_Module_State_0_readyQ__A
80019cb8   _ti_sysbios_knl_Swi_Module__state__V
80019cd4   _ti_sysbios_knl_Task_Module__root__V
80019ce0   _TSK_idle
80019ce0   _ti_sysbios_knl_Task_Object__table__V
80019d30   _ti_sysbios_knl_Task_Module_State_0_readyQ__A
80019db0   _ti_sysbios_knl_Task_Module_State_0_idleTask__A
80019db4   _ti_sysbios_knl_Task_Module__state__V
80019df8   _ti_sysbios_timers_timer64_Timer_Module__root__V
80019e00   _ti_sysbios_timers_timer64_Timer_Object__table__V
80019e50   _ti_sysbios_timers_timer64_Timer_Module_State_0_intFreqs__A
80019e60   _ti_sysbios_timers_timer64_Timer_Module_State_0_gctrl__A
80019e70   _ti_sysbios_timers_timer64_Timer_Module_State_0_device__A
80019ea0   _ti_sysbios_timers_timer64_Timer_Module_State_0_handles__A
80019eb0   _ti_sysbios_timers_timer64_Timer_Module__state__V
80019ec4   _xdc_runtime_Error_Module__state__V
80019ec8   _xdc_runtime_LoggerBuf_Module__root__V
80019ed0   _xdc_runtime_LoggerBuf_Object__table__V
80019ef4   _xdc_runtime_LoggerBuf_Module__state__V
80019efc   _xdc_runtime_Memory_Module__state__V
80019f00   _xdc_runtime_Registry_Module__state__V
80019f08   _xdc_runtime_Startup_Module__state__V
80019f10   _xdc_runtime_SysMin_Module__state__V
80019f20   _xdc_runtime_System_Module_State_0_atexitHandlers__A
80019f30   _xdc_runtime_System_Module__state__V
80019f3c   _xdc_runtime_Text_Module__state__V
80019f44   ___xdc__init__addr
80019f48   _ti_sysbios_knl_Task_Instance_State_0_stack__A
8001a748   __ftable
8001a928   __tmpnams
8001aa68   __ft_end
8001aa6c   _errno
8001aa70   ___atexit_func_id__
8001ad14   __cleanup_ptr
8001ad18   __dtors_ptr
8001ad1c   ___TI_enable_exit_profile_output
8001ad20   __lock
8001ad24   __unlock
8001ad34   _dtors
8001ad40   _xdc_runtime_Text_charTab__A
8001c7c0   __ctypes_
8001c8c2   _ti_sysbios_BIOS_Module__id__C
8001c8c8   _xdc_runtime_Text_nodeTab__A
8001ca84   _ti_sysbios_BIOS_Module__diagsEnabled__C
8001cc88   _xdc_runtime_LoggerBuf_Module__FXNS__C
8001ccc4   _ti_sysbios_BIOS_Module__diagsIncluded__C
8001ccc8   _xdc_runtime_Startup_sfxnTab__A
8001cd28   _ti_sysbios_heaps_HeapMem_Module__FXNS__C
8001cd50   _xdc_runtime_LoggerBuf_Object__PARAMS__C
8001cd78   _ti_sysbios_gates_GateHwi_Module__FXNS__C
8001cd9c   _ti_sysbios_gates_GateMutex_Module__FXNS__C
8001cdc0   _ti_sysbios_heaps_HeapMem_Object__PARAMS__C
8001cde4   _ti_sysbios_knl_Semaphore_Object__PARAMS__C
8001ce2c   _ti_sysbios_gates_GateHwi_Object__DESC__C
8001ce4c   _ti_sysbios_gates_GateMutex_Object__DESC__C
8001ce6c   _ti_sysbios_heaps_HeapMem_Object__DESC__C
8001ce8c   _ti_sysbios_knl_Queue_Object__DESC__C
8001ceac   _ti_sysbios_knl_Semaphore_Object__DESC__C
8001cecc   _xdc_runtime_LoggerBuf_Object__DESC__C
8001ceec   _ti_sysbios_BIOS_Module__diagsMask__C
8001cef0   _xdc_runtime_Startup_sfxnRts__A
8001cf0a   _ti_sysbios_family_c64p_Exception_Module__id__C
8001cf0c   _ti_sysbios_gates_GateHwi_Object__PARAMS__C
8001cf24   _ti_sysbios_gates_GateMutex_Object__PARAMS__C
8001cf3c   _ti_sysbios_knl_Queue_Object__PARAMS__C
8001cf54   _ti_sysbios_BIOS_installedErrorHook__C
8001cf58   _ti_sysbios_knl_Task_hooks__A
8001cf82   _ti_sysbios_family_c64p_Exception_useInternalBuffer__C
8001cf84   _ti_sysbios_family_c64p_Cache_initSize__C
8001cfa0   _ti_sysbios_knl_Idle_coreList__C
8001cfa8   _ti_sysbios_knl_Idle_funcList__C
8001cfb0   _ti_sysbios_knl_Task_hooks__C
8001cfb8   _xdc_runtime_Startup_firstFxns__A
8001cfc0   _xdc_runtime_Startup_firstFxns__C
8001cfc8   _xdc_runtime_Startup_lastFxns__C
8001cfde   _ti_sysbios_family_c64p_Hwi_Module__id__C
8001cfe0   _ti_sysbios_family_c64p_Cache_MAR0_31__C
8001cfe4   _ti_sysbios_family_c64p_Cache_MAR128_159__C
8001cfe8   _ti_sysbios_family_c64p_Cache_MAR160_191__C
8001cfec   _ti_sysbios_family_c64p_Cache_MAR192_223__C
8001cff0   _ti_sysbios_family_c64p_Cache_MAR224_255__C
8001cff4   _ti_sysbios_family_c64p_Cache_MAR32_63__C
8001cff8   _ti_sysbios_family_c64p_Cache_MAR64_95__C
8001cffc   _ti_sysbios_family_c64p_Cache_MAR96_127__C
8001d000   _ti_sysbios_family_c64p_Exception_E_exceptionMin__C
8001d004   _ti_sysbios_family_c64p_Exception_exceptionHook__C
8001d008   _ti_sysbios_family_c64p_Exception_externalHook__C
8001d00c   _ti_sysbios_family_c64p_Exception_internalHook__C
8001d010   _ti_sysbios_family_c64p_Exception_nmiHook__C
8001d014   _ti_sysbios_family_c64p_Hwi_LD_end__C
8001d018   _ti_sysbios_family_c64p_Hwi_LM_begin__C
8001d01c   _ti_sysbios_family_c64p_Hwi_Module__diagsEnabled__C
8001d020   _ti_sysbios_family_c64p_Hwi_Module__diagsIncluded__C
8001d024   _ti_sysbios_family_c64p_Hwi_Module__diagsMask__C
8001d028   _ti_sysbios_family_c64p_Hwi_Module__loggerFxn1__C
8001d02c   _ti_sysbios_family_c64p_Hwi_Module__loggerFxn8__C
8001d030   _ti_sysbios_family_c64p_Hwi_Module__loggerObj__C
8001d034   _ti_sysbios_gates_GateMutex_A_badContext__C
8001d038   _ti_sysbios_gates_GateMutex_Instance_State_sem__O
8001d03c   _ti_sysbios_gates_GateMutex_Module__diagsEnabled__C
8001d040   _ti_sysbios_gates_GateMutex_Module__diagsIncluded__C
8001d044   _ti_sysbios_gates_GateMutex_Module__diagsMask__C
8001d048   _ti_sysbios_hal_Hwi_E_stackOverflow__C
8001d04c   _ti_sysbios_heaps_HeapMem_A_align__C
8001d050   _ti_sysbios_heaps_HeapMem_A_heapSize__C
8001d054   _ti_sysbios_heaps_HeapMem_A_invalidFree__C
8001d058   _ti_sysbios_heaps_HeapMem_A_zeroBlock__C
8001d05c   _ti_sysbios_heaps_HeapMem_E_memory__C
8001d060   _ti_sysbios_heaps_HeapMem_Module__diagsEnabled__C
8001d064   _ti_sysbios_heaps_HeapMem_Module__diagsIncluded__C
8001d068   _ti_sysbios_heaps_HeapMem_Module__diagsMask__C
8001d06c   _ti_sysbios_heaps_HeapMem_Module__gateObj__C
8001d070   _ti_sysbios_heaps_HeapMem_Object__count__C
8001d074   _ti_sysbios_heaps_HeapMem_Object__table__C
8001d078   _ti_sysbios_heaps_HeapMem_reqAlign__C
8001d07c   _ti_sysbios_knl_Clock_LM_begin__C
8001d080   _ti_sysbios_knl_Clock_LM_tick__C
8001d084   _ti_sysbios_knl_Clock_LW_delayed__C
8001d088   _ti_sysbios_knl_Clock_Module_State_clockQ__O
8001d08c   _ti_sysbios_knl_Clock_Module__diagsEnabled__C
8001d090   _ti_sysbios_knl_Clock_Module__diagsIncluded__C
8001d094   _ti_sysbios_knl_Clock_Module__diagsMask__C
8001d098   _ti_sysbios_knl_Clock_Module__loggerFxn1__C
8001d09c   _ti_sysbios_knl_Clock_Module__loggerFxn2__C
8001d0a0   _ti_sysbios_knl_Clock_Module__loggerObj__C
8001d0a4   _ti_sysbios_knl_Queue_Object__count__C
8001d0a8   _ti_sysbios_knl_Idle_coreList__A
8001d0ac   _ti_sysbios_knl_Queue_Object__table__C
8001d0b0   _ti_sysbios_knl_Idle_funcList__A
8001d0b4   _ti_sysbios_knl_Semaphore_A_badContext__C
8001d0b8   _ti_sysbios_knl_Semaphore_A_noEvents__C
8001d0bc   _ti_sysbios_knl_Semaphore_A_overflow__C
8001d0c0   _ti_sysbios_knl_Semaphore_A_pendTaskDisabled__C
8001d0c4   _ti_sysbios_knl_Semaphore_Instance_State_pendQ__O
8001d0c8   _ti_sysbios_knl_Semaphore_LM_pend__C
8001d0cc   _ti_sysbios_knl_Semaphore_LM_post__C
8001d0d0   _ti_sysbios_knl_Semaphore_Module__diagsEnabled__C
8001d0d4   _ti_sysbios_knl_Semaphore_Module__diagsIncluded__C
8001d0d8   _ti_sysbios_knl_Semaphore_Module__diagsMask__C
8001d0dc   _ti_sysbios_knl_Semaphore_Module__loggerFxn2__C
8001d0e0   _ti_sysbios_knl_Semaphore_Module__loggerFxn4__C
8001d0e4   _ti_sysbios_knl_Semaphore_Module__loggerObj__C
8001d0e8   _ti_sysbios_knl_Swi_LD_end__C
8001d0ec   _ti_sysbios_knl_Swi_LM_begin__C
8001d0f0   _ti_sysbios_knl_Swi_LM_post__C
8001d0f4   _ti_sysbios_knl_Swi_Module__diagsEnabled__C
8001d0f8   _ti_sysbios_knl_Swi_Module__diagsIncluded__C
8001d0fc   _ti_sysbios_knl_Swi_Module__diagsMask__C
8001d100   _ti_sysbios_knl_Swi_Module__loggerFxn1__C
8001d104   _ti_sysbios_knl_Swi_Module__loggerFxn4__C
8001d108   _ti_sysbios_knl_Swi_Module__loggerObj__C
8001d10c   _ti_sysbios_knl_Swi_Object__count__C
8001d110   _ti_sysbios_knl_Swi_Object__table__C
8001d114   _ti_sysbios_knl_Task_E_spOutOfBounds__C
8001d118   _ti_sysbios_knl_Task_E_stackOverflow__C
8001d11c   _ti_sysbios_knl_Task_LD_block__C
8001d120   _ti_sysbios_knl_Task_LD_exit__C
8001d124   _ti_sysbios_knl_Task_LD_ready__C
8001d128   _ti_sysbios_knl_Task_LM_switch__C
8001d12c   _ti_sysbios_knl_Task_Module_State_inactiveQ__O
8001d130   _ti_sysbios_knl_Task_Module__diagsEnabled__C
8001d134   _ti_sysbios_knl_Task_Module__diagsIncluded__C
8001d138   _ti_sysbios_knl_Task_Module__diagsMask__C
8001d13c   _ti_sysbios_knl_Task_Module__loggerFxn2__C
8001d140   _ti_sysbios_knl_Task_Module__loggerFxn4__C
8001d144   _ti_sysbios_knl_Task_Module__loggerObj__C
8001d148   _ti_sysbios_knl_Task_Object__count__C
8001d14c   _ti_sysbios_knl_Task_Object__table__C
8001d150   _ti_sysbios_knl_Task_allBlockedFunc__C
8001d154   _ti_sysbios_knl_Task_numConstructedTasks__C
8001d158   _ti_sysbios_timers_timer64_Timer_A_notAvailable__C
8001d15c   _ti_sysbios_timers_timer64_Timer_E_cannotSupport__C
8001d160   _ti_sysbios_timers_timer64_Timer_Module__diagsEnabled__C
8001d164   _ti_sysbios_timers_timer64_Timer_Module__diagsIncluded__C
8001d168   _ti_sysbios_timers_timer64_Timer_Module__diagsMask__C
8001d16c   _ti_sysbios_timers_timer64_Timer_anyMask__C
8001d170   _ti_sysbios_timers_timer64_Timer_freqDivisor__C
8001d174   _ti_sysbios_timers_timer64_Timer_numLocalTimers__C
8001d178   _ti_sysbios_timers_timer64_Timer_numTimerDevices__C
8001d17c   _xdc_runtime_Assert_E_assertFailed__C
8001d180   _xdc_runtime_Core_A_initializedParams__C
8001d184   _xdc_runtime_Core_Module__diagsEnabled__C
8001d188   _xdc_runtime_Core_Module__diagsIncluded__C
8001d18c   _xdc_runtime_Core_Module__diagsMask__C
8001d190   _xdc_runtime_Error_E_memory__C
8001d194   _xdc_runtime_Error_Module__diagsEnabled__C
8001d198   _xdc_runtime_Error_Module__diagsIncluded__C
8001d19c   _xdc_runtime_Error_Module__diagsMask__C
8001d1a0   _xdc_runtime_Error_Module__loggerFxn8__C
8001d1a4   _xdc_runtime_Error_Module__loggerObj__C
8001d1a8   _xdc_runtime_Error_policy__C
8001d1ac   _xdc_runtime_Error_raiseHook__C
8001d1b0   _xdc_runtime_IFilterLogger_Interface__BASE__C
8001d1b4   _xdc_runtime_IGateProvider_Interface__BASE__C
8001d1b8   _xdc_runtime_IHeap_Interface__BASE__C
8001d1bc   _xdc_runtime_ILogger_Interface__BASE__C
8001d1c0   _xdc_runtime_IModule_Interface__BASE__C
8001d1c4   _xdc_runtime_Log_L_error__C
8001d1c8   _xdc_runtime_LoggerBuf_E_badLevel__C
8001d1cc   _xdc_runtime_LoggerBuf_Module__gateObj__C
8001d1d0   _xdc_runtime_LoggerBuf_Object__count__C
8001d1d4   _xdc_runtime_LoggerBuf_Object__table__C
8001d1d8   _xdc_runtime_LoggerBuf_statusLogger__C
8001d1dc   _xdc_runtime_Memory_defaultHeapInstance__C
8001d1e0   _xdc_runtime_Startup_execImpl__C
8001d1e4   _xdc_runtime_Startup_maxPasses__C
8001d1e8   _xdc_runtime_Startup_lastFxns__A
8001d1ec   _xdc_runtime_Startup_sfxnRts__C
8001d1f0   _xdc_runtime_Startup_sfxnTab__C
8001d1f4   _xdc_runtime_Startup_startModsFxn__C
8001d1f8   _xdc_runtime_SysMin_bufSize__C
8001d1fc   _xdc_runtime_SysMin_outputFunc__C
8001d200   _xdc_runtime_System_Module__gateObj__C
8001d204   _xdc_runtime_System_extendFxn__C
8001d208   _xdc_runtime_System_maxAtexitHandlers__C
8001d20c   _xdc_runtime_Text_charTab__C
8001d210   _xdc_runtime_Text_nameEmpty__C
8001d214   _xdc_runtime_Text_nameStatic__C
8001d218   _xdc_runtime_Text_nameUnknown__C
8001d21c   _xdc_runtime_Text_nodeTab__C
8001d220   _xdc_runtime_Text_visitRopeFxn__C
8001d224   _ti_sysbios_family_c64p_Hwi_Module__loggerDefined__C
8001d226   _ti_sysbios_gates_GateMutex_Module__id__C
8001d228   _ti_sysbios_hal_Hwi_Module__id__C
8001d22a   _ti_sysbios_heaps_HeapMem_Module__id__C
8001d22c   _ti_sysbios_knl_Clock_Module__id__C
8001d22e   _ti_sysbios_knl_Clock_Module__loggerDefined__C
8001d230   _ti_sysbios_knl_Semaphore_Module__id__C
8001d232   _ti_sysbios_knl_Semaphore_Module__loggerDefined__C
8001d234   _ti_sysbios_knl_Swi_Module__id__C
8001d236   _ti_sysbios_knl_Swi_Module__loggerDefined__C
8001d238   _ti_sysbios_knl_Task_Module__id__C
8001d23a   _ti_sysbios_knl_Task_Module__loggerDefined__C
8001d23c   _ti_sysbios_knl_Task_initStackFlag__C
8001d23e   _ti_sysbios_timers_timer64_Timer_Module__id__C
8001d240   _ti_sysbios_timers_timer64_Timer_startupNeeded__C
8001d242   _xdc_runtime_Core_Module__id__C
8001d244   _xdc_runtime_Error_Module__loggerDefined__C
8001d246   _xdc_runtime_Error_maxDepth__C
8001d248   _xdc_runtime_LoggerBuf_Module__id__C
8001d24a   _xdc_runtime_LoggerBuf_filterByLevel__C
8001d24c   _xdc_runtime_Memory_Module__id__C
8001d24e   _xdc_runtime_SysMin_flushAtExit__C
8001d250   _xdc_runtime_Text_charCnt__C
8001d252   _xdc_runtime_Text_isLoaded__C
8001d254   _xdc_runtime_Text_registryModsLastId__C
8001d256   _xdc_runtime_Text_unnamedModsLastId__C
8001d258   __stack
8001e258   __STACK_END
8001e258   ___cinit__
8001e258   cinit
8001ea70   __CIOBUF_
8001ebb8   $bss
8001ebb8   .bss
8001ebb8   ___bss__
8001ebd0   ___end__
8001ebd0   end
8001ec00   _ti_sysbios_family_c64p_Hwi0
8001ec00   _ti_sysbios_family_c64p_Hwi_int0
8001ec20   _ti_sysbios_family_c64p_Hwi_int1
8001ec40   _ti_sysbios_family_c64p_Hwi_int2
8001ec60   _ti_sysbios_family_c64p_Hwi_int3
8001ec80   _ti_sysbios_family_c64p_Hwi_int4
8001eca0   _ti_sysbios_family_c64p_Hwi_int5
8001ecc0   _ti_sysbios_family_c64p_Hwi_int6
8001ece0   _ti_sysbios_family_c64p_Hwi_int7
8001ed00   _ti_sysbios_family_c64p_Hwi_int8
8001ed20   _ti_sysbios_family_c64p_Hwi_int9
8001ed40   _ti_sysbios_family_c64p_Hwi_int10
8001ed60   _ti_sysbios_family_c64p_Hwi_int11
8001ed80   _ti_sysbios_family_c64p_Hwi_int12
8001eda0   _ti_sysbios_family_c64p_Hwi_int13
8001edc0   _ti_sysbios_family_c64p_Hwi_int14
8001ede0   _ti_sysbios_family_c64p_Hwi_int15
ffffffff   .data
ffffffff   .text
ffffffff   ___TI_pprof_out_hndl
ffffffff   ___TI_prof_data_size
ffffffff   ___TI_prof_data_start
ffffffff   ___binit__
ffffffff   ___c_args__
ffffffff   ___data__
ffffffff   ___edata__
ffffffff   ___etext__
ffffffff   ___pinit__
ffffffff   ___text__
ffffffff   binit
ffffffff   edata
ffffffff   etext
ffffffff   pinit

[691 symbols]
