<?xml version="1.0"?>
<link_info>
   <banner>TMS320C6x Linker Unix v7.4.4</banner>
   <copyright>Copyright (c) 1996-2013 Texas Instruments Incorporated</copyright>
   <link_time>0x60e82950</link_time>
   <output_file>basico_main.out</output_file>
   <entry_point>
      <name>_c_int00</name>
      <address>0x80013040</address>
   </entry_point>
   <input_file_list>
      <input_file id="fl-3">
         <path>/home/david/Documents/ULL/4/Arquitecturas/proyecto_base/Proyecto_base/Debug/configPkg/package/cfg/</path>
         <kind>object</kind>
         <file>hello_p64P.o64P</file>
         <name>hello_p64P.o64P</name>
      </input_file>
      <input_file id="fl-7">
         <path>./</path>
         <kind>object</kind>
         <file>Ejemplo_comienzo.obj</file>
         <name>Ejemplo_comienzo.obj</name>
      </input_file>
      <input_file id="fl-a">
         <path>/home/david/Documents/ULL/4/Arquitecturas/proyecto_base/Proyecto_base/src/sysbios/</path>
         <kind>archive</kind>
         <file>sysbios.a64P</file>
         <name>BIOS.obj</name>
      </input_file>
      <input_file id="fl-b">
         <path>/home/david/Documents/ULL/4/Arquitecturas/proyecto_base/Proyecto_base/src/sysbios/</path>
         <kind>archive</kind>
         <file>sysbios.a64P</file>
         <name>c64p_Hwi_disp_always.obj</name>
      </input_file>
      <input_file id="fl-c">
         <path>/home/david/Documents/ULL/4/Arquitecturas/proyecto_base/Proyecto_base/src/sysbios/</path>
         <kind>archive</kind>
         <file>sysbios.a64P</file>
         <name>c64p_Hwi_asm.obj</name>
      </input_file>
      <input_file id="fl-d">
         <path>/home/david/Documents/ULL/4/Arquitecturas/proyecto_base/Proyecto_base/src/sysbios/</path>
         <kind>archive</kind>
         <file>sysbios.a64P</file>
         <name>c64p_Hwi_asm_switch.obj</name>
      </input_file>
      <input_file id="fl-e">
         <path>/home/david/Documents/ULL/4/Arquitecturas/proyecto_base/Proyecto_base/src/sysbios/</path>
         <kind>archive</kind>
         <file>sysbios.a64P</file>
         <name>c64p_Exception_asm.obj</name>
      </input_file>
      <input_file id="fl-f">
         <path>/home/david/Documents/ULL/4/Arquitecturas/proyecto_base/Proyecto_base/src/sysbios/</path>
         <kind>archive</kind>
         <file>sysbios.a64P</file>
         <name>c62_TaskSupport_asm.obj</name>
      </input_file>
      <input_file id="fl-10">
         <path>/home/david/Documents/ULL/4/Arquitecturas/proyecto_base/Proyecto_base/src/sysbios/</path>
         <kind>archive</kind>
         <file>sysbios.a64P</file>
         <name>timer64_Timer_asm.obj</name>
      </input_file>
      <input_file id="fl-11">
         <path>/opt/ti/xdctools_3_25_03_72/packages/ti/targets/rts6000/lib/</path>
         <kind>archive</kind>
         <file>ti.targets.rts6000.a64P</file>
         <name>Assert.o64P</name>
      </input_file>
      <input_file id="fl-12">
         <path>/opt/ti/xdctools_3_25_03_72/packages/ti/targets/rts6000/lib/</path>
         <kind>archive</kind>
         <file>ti.targets.rts6000.a64P</file>
         <name>Core-mem.o64P</name>
      </input_file>
      <input_file id="fl-13">
         <path>/opt/ti/xdctools_3_25_03_72/packages/ti/targets/rts6000/lib/</path>
         <kind>archive</kind>
         <file>ti.targets.rts6000.a64P</file>
         <name>Core-label.o64P</name>
      </input_file>
      <input_file id="fl-14">
         <path>/opt/ti/xdctools_3_25_03_72/packages/ti/targets/rts6000/lib/</path>
         <kind>archive</kind>
         <file>ti.targets.rts6000.a64P</file>
         <name>Core-params.o64P</name>
      </input_file>
      <input_file id="fl-15">
         <path>/opt/ti/xdctools_3_25_03_72/packages/ti/targets/rts6000/lib/</path>
         <kind>archive</kind>
         <file>ti.targets.rts6000.a64P</file>
         <name>Diags.o64P</name>
      </input_file>
      <input_file id="fl-16">
         <path>/opt/ti/xdctools_3_25_03_72/packages/ti/targets/rts6000/lib/</path>
         <kind>archive</kind>
         <file>ti.targets.rts6000.a64P</file>
         <name>Error.o64P</name>
      </input_file>
      <input_file id="fl-17">
         <path>/opt/ti/xdctools_3_25_03_72/packages/ti/targets/rts6000/lib/</path>
         <kind>archive</kind>
         <file>ti.targets.rts6000.a64P</file>
         <name>Gate.o64P</name>
      </input_file>
      <input_file id="fl-18">
         <path>/opt/ti/xdctools_3_25_03_72/packages/ti/targets/rts6000/lib/</path>
         <kind>archive</kind>
         <file>ti.targets.rts6000.a64P</file>
         <name>Log.o64P</name>
      </input_file>
      <input_file id="fl-19">
         <path>/opt/ti/xdctools_3_25_03_72/packages/ti/targets/rts6000/lib/</path>
         <kind>archive</kind>
         <file>ti.targets.rts6000.a64P</file>
         <name>LoggerBuf.o64P</name>
      </input_file>
      <input_file id="fl-1a">
         <path>/opt/ti/xdctools_3_25_03_72/packages/ti/targets/rts6000/lib/</path>
         <kind>archive</kind>
         <file>ti.targets.rts6000.a64P</file>
         <name>Memory.o64P</name>
      </input_file>
      <input_file id="fl-1b">
         <path>/opt/ti/xdctools_3_25_03_72/packages/ti/targets/rts6000/lib/</path>
         <kind>archive</kind>
         <file>ti.targets.rts6000.a64P</file>
         <name>Registry.o64P</name>
      </input_file>
      <input_file id="fl-1c">
         <path>/opt/ti/xdctools_3_25_03_72/packages/ti/targets/rts6000/lib/</path>
         <kind>archive</kind>
         <file>ti.targets.rts6000.a64P</file>
         <name>Startup.o64P</name>
      </input_file>
      <input_file id="fl-1d">
         <path>/opt/ti/xdctools_3_25_03_72/packages/ti/targets/rts6000/lib/</path>
         <kind>archive</kind>
         <file>ti.targets.rts6000.a64P</file>
         <name>System.o64P</name>
      </input_file>
      <input_file id="fl-1e">
         <path>/opt/ti/xdctools_3_25_03_72/packages/ti/targets/rts6000/lib/</path>
         <kind>archive</kind>
         <file>ti.targets.rts6000.a64P</file>
         <name>SysMin.o64P</name>
      </input_file>
      <input_file id="fl-1f">
         <path>/opt/ti/xdctools_3_25_03_72/packages/ti/targets/rts6000/lib/</path>
         <kind>archive</kind>
         <file>ti.targets.rts6000.a64P</file>
         <name>Text.o64P</name>
      </input_file>
      <input_file id="fl-20">
         <path>/opt/ti/xdctools_3_25_03_72/packages/ti/targets/rts6000/lib/</path>
         <kind>archive</kind>
         <file>ti.targets.rts6000.a64P</file>
         <name>xdc_noinit.o64P</name>
      </input_file>
      <input_file id="fl-21">
         <path>/opt/ti/xdctools_3_25_03_72/packages/ti/targets/rts6000/lib/</path>
         <kind>archive</kind>
         <file>boot.a64P</file>
         <name>boot.o64P</name>
      </input_file>
      <input_file id="fl-22">
         <path>/opt/ti/xdctools_3_25_03_72/packages/ti/targets/rts6000/lib/</path>
         <kind>archive</kind>
         <file>boot.a64P</file>
         <name>autoinit.o64P</name>
      </input_file>
      <input_file id="fl-9a">
         <path>/opt/ti/ccsv5/tools/compiler/c6000_7.4.4/lib/</path>
         <kind>archive</kind>
         <file>rts64plus.lib</file>
         <name>_lock.obj</name>
      </input_file>
      <input_file id="fl-9b">
         <path>/opt/ti/ccsv5/tools/compiler/c6000_7.4.4/lib/</path>
         <kind>archive</kind>
         <file>rts64plus.lib</file>
         <name>addf.obj</name>
      </input_file>
      <input_file id="fl-9c">
         <path>/opt/ti/ccsv5/tools/compiler/c6000_7.4.4/lib/</path>
         <kind>archive</kind>
         <file>rts64plus.lib</file>
         <name>args_main.obj</name>
      </input_file>
      <input_file id="fl-9d">
         <path>/opt/ti/ccsv5/tools/compiler/c6000_7.4.4/lib/</path>
         <kind>archive</kind>
         <file>rts64plus.lib</file>
         <name>atexit.obj</name>
      </input_file>
      <input_file id="fl-9e">
         <path>/opt/ti/ccsv5/tools/compiler/c6000_7.4.4/lib/</path>
         <kind>archive</kind>
         <file>rts64plus.lib</file>
         <name>atof.obj</name>
      </input_file>
      <input_file id="fl-9f">
         <path>/opt/ti/ccsv5/tools/compiler/c6000_7.4.4/lib/</path>
         <kind>archive</kind>
         <file>rts64plus.lib</file>
         <name>cvtdf.obj</name>
      </input_file>
      <input_file id="fl-a0">
         <path>/opt/ti/ccsv5/tools/compiler/c6000_7.4.4/lib/</path>
         <kind>archive</kind>
         <file>rts64plus.lib</file>
         <name>cvtfd.obj</name>
      </input_file>
      <input_file id="fl-a1">
         <path>/opt/ti/ccsv5/tools/compiler/c6000_7.4.4/lib/</path>
         <kind>archive</kind>
         <file>rts64plus.lib</file>
         <name>divi.obj</name>
      </input_file>
      <input_file id="fl-a2">
         <path>/opt/ti/ccsv5/tools/compiler/c6000_7.4.4/lib/</path>
         <kind>archive</kind>
         <file>rts64plus.lib</file>
         <name>divu.obj</name>
      </input_file>
      <input_file id="fl-a3">
         <path>/opt/ti/ccsv5/tools/compiler/c6000_7.4.4/lib/</path>
         <kind>archive</kind>
         <file>rts64plus.lib</file>
         <name>exit.obj</name>
      </input_file>
      <input_file id="fl-a4">
         <path>/opt/ti/ccsv5/tools/compiler/c6000_7.4.4/lib/</path>
         <kind>archive</kind>
         <file>rts64plus.lib</file>
         <name>fclose.obj</name>
      </input_file>
      <input_file id="fl-a5">
         <path>/opt/ti/ccsv5/tools/compiler/c6000_7.4.4/lib/</path>
         <kind>archive</kind>
         <file>rts64plus.lib</file>
         <name>fflush.obj</name>
      </input_file>
      <input_file id="fl-a6">
         <path>/opt/ti/ccsv5/tools/compiler/c6000_7.4.4/lib/</path>
         <kind>archive</kind>
         <file>rts64plus.lib</file>
         <name>fopen.obj</name>
      </input_file>
      <input_file id="fl-a7">
         <path>/opt/ti/ccsv5/tools/compiler/c6000_7.4.4/lib/</path>
         <kind>archive</kind>
         <file>rts64plus.lib</file>
         <name>fscanf.obj</name>
      </input_file>
      <input_file id="fl-a8">
         <path>/opt/ti/ccsv5/tools/compiler/c6000_7.4.4/lib/</path>
         <kind>archive</kind>
         <file>rts64plus.lib</file>
         <name>imath64.obj</name>
      </input_file>
      <input_file id="fl-a9">
         <path>/opt/ti/ccsv5/tools/compiler/c6000_7.4.4/lib/</path>
         <kind>archive</kind>
         <file>rts64plus.lib</file>
         <name>llshift.obj</name>
      </input_file>
      <input_file id="fl-aa">
         <path>/opt/ti/ccsv5/tools/compiler/c6000_7.4.4/lib/</path>
         <kind>archive</kind>
         <file>rts64plus.lib</file>
         <name>lowlev.obj</name>
      </input_file>
      <input_file id="fl-ab">
         <path>/opt/ti/ccsv5/tools/compiler/c6000_7.4.4/lib/</path>
         <kind>archive</kind>
         <file>rts64plus.lib</file>
         <name>memcpy64.obj</name>
      </input_file>
      <input_file id="fl-ac">
         <path>/opt/ti/ccsv5/tools/compiler/c6000_7.4.4/lib/</path>
         <kind>archive</kind>
         <file>rts64plus.lib</file>
         <name>memset.obj</name>
      </input_file>
      <input_file id="fl-ad">
         <path>/opt/ti/ccsv5/tools/compiler/c6000_7.4.4/lib/</path>
         <kind>archive</kind>
         <file>rts64plus.lib</file>
         <name>mpyf.obj</name>
      </input_file>
      <input_file id="fl-ae">
         <path>/opt/ti/ccsv5/tools/compiler/c6000_7.4.4/lib/</path>
         <kind>archive</kind>
         <file>rts64plus.lib</file>
         <name>negll.obj</name>
      </input_file>
      <input_file id="fl-af">
         <path>/opt/ti/ccsv5/tools/compiler/c6000_7.4.4/lib/</path>
         <kind>archive</kind>
         <file>rts64plus.lib</file>
         <name>printf.obj</name>
      </input_file>
      <input_file id="fl-b0">
         <path>/opt/ti/ccsv5/tools/compiler/c6000_7.4.4/lib/</path>
         <kind>archive</kind>
         <file>rts64plus.lib</file>
         <name>remove.obj</name>
      </input_file>
      <input_file id="fl-b1">
         <path>/opt/ti/ccsv5/tools/compiler/c6000_7.4.4/lib/</path>
         <kind>archive</kind>
         <file>rts64plus.lib</file>
         <name>remu.obj</name>
      </input_file>
      <input_file id="fl-b2">
         <path>/opt/ti/ccsv5/tools/compiler/c6000_7.4.4/lib/</path>
         <kind>archive</kind>
         <file>rts64plus.lib</file>
         <name>sinit.obj</name>
      </input_file>
      <input_file id="fl-b3">
         <path>/opt/ti/ccsv5/tools/compiler/c6000_7.4.4/lib/</path>
         <kind>archive</kind>
         <file>rts64plus.lib</file>
         <name>strpbrk.obj</name>
      </input_file>
      <input_file id="fl-b4">
         <path>/opt/ti/ccsv5/tools/compiler/c6000_7.4.4/lib/</path>
         <kind>archive</kind>
         <file>rts64plus.lib</file>
         <name>strtod.obj</name>
      </input_file>
      <input_file id="fl-b5">
         <path>/opt/ti/ccsv5/tools/compiler/c6000_7.4.4/lib/</path>
         <kind>archive</kind>
         <file>rts64plus.lib</file>
         <name>strtok.obj</name>
      </input_file>
      <input_file id="fl-b6">
         <path>/opt/ti/ccsv5/tools/compiler/c6000_7.4.4/lib/</path>
         <kind>archive</kind>
         <file>rts64plus.lib</file>
         <name>trgdrv.obj</name>
      </input_file>
      <input_file id="fl-b7">
         <path>/opt/ti/ccsv5/tools/compiler/c6000_7.4.4/lib/</path>
         <kind>archive</kind>
         <file>rts64plus.lib</file>
         <name>trgmsg.obj</name>
      </input_file>
      <input_file id="fl-b8">
         <path>/opt/ti/ccsv5/tools/compiler/c6000_7.4.4/lib/</path>
         <kind>archive</kind>
         <file>rts64plus.lib</file>
         <name>ungetc.obj</name>
      </input_file>
      <input_file id="fl-b9">
         <path>/opt/ti/ccsv5/tools/compiler/c6000_7.4.4/lib/</path>
         <kind>archive</kind>
         <file>rts64plus.lib</file>
         <name>_printfi.obj</name>
      </input_file>
      <input_file id="fl-ba">
         <path>/opt/ti/ccsv5/tools/compiler/c6000_7.4.4/lib/</path>
         <kind>archive</kind>
         <file>rts64plus.lib</file>
         <name>_scanfi.obj</name>
      </input_file>
      <input_file id="fl-bb">
         <path>/opt/ti/ccsv5/tools/compiler/c6000_7.4.4/lib/</path>
         <kind>archive</kind>
         <file>rts64plus.lib</file>
         <name>abs.obj</name>
      </input_file>
      <input_file id="fl-bc">
         <path>/opt/ti/ccsv5/tools/compiler/c6000_7.4.4/lib/</path>
         <kind>archive</kind>
         <file>rts64plus.lib</file>
         <name>addd.obj</name>
      </input_file>
      <input_file id="fl-bd">
         <path>/opt/ti/ccsv5/tools/compiler/c6000_7.4.4/lib/</path>
         <kind>archive</kind>
         <file>rts64plus.lib</file>
         <name>atoi.obj</name>
      </input_file>
      <input_file id="fl-be">
         <path>/opt/ti/ccsv5/tools/compiler/c6000_7.4.4/lib/</path>
         <kind>archive</kind>
         <file>rts64plus.lib</file>
         <name>cmpd.obj</name>
      </input_file>
      <input_file id="fl-bf">
         <path>/opt/ti/ccsv5/tools/compiler/c6000_7.4.4/lib/</path>
         <kind>archive</kind>
         <file>rts64plus.lib</file>
         <name>ctype.obj</name>
      </input_file>
      <input_file id="fl-c0">
         <path>/opt/ti/ccsv5/tools/compiler/c6000_7.4.4/lib/</path>
         <kind>archive</kind>
         <file>rts64plus.lib</file>
         <name>defs.obj</name>
      </input_file>
      <input_file id="fl-c1">
         <path>/opt/ti/ccsv5/tools/compiler/c6000_7.4.4/lib/</path>
         <kind>archive</kind>
         <file>rts64plus.lib</file>
         <name>divd.obj</name>
      </input_file>
      <input_file id="fl-c2">
         <path>/opt/ti/ccsv5/tools/compiler/c6000_7.4.4/lib/</path>
         <kind>archive</kind>
         <file>rts64plus.lib</file>
         <name>errno.obj</name>
      </input_file>
      <input_file id="fl-c3">
         <path>/opt/ti/ccsv5/tools/compiler/c6000_7.4.4/lib/</path>
         <kind>archive</kind>
         <file>rts64plus.lib</file>
         <name>fgetc.obj</name>
      </input_file>
      <input_file id="fl-c4">
         <path>/opt/ti/ccsv5/tools/compiler/c6000_7.4.4/lib/</path>
         <kind>archive</kind>
         <file>rts64plus.lib</file>
         <name>fixdi.obj</name>
      </input_file>
      <input_file id="fl-c5">
         <path>/opt/ti/ccsv5/tools/compiler/c6000_7.4.4/lib/</path>
         <kind>archive</kind>
         <file>rts64plus.lib</file>
         <name>fixdli.obj</name>
      </input_file>
      <input_file id="fl-c6">
         <path>/opt/ti/ccsv5/tools/compiler/c6000_7.4.4/lib/</path>
         <kind>archive</kind>
         <file>rts64plus.lib</file>
         <name>fltlid.obj</name>
      </input_file>
      <input_file id="fl-c7">
         <path>/opt/ti/ccsv5/tools/compiler/c6000_7.4.4/lib/</path>
         <kind>archive</kind>
         <file>rts64plus.lib</file>
         <name>fputc.obj</name>
      </input_file>
      <input_file id="fl-c8">
         <path>/opt/ti/ccsv5/tools/compiler/c6000_7.4.4/lib/</path>
         <kind>archive</kind>
         <file>rts64plus.lib</file>
         <name>fputs.obj</name>
      </input_file>
      <input_file id="fl-c9">
         <path>/opt/ti/ccsv5/tools/compiler/c6000_7.4.4/lib/</path>
         <kind>archive</kind>
         <file>rts64plus.lib</file>
         <name>frcaddd.obj</name>
      </input_file>
      <input_file id="fl-ca">
         <path>/opt/ti/ccsv5/tools/compiler/c6000_7.4.4/lib/</path>
         <kind>archive</kind>
         <file>rts64plus.lib</file>
         <name>frcmpyd_div.obj</name>
      </input_file>
      <input_file id="fl-cb">
         <path>/opt/ti/ccsv5/tools/compiler/c6000_7.4.4/lib/</path>
         <kind>archive</kind>
         <file>rts64plus.lib</file>
         <name>frcmpyf.obj</name>
      </input_file>
      <input_file id="fl-cc">
         <path>/opt/ti/ccsv5/tools/compiler/c6000_7.4.4/lib/</path>
         <kind>archive</kind>
         <file>rts64plus.lib</file>
         <name>imath40.obj</name>
      </input_file>
      <input_file id="fl-cd">
         <path>/opt/ti/ccsv5/tools/compiler/c6000_7.4.4/lib/</path>
         <kind>archive</kind>
         <file>rts64plus.lib</file>
         <name>isinf.obj</name>
      </input_file>
      <input_file id="fl-ce">
         <path>/opt/ti/ccsv5/tools/compiler/c6000_7.4.4/lib/</path>
         <kind>archive</kind>
         <file>rts64plus.lib</file>
         <name>ltoa.obj</name>
      </input_file>
      <input_file id="fl-cf">
         <path>/opt/ti/ccsv5/tools/compiler/c6000_7.4.4/lib/</path>
         <kind>archive</kind>
         <file>rts64plus.lib</file>
         <name>memccpy.obj</name>
      </input_file>
      <input_file id="fl-d0">
         <path>/opt/ti/ccsv5/tools/compiler/c6000_7.4.4/lib/</path>
         <kind>archive</kind>
         <file>rts64plus.lib</file>
         <name>mpyd.obj</name>
      </input_file>
      <input_file id="fl-d1">
         <path>/opt/ti/ccsv5/tools/compiler/c6000_7.4.4/lib/</path>
         <kind>archive</kind>
         <file>rts64plus.lib</file>
         <name>negd.obj</name>
      </input_file>
      <input_file id="fl-d2">
         <path>/opt/ti/ccsv5/tools/compiler/c6000_7.4.4/lib/</path>
         <kind>archive</kind>
         <file>rts64plus.lib</file>
         <name>renormd.obj</name>
      </input_file>
      <input_file id="fl-d3">
         <path>/opt/ti/ccsv5/tools/compiler/c6000_7.4.4/lib/</path>
         <kind>archive</kind>
         <file>rts64plus.lib</file>
         <name>setvbuf.obj</name>
      </input_file>
      <input_file id="fl-d4">
         <path>/opt/ti/ccsv5/tools/compiler/c6000_7.4.4/lib/</path>
         <kind>archive</kind>
         <file>rts64plus.lib</file>
         <name>strcspn.obj</name>
      </input_file>
      <input_file id="fl-d5">
         <path>/opt/ti/ccsv5/tools/compiler/c6000_7.4.4/lib/</path>
         <kind>archive</kind>
         <file>rts64plus.lib</file>
         <name>strspn.obj</name>
      </input_file>
      <input_file id="fl-d6">
         <path>/opt/ti/ccsv5/tools/compiler/c6000_7.4.4/lib/</path>
         <kind>archive</kind>
         <file>rts64plus.lib</file>
         <name>strtol.obj</name>
      </input_file>
      <input_file id="fl-d7">
         <path>/opt/ti/ccsv5/tools/compiler/c6000_7.4.4/lib/</path>
         <kind>archive</kind>
         <file>rts64plus.lib</file>
         <name>strtold.obj</name>
      </input_file>
      <input_file id="fl-d8">
         <path>/opt/ti/ccsv5/tools/compiler/c6000_7.4.4/lib/</path>
         <kind>archive</kind>
         <file>rts64plus.lib</file>
         <name>strtoll.obj</name>
      </input_file>
      <input_file id="fl-d9">
         <path>/opt/ti/ccsv5/tools/compiler/c6000_7.4.4/lib/</path>
         <kind>archive</kind>
         <file>rts64plus.lib</file>
         <name>strtoul.obj</name>
      </input_file>
      <input_file id="fl-da">
         <path>/opt/ti/ccsv5/tools/compiler/c6000_7.4.4/lib/</path>
         <kind>archive</kind>
         <file>rts64plus.lib</file>
         <name>strtoull.obj</name>
      </input_file>
      <input_file id="fl-db">
         <path>/opt/ti/ccsv5/tools/compiler/c6000_7.4.4/lib/</path>
         <kind>archive</kind>
         <file>rts64plus.lib</file>
         <name>subd.obj</name>
      </input_file>
      <input_file id="fl-dc">
         <path>/opt/ti/ccsv5/tools/compiler/c6000_7.4.4/lib/</path>
         <kind>archive</kind>
         <file>rts64plus.lib</file>
         <name>_bufread.obj</name>
      </input_file>
      <input_file id="fl-dd">
         <path>/opt/ti/ccsv5/tools/compiler/c6000_7.4.4/lib/</path>
         <kind>archive</kind>
         <file>rts64plus.lib</file>
         <name>_io_perm.obj</name>
      </input_file>
      <input_file id="fl-de">
         <path>/opt/ti/ccsv5/tools/compiler/c6000_7.4.4/lib/</path>
         <kind>archive</kind>
         <file>rts64plus.lib</file>
         <name>frcmpyd.obj</name>
      </input_file>
      <input_file id="fl-df">
         <path>/opt/ti/ccsv5/tools/compiler/c6000_7.4.4/lib/</path>
         <kind>archive</kind>
         <file>rts64plus.lib</file>
         <name>fseek.obj</name>
      </input_file>
   </input_file_list>
   <object_component_list>
      <object_component id="oc-189">
         <name>.text</name>
         <load_address>0x80000000</load_address>
         <run_address>0x80000000</run_address>
         <size>0x980</size>
         <input_file_ref idref="fl-7"/>
      </object_component>
      <object_component id="oc-257">
         <name>.text:__scanfi</name>
         <load_address>0x80000980</load_address>
         <run_address>0x80000980</run_address>
         <size>0x920</size>
         <input_file_ref idref="fl-ba"/>
      </object_component>
      <object_component id="oc-2ab">
         <name>.text:_xdc_runtime_System_doPrint__I</name>
         <load_address>0x800012a0</load_address>
         <run_address>0x800012a0</run_address>
         <size>0x8c0</size>
         <input_file_ref idref="fl-1d"/>
      </object_component>
      <object_component id="oc-17e">
         <name>.text:_ti_sysbios_family_c64p_Exception_handler__I</name>
         <load_address>0x80001b60</load_address>
         <run_address>0x80001b60</run_address>
         <size>0x780</size>
         <input_file_ref idref="fl-a"/>
      </object_component>
      <object_component id="oc-1a4">
         <name>.text:_ti_sysbios_heaps_HeapMem_alloc__E</name>
         <load_address>0x800022e0</load_address>
         <run_address>0x800022e0</run_address>
         <size>0x660</size>
         <input_file_ref idref="fl-a"/>
      </object_component>
      <object_component id="oc-2cd">
         <name>.text:__sset_arg</name>
         <load_address>0x80002940</load_address>
         <run_address>0x80002940</run_address>
         <size>0x620</size>
         <input_file_ref idref="fl-ba"/>
      </object_component>
      <object_component id="oc-205">
         <name>.text:_ti_sysbios_knl_Semaphore_pend__E</name>
         <load_address>0x80002f60</load_address>
         <run_address>0x80002f60</run_address>
         <size>0x600</size>
         <input_file_ref idref="fl-a"/>
      </object_component>
      <object_component id="oc-1a5">
         <name>.text:_ti_sysbios_heaps_HeapMem_free__E</name>
         <load_address>0x80003560</load_address>
         <run_address>0x80003560</run_address>
         <size>0x5e0</size>
         <input_file_ref idref="fl-a"/>
      </object_component>
      <object_component id="oc-37d">
         <name>.text:_ti_sysbios_timers_timer64_Timer_Module_startup__F</name>
         <load_address>0x80003b40</load_address>
         <run_address>0x80003b40</run_address>
         <size>0x5a0</size>
         <input_file_ref idref="fl-a"/>
      </object_component>
      <object_component id="oc-32c">
         <name>.text:__getarg_diouxp</name>
         <load_address>0x800040e0</load_address>
         <run_address>0x800040e0</run_address>
         <size>0x580</size>
         <input_file_ref idref="fl-b9"/>
      </object_component>
      <object_component id="oc-2c5">
         <name>.text:__divd</name>
         <load_address>0x80004660</load_address>
         <run_address>0x80004660</run_address>
         <size>0x540</size>
         <input_file_ref idref="fl-c1"/>
      </object_component>
      <object_component id="oc-253">
         <name>.text:_strtod</name>
         <load_address>0x80004ba0</load_address>
         <run_address>0x80004ba0</run_address>
         <size>0x520</size>
         <input_file_ref idref="fl-b4"/>
      </object_component>
      <object_component id="oc-308">
         <name>.text:_strtold</name>
         <load_address>0x800050c0</load_address>
         <run_address>0x800050c0</run_address>
         <size>0x520</size>
         <input_file_ref idref="fl-d7"/>
      </object_component>
      <object_component id="oc-2ca">
         <name>.text:__sproc_int</name>
         <load_address>0x800055e0</load_address>
         <run_address>0x800055e0</run_address>
         <size>0x4c0</size>
         <input_file_ref idref="fl-ba"/>
      </object_component>
      <object_component id="oc-37c">
         <name>.text:_ti_sysbios_knl_Task_Module_startup__F</name>
         <load_address>0x80005aa0</load_address>
         <run_address>0x80005aa0</run_address>
         <size>0x480</size>
         <input_file_ref idref="fl-a"/>
      </object_component>
      <object_component id="oc-309">
         <name>.text:_strtol</name>
         <load_address>0x80005f20</load_address>
         <run_address>0x80005f20</run_address>
         <size>0x460</size>
         <input_file_ref idref="fl-d6"/>
      </object_component>
      <object_component id="oc-30a">
         <name>.text:_strtoll</name>
         <load_address>0x80006380</load_address>
         <run_address>0x80006380</run_address>
         <size>0x460</size>
         <input_file_ref idref="fl-d8"/>
      </object_component>
      <object_component id="oc-319">
         <name>.text:_xdc_runtime_System_printfExtend__I</name>
         <load_address>0x800067e0</load_address>
         <run_address>0x800067e0</run_address>
         <size>0x460</size>
         <input_file_ref idref="fl-3"/>
      </object_component>
      <object_component id="oc-24f">
         <name>.text:__printfi</name>
         <load_address>0x80006c40</load_address>
         <run_address>0x80006c40</run_address>
         <size>0x440</size>
         <input_file_ref idref="fl-b9"/>
      </object_component>
      <object_component id="oc-2bb">
         <name>.text:__setfield</name>
         <load_address>0x80007080</load_address>
         <run_address>0x80007080</run_address>
         <size>0x440</size>
         <input_file_ref idref="fl-b9"/>
      </object_component>
      <object_component id="oc-306">
         <name>.text:_strtoul</name>
         <load_address>0x800074c0</load_address>
         <run_address>0x800074c0</run_address>
         <size>0x400</size>
         <input_file_ref idref="fl-d9"/>
      </object_component>
      <object_component id="oc-307">
         <name>.text:_strtoull</name>
         <load_address>0x800078c0</load_address>
         <run_address>0x800078c0</run_address>
         <size>0x400</size>
         <input_file_ref idref="fl-da"/>
      </object_component>
      <object_component id="oc-2b8">
         <name>.text:_fputs</name>
         <load_address>0x80007cc0</load_address>
         <run_address>0x80007cc0</run_address>
         <size>0x3a0</size>
         <input_file_ref idref="fl-c8"/>
      </object_component>
      <object_component id="oc-2f7">
         <name>.text:__pproc_fge</name>
         <load_address>0x80008060</load_address>
         <run_address>0x80008060</run_address>
         <size>0x340</size>
         <input_file_ref idref="fl-b9"/>
      </object_component>
      <object_component id="oc-2c8">
         <name>.text:__sget_conv</name>
         <load_address>0x800083a0</load_address>
         <run_address>0x800083a0</run_address>
         <size>0x320</size>
         <input_file_ref idref="fl-ba"/>
      </object_component>
      <object_component id="oc-232">
         <name>.text:_ti_sysbios_knl_Swi_restoreHwi__E</name>
         <load_address>0x800086c0</load_address>
         <run_address>0x800086c0</run_address>
         <size>0x320</size>
         <input_file_ref idref="fl-a"/>
      </object_component>
      <object_component id="oc-34b">
         <name>.text:_ecvt</name>
         <load_address>0x800089e0</load_address>
         <run_address>0x800089e0</run_address>
         <size>0x300</size>
         <input_file_ref idref="fl-b9"/>
      </object_component>
      <object_component id="oc-34e">
         <name>.text:_fcvt</name>
         <load_address>0x80008ce0</load_address>
         <run_address>0x80008ce0</run_address>
         <size>0x300</size>
         <input_file_ref idref="fl-b9"/>
      </object_component>
      <object_component id="oc-1c4">
         <name>.text:_ti_sysbios_family_c64p_Hwi_dispatchC__I</name>
         <load_address>0x80008fe0</load_address>
         <run_address>0x80008fe0</run_address>
         <size>0x300</size>
         <input_file_ref idref="fl-a"/>
      </object_component>
      <object_component id="oc-1dd">
         <name>.text:__addf</name>
         <load_address>0x800092e0</load_address>
         <run_address>0x800092e0</run_address>
         <size>0x2e0</size>
         <input_file_ref idref="fl-9b"/>
      </object_component>
      <object_component id="oc-2c9">
         <name>.text:__sproc_float</name>
         <load_address>0x800095c0</load_address>
         <run_address>0x800095c0</run_address>
         <size>0x2e0</size>
         <input_file_ref idref="fl-ba"/>
      </object_component>
      <object_component id="oc-217">
         <name>.text:_ti_sysbios_heaps_HeapMem_Instance_init__F</name>
         <load_address>0x800098a0</load_address>
         <run_address>0x800098a0</run_address>
         <size>0x2e0</size>
         <input_file_ref idref="fl-a"/>
      </object_component>
      <object_component id="oc-2ba">
         <name>.text:__pproc_fwp</name>
         <load_address>0x80009b80</load_address>
         <run_address>0x80009b80</run_address>
         <size>0x2c0</size>
         <input_file_ref idref="fl-b9"/>
      </object_component>
      <object_component id="oc-32b">
         <name>.text:__pconv_e</name>
         <load_address>0x80009e40</load_address>
         <run_address>0x80009e40</run_address>
         <size>0x2a0</size>
         <input_file_ref idref="fl-b9"/>
      </object_component>
      <object_component id="oc-177">
         <name>.text:_ti_sysbios_knl_Clock_workFunc__E</name>
         <load_address>0x8000a0e0</load_address>
         <run_address>0x8000a0e0</run_address>
         <size>0x2a0</size>
         <input_file_ref idref="fl-a"/>
      </object_component>
      <object_component id="oc-377">
         <name>.text:_ti_sysbios_family_c64p_Cache_Module_startup__F</name>
         <load_address>0x8000a380</load_address>
         <run_address>0x8000a380</run_address>
         <size>0x280</size>
         <input_file_ref idref="fl-a"/>
      </object_component>
      <object_component id="oc-3aa">
         <name>.text:_ti_sysbios_timers_timer64_Timer_deviceConfig__I</name>
         <load_address>0x8000a600</load_address>
         <run_address>0x8000a600</run_address>
         <size>0x280</size>
         <input_file_ref idref="fl-a"/>
      </object_component>
      <object_component id="oc-1cc">
         <name>.text:_xdc_runtime_Error_raiseX__F</name>
         <load_address>0x8000a880</load_address>
         <run_address>0x8000a880</run_address>
         <size>0x280</size>
         <input_file_ref idref="fl-16"/>
      </object_component>
      <object_component id="oc-331">
         <name>.text:__divull</name>
         <load_address>0x8000ab00</load_address>
         <run_address>0x8000ab00</run_address>
         <size>0x260</size>
         <input_file_ref idref="fl-a8"/>
      </object_component>
      <object_component id="oc-2bf">
         <name>.text:__mpyd</name>
         <load_address>0x8000ad60</load_address>
         <run_address>0x8000ad60</run_address>
         <size>0x260</size>
         <input_file_ref idref="fl-d0"/>
      </object_component>
      <object_component id="oc-2ef">
         <name>.text:_xdc_runtime_Startup_startMods__I</name>
         <load_address>0x8000afc0</load_address>
         <run_address>0x8000afc0</run_address>
         <size>0x260</size>
         <input_file_ref idref="fl-1c"/>
      </object_component>
      <object_component id="oc-2f8">
         <name>.text:__pproc_diouxp</name>
         <load_address>0x8000b220</load_address>
         <run_address>0x8000b220</run_address>
         <size>0x240</size>
         <input_file_ref idref="fl-b9"/>
      </object_component>
      <object_component id="oc-1c7">
         <name>.text:_ti_sysbios_family_c64p_Exception_internalHandler__I</name>
         <load_address>0x8000b460</load_address>
         <run_address>0x8000b460</run_address>
         <size>0x240</size>
         <input_file_ref idref="fl-a"/>
      </object_component>
      <object_component id="oc-206">
         <name>.text:_ti_sysbios_knl_Semaphore_post__E</name>
         <load_address>0x8000b6a0</load_address>
         <run_address>0x8000b6a0</run_address>
         <size>0x240</size>
         <input_file_ref idref="fl-a"/>
      </object_component>
      <object_component id="oc-221">
         <name>.text:_xdc_runtime_LoggerBuf_write8__F</name>
         <load_address>0x8000b8e0</load_address>
         <run_address>0x8000b8e0</run_address>
         <size>0x240</size>
         <input_file_ref idref="fl-19"/>
      </object_component>
      <object_component id="oc-2bc">
         <name>.text:__pproc_str</name>
         <load_address>0x8000bb20</load_address>
         <run_address>0x8000bb20</run_address>
         <size>0x220</size>
         <input_file_ref idref="fl-b9"/>
      </object_component>
      <object_component id="oc-2bd">
         <name>.text:_fputc</name>
         <load_address>0x8000bd40</load_address>
         <run_address>0x8000bd40</run_address>
         <size>0x220</size>
         <input_file_ref idref="fl-c7"/>
      </object_component>
      <object_component id="oc-264">
         <name>.text:_ti_sysbios_knl_Swi_run__I</name>
         <load_address>0x8000bf60</load_address>
         <run_address>0x8000bf60</run_address>
         <size>0x220</size>
         <input_file_ref idref="fl-a"/>
      </object_component>
      <object_component id="oc-39c">
         <name>.text:_ti_sysbios_knl_Task_exit__E</name>
         <load_address>0x8000c180</load_address>
         <run_address>0x8000c180</run_address>
         <size>0x220</size>
         <input_file_ref idref="fl-a"/>
      </object_component>
      <object_component id="oc-235">
         <name>.text:_ti_sysbios_knl_Task_schedule__I</name>
         <load_address>0x8000c3a0</load_address>
         <run_address>0x8000c3a0</run_address>
         <size>0x220</size>
         <input_file_ref idref="fl-a"/>
      </object_component>
      <object_component id="oc-1ec">
         <name>.text:_ti_sysbios_knl_Task_startCore__E</name>
         <load_address>0x8000c5c0</load_address>
         <run_address>0x8000c5c0</run_address>
         <size>0x220</size>
         <input_file_ref idref="fl-a"/>
      </object_component>
      <object_component id="oc-1f9">
         <name>.text:_xdc_runtime_Core_createObject__I</name>
         <load_address>0x8000c7e0</load_address>
         <run_address>0x8000c7e0</run_address>
         <size>0x220</size>
         <input_file_ref idref="fl-12"/>
      </object_component>
      <object_component id="oc-2c1">
         <name>.text:__addd</name>
         <load_address>0x8000ca00</load_address>
         <run_address>0x8000ca00</run_address>
         <size>0x200</size>
         <input_file_ref idref="fl-bc"/>
      </object_component>
      <object_component id="oc-2fb">
         <name>.text:__frcaddd</name>
         <load_address>0x8000cc00</load_address>
         <run_address>0x8000cc00</run_address>
         <size>0x200</size>
         <input_file_ref idref="fl-c9"/>
      </object_component>
      <object_component id="oc-1dc">
         <name>.text:__mpyf</name>
         <load_address>0x8000ce00</load_address>
         <run_address>0x8000ce00</run_address>
         <size>0x200</size>
         <input_file_ref idref="fl-ad"/>
      </object_component>
      <object_component id="oc-329">
         <name>.text:__pconv_g</name>
         <load_address>0x8000d000</load_address>
         <run_address>0x8000d000</run_address>
         <size>0x200</size>
         <input_file_ref idref="fl-b9"/>
      </object_component>
      <object_component id="oc-301">
         <name>.text:_setvbuf</name>
         <load_address>0x8000d200</load_address>
         <run_address>0x8000d200</run_address>
         <size>0x200</size>
         <input_file_ref idref="fl-d3"/>
      </object_component>
      <object_component id="oc-17d">
         <name>.text:_ti_sysbios_family_c64p_Hwi_dispatchAlways</name>
         <load_address>0x8000d400</load_address>
         <run_address>0x8000d400</run_address>
         <size>0x200</size>
         <input_file_ref idref="fl-b"/>
      </object_component>
      <object_component id="oc-3c3">
         <name>.text:_ti_sysbios_timers_timer64_Timer_getFreq__E</name>
         <load_address>0x8000d600</load_address>
         <run_address>0x8000d600</run_address>
         <size>0x1e0</size>
         <input_file_ref idref="fl-a"/>
      </object_component>
      <object_component id="oc-34d">
         <name>.text:__mcpy</name>
         <load_address>0x8000d7e0</load_address>
         <run_address>0x8000d7e0</run_address>
         <size>0x1c0</size>
         <input_file_ref idref="fl-b9"/>
      </object_component>
      <object_component id="oc-24d">
         <name>.text:__openfile</name>
         <load_address>0x8000d9a0</load_address>
         <run_address>0x8000d9a0</run_address>
         <size>0x1c0</size>
         <input_file_ref idref="fl-a6"/>
      </object_component>
      <object_component id="oc-3ba">
         <name>.text:_ti_sysbios_timers_timer64_Timer_setPeriodMicroSecs__E</name>
         <load_address>0x8000db60</load_address>
         <run_address>0x8000db60</run_address>
         <size>0x1c0</size>
         <input_file_ref idref="fl-a"/>
      </object_component>
      <object_component id="oc-357">
         <name>.text:_xdc_runtime_Text_putSite__F</name>
         <load_address>0x8000dd20</load_address>
         <run_address>0x8000dd20</run_address>
         <size>0x1c0</size>
         <input_file_ref idref="fl-1f"/>
      </object_component>
      <object_component id="oc-330">
         <name>.text:__divul</name>
         <load_address>0x8000dee0</load_address>
         <run_address>0x8000dee0</run_address>
         <size>0x1a0</size>
         <input_file_ref idref="fl-cc"/>
      </object_component>
      <object_component id="oc-2cb">
         <name>.text:__sproc_str</name>
         <load_address>0x8000e080</load_address>
         <run_address>0x8000e080</run_address>
         <size>0x1a0</size>
         <input_file_ref idref="fl-ba"/>
      </object_component>
      <object_component id="oc-19e">
         <name>.text:_ti_sysbios_gates_GateMutex_enter__E</name>
         <load_address>0x8000e220</load_address>
         <run_address>0x8000e220</run_address>
         <size>0x1a0</size>
         <input_file_ref idref="fl-a"/>
      </object_component>
      <object_component id="oc-30e">
         <name>.text:_ti_sysbios_knl_Task_checkStacks__E</name>
         <load_address>0x8000e3c0</load_address>
         <run_address>0x8000e3c0</run_address>
         <size>0x1a0</size>
         <input_file_ref idref="fl-a"/>
      </object_component>
      <object_component id="oc-28e">
         <name>.text:_ti_sysbios_knl_Task_unblockI__E</name>
         <load_address>0x8000e560</load_address>
         <run_address>0x8000e560</run_address>
         <size>0x1a0</size>
         <input_file_ref idref="fl-a"/>
      </object_component>
      <object_component id="oc-2d3">
         <name>.text:_ti_sysbios_timers_timer64_Timer_start__E</name>
         <load_address>0x8000e700</load_address>
         <run_address>0x8000e700</run_address>
         <size>0x1a0</size>
         <input_file_ref idref="fl-a"/>
      </object_component>
      <object_component id="oc-220">
         <name>.text:_xdc_runtime_LoggerBuf_write4__F</name>
         <load_address>0x8000e8a0</load_address>
         <run_address>0x8000e8a0</run_address>
         <size>0x1a0</size>
         <input_file_ref idref="fl-19"/>
      </object_component>
      <object_component id="oc-186">
         <name>.text:_HOSTrename</name>
         <load_address>0x8000ea40</load_address>
         <run_address>0x8000ea40</run_address>
         <size>0x180</size>
         <input_file_ref idref="fl-b6"/>
      </object_component>
      <object_component id="oc-256">
         <name>.text:__chkmbc</name>
         <load_address>0x8000ebc0</load_address>
         <run_address>0x8000ebc0</run_address>
         <size>0x180</size>
         <input_file_ref idref="fl-a7"/>
      </object_component>
      <object_component id="oc-2b7">
         <name>.text:_open</name>
         <load_address>0x8000ed40</load_address>
         <run_address>0x8000ed40</run_address>
         <size>0x180</size>
         <input_file_ref idref="fl-aa"/>
      </object_component>
      <object_component id="oc-1eb">
         <name>.text:_ti_sysbios_knl_Swi_schedule__I</name>
         <load_address>0x8000eec0</load_address>
         <run_address>0x8000eec0</run_address>
         <size>0x180</size>
         <input_file_ref idref="fl-a"/>
      </object_component>
      <object_component id="oc-2f">
         <name>.text</name>
         <load_address>0x8000f040</load_address>
         <run_address>0x8000f040</run_address>
         <size>0x180</size>
         <input_file_ref idref="fl-e"/>
      </object_component>
      <object_component id="oc-2cc">
         <name>.text:__sproc_lb</name>
         <load_address>0x8000f1c0</load_address>
         <run_address>0x8000f1c0</run_address>
         <size>0x160</size>
         <input_file_ref idref="fl-ba"/>
      </object_component>
      <object_component id="oc-1e7">
         <name>.text:_ti_sysbios_BIOS_rtsUnlock__I</name>
         <load_address>0x8000f320</load_address>
         <run_address>0x8000f320</run_address>
         <size>0x160</size>
         <input_file_ref idref="fl-a"/>
      </object_component>
      <object_component id="oc-2c6">
         <name>.text:_fgetc</name>
         <load_address>0x8000f480</load_address>
         <run_address>0x8000f480</run_address>
         <size>0x140</size>
         <input_file_ref idref="fl-c3"/>
      </object_component>
      <object_component id="oc-2f3">
         <name>.text:_getdevice</name>
         <load_address>0x8000f5c0</load_address>
         <run_address>0x8000f5c0</run_address>
         <size>0x140</size>
         <input_file_ref idref="fl-aa"/>
      </object_component>
      <object_component id="oc-375">
         <name>.text:_ti_sysbios_family_c64p_Hwi_Module_startup__F</name>
         <load_address>0x8000f700</load_address>
         <run_address>0x8000f700</run_address>
         <size>0x140</size>
         <input_file_ref idref="fl-a"/>
      </object_component>
      <object_component id="oc-2de">
         <name>.text:_ti_sysbios_knl_Semaphore_Instance_init__F</name>
         <load_address>0x8000f840</load_address>
         <run_address>0x8000f840</run_address>
         <size>0x140</size>
         <input_file_ref idref="fl-a"/>
      </object_component>
      <object_component id="oc-195">
         <name>.text:_ti_sysbios_knl_Swi_post__E</name>
         <load_address>0x8000f980</load_address>
         <run_address>0x8000f980</run_address>
         <size>0x140</size>
         <input_file_ref idref="fl-a"/>
      </object_component>
      <object_component id="oc-28b">
         <name>.text:_ti_sysbios_knl_Task_blockI__E</name>
         <load_address>0x8000fac0</load_address>
         <run_address>0x8000fac0</run_address>
         <size>0x140</size>
         <input_file_ref idref="fl-a"/>
      </object_component>
      <object_component id="oc-2c7">
         <name>.text:_ungetc</name>
         <load_address>0x8000fc00</load_address>
         <run_address>0x8000fc00</run_address>
         <size>0x140</size>
         <input_file_ref idref="fl-b8"/>
      </object_component>
      <object_component id="oc-356">
         <name>.text:_xdc_runtime_Text_putLab__F</name>
         <load_address>0x8000fd40</load_address>
         <run_address>0x8000fd40</run_address>
         <size>0x140</size>
         <input_file_ref idref="fl-1f"/>
      </object_component>
      <object_component id="oc-2ff">
         <name>.text:__buff_read</name>
         <load_address>0x8000fe80</load_address>
         <run_address>0x8000fe80</run_address>
         <size>0x120</size>
         <input_file_ref idref="fl-dc"/>
      </object_component>
      <object_component id="oc-259">
         <name>.text:__closefile</name>
         <load_address>0x8000ffa0</load_address>
         <run_address>0x8000ffa0</run_address>
         <size>0x120</size>
         <input_file_ref idref="fl-a4"/>
      </object_component>
      <object_component id="oc-32e">
         <name>.text:__ltostr</name>
         <load_address>0x800100c0</load_address>
         <run_address>0x800100c0</run_address>
         <size>0x120</size>
         <input_file_ref idref="fl-b9"/>
      </object_component>
      <object_component id="oc-2b9">
         <name>.text:__pproc_fflags</name>
         <load_address>0x800101e0</load_address>
         <run_address>0x800101e0</run_address>
         <size>0x120</size>
         <input_file_ref idref="fl-b9"/>
      </object_component>
      <object_component id="oc-24c">
         <name>.text:__search_fp</name>
         <load_address>0x80010300</load_address>
         <run_address>0x80010300</run_address>
         <size>0x120</size>
         <input_file_ref idref="fl-a6"/>
      </object_component>
      <object_component id="oc-302">
         <name>.text:__sget_scanset</name>
         <load_address>0x80010420</load_address>
         <run_address>0x80010420</run_address>
         <size>0x120</size>
         <input_file_ref idref="fl-ba"/>
      </object_component>
      <object_component id="oc-326">
         <name>.text:_fseek</name>
         <load_address>0x80010540</load_address>
         <run_address>0x80010540</run_address>
         <size>0x120</size>
         <input_file_ref idref="fl-df"/>
      </object_component>
      <object_component id="oc-222">
         <name>.text:_xdc_runtime_LoggerBuf_setFilterLevel__F</name>
         <load_address>0x80010660</load_address>
         <run_address>0x80010660</run_address>
         <size>0x120</size>
         <input_file_ref idref="fl-19"/>
      </object_component>
      <object_component id="oc-36d">
         <name>.text:_xdc_runtime_Text_putMod__F</name>
         <load_address>0x80010780</load_address>
         <run_address>0x80010780</run_address>
         <size>0x120</size>
         <input_file_ref idref="fl-1f"/>
      </object_component>
      <object_component id="oc-184">
         <name>.text:_HOSTlseek</name>
         <load_address>0x800108a0</load_address>
         <run_address>0x800108a0</run_address>
         <size>0x100</size>
         <input_file_ref idref="fl-b6"/>
      </object_component>
      <object_component id="oc-16e">
         <name>.text:__auto_init</name>
         <load_address>0x800109a0</load_address>
         <run_address>0x800109a0</run_address>
         <size>0x100</size>
         <input_file_ref idref="fl-22"/>
      </object_component>
      <object_component id="oc-2fa">
         <name>.text:__frcmpyd</name>
         <load_address>0x80010aa0</load_address>
         <run_address>0x80010aa0</run_address>
         <size>0x100</size>
         <input_file_ref idref="fl-de"/>
      </object_component>
      <object_component id="oc-2f4">
         <name>.text:__wrt_ok</name>
         <load_address>0x80010ba0</load_address>
         <run_address>0x80010ba0</run_address>
         <size>0x100</size>
         <input_file_ref idref="fl-dd"/>
      </object_component>
      <object_component id="oc-349">
         <name>.text:_call_dtors</name>
         <load_address>0x80010ca0</load_address>
         <run_address>0x80010ca0</run_address>
         <size>0x100</size>
         <input_file_ref idref="fl-b2"/>
      </object_component>
      <object_component id="oc-3b9">
         <name>.text:_ti_sysbios_timers_timer64_Timer_initDevice__I</name>
         <load_address>0x80010da0</load_address>
         <run_address>0x80010da0</run_address>
         <size>0x100</size>
         <input_file_ref idref="fl-a"/>
      </object_component>
      <object_component id="oc-1fb">
         <name>.text:_xdc_runtime_Core_deleteObject__I</name>
         <load_address>0x80010ea0</load_address>
         <run_address>0x80010ea0</run_address>
         <size>0x100</size>
         <input_file_ref idref="fl-12"/>
      </object_component>
      <object_component id="oc-223">
         <name>.text:_xdc_runtime_LoggerBuf_getFilterLevel__F</name>
         <load_address>0x80010fa0</load_address>
         <run_address>0x80010fa0</run_address>
         <size>0x100</size>
         <input_file_ref idref="fl-19"/>
      </object_component>
      <object_component id="oc-188">
         <name>.text:_xdc_runtime_Startup_exec__F</name>
         <load_address>0x800110a0</load_address>
         <run_address>0x800110a0</run_address>
         <size>0x100</size>
         <input_file_ref idref="fl-1c"/>
      </object_component>
      <object_component id="oc-3bc">
         <name>.text:_xdc_runtime_Text_visitRope2__I</name>
         <load_address>0x800111a0</load_address>
         <run_address>0x800111a0</run_address>
         <size>0x100</size>
         <input_file_ref idref="fl-1f"/>
      </object_component>
      <object_component id="oc-180">
         <name>.text:_HOSTopen</name>
         <load_address>0x800112a0</load_address>
         <run_address>0x800112a0</run_address>
         <size>0xe0</size>
         <input_file_ref idref="fl-b6"/>
      </object_component>
      <object_component id="oc-2c3">
         <name>.text:__cmpd</name>
         <load_address>0x80011380</load_address>
         <run_address>0x80011380</run_address>
         <size>0xe0</size>
         <input_file_ref idref="fl-be"/>
      </object_component>
      <object_component id="oc-1df">
         <name>.text:__divi</name>
         <load_address>0x80011460</load_address>
         <run_address>0x80011460</run_address>
         <size>0xe0</size>
         <input_file_ref idref="fl-a1"/>
      </object_component>
      <object_component id="oc-2f6">
         <name>.text:_atoi</name>
         <load_address>0x80011540</load_address>
         <run_address>0x80011540</run_address>
         <size>0xe0</size>
         <input_file_ref idref="fl-bd"/>
      </object_component>
      <object_component id="oc-2cf">
         <name>.text:_close</name>
         <load_address>0x80011620</load_address>
         <run_address>0x80011620</run_address>
         <size>0xe0</size>
         <input_file_ref idref="fl-aa"/>
      </object_component>
      <object_component id="oc-1d9">
         <name>.text:_fscanf</name>
         <load_address>0x80011700</load_address>
         <run_address>0x80011700</run_address>
         <size>0xe0</size>
         <input_file_ref idref="fl-a7"/>
      </object_component>
      <object_component id="oc-1d5">
         <name>.text:_memset</name>
         <load_address>0x800117e0</load_address>
         <run_address>0x800117e0</run_address>
         <size>0xe0</size>
         <input_file_ref idref="fl-ac"/>
      </object_component>
      <object_component id="oc-1d4">
         <name>.text:_printf</name>
         <load_address>0x800118c0</load_address>
         <run_address>0x800118c0</run_address>
         <size>0xe0</size>
         <input_file_ref idref="fl-af"/>
      </object_component>
      <object_component id="oc-263">
         <name>.text:_ti_sysbios_timers_timer64_Timer_startup__E</name>
         <load_address>0x800119a0</load_address>
         <run_address>0x800119a0</run_address>
         <size>0xe0</size>
         <input_file_ref idref="fl-a"/>
      </object_component>
      <object_component id="oc-342">
         <name>.text:_xdc_runtime_Error_print__F</name>
         <load_address>0x80011a80</load_address>
         <run_address>0x80011a80</run_address>
         <size>0xe0</size>
         <input_file_ref idref="fl-16"/>
      </object_component>
      <object_component id="oc-1c1">
         <name>.text:_xdc_runtime_LoggerBuf_Object__create__S</name>
         <load_address>0x80011b60</load_address>
         <run_address>0x80011b60</run_address>
         <size>0xe0</size>
         <input_file_ref idref="fl-3"/>
      </object_component>
      <object_component id="oc-2a4">
         <name>.text:_xdc_runtime_Memory_alloc__F</name>
         <load_address>0x80011c40</load_address>
         <run_address>0x80011c40</run_address>
         <size>0xe0</size>
         <input_file_ref idref="fl-1a"/>
      </object_component>
      <object_component id="oc-182">
         <name>.text:_HOSTread</name>
         <load_address>0x80011d20</load_address>
         <run_address>0x80011d20</run_address>
         <size>0xc0</size>
         <input_file_ref idref="fl-b6"/>
      </object_component>
      <object_component id="oc-185">
         <name>.text:_HOSTunlink</name>
         <load_address>0x80011de0</load_address>
         <run_address>0x80011de0</run_address>
         <size>0xc0</size>
         <input_file_ref idref="fl-b6"/>
      </object_component>
      <object_component id="oc-183">
         <name>.text:_HOSTwrite</name>
         <load_address>0x80011ea0</load_address>
         <run_address>0x80011ea0</run_address>
         <size>0xc0</size>
         <input_file_ref idref="fl-b6"/>
      </object_component>
      <object_component id="oc-350">
         <name>.text:__div</name>
         <load_address>0x80011f60</load_address>
         <run_address>0x80011f60</run_address>
         <size>0xc0</size>
         <input_file_ref idref="fl-b9"/>
      </object_component>
      <object_component id="oc-296">
         <name>.text:__divu</name>
         <load_address>0x80012020</load_address>
         <run_address>0x80012020</run_address>
         <size>0xc0</size>
         <input_file_ref idref="fl-a2"/>
      </object_component>
      <object_component id="oc-2ce">
         <name>.text:__doflush</name>
         <load_address>0x800120e0</load_address>
         <run_address>0x800120e0</run_address>
         <size>0xc0</size>
         <input_file_ref idref="fl-a5"/>
      </object_component>
      <object_component id="oc-2fe">
         <name>.text:__rd_ok</name>
         <load_address>0x800121a0</load_address>
         <run_address>0x800121a0</run_address>
         <size>0xc0</size>
         <input_file_ref idref="fl-dd"/>
      </object_component>
      <object_component id="oc-2f1">
         <name>.text:_atexit</name>
         <load_address>0x80012260</load_address>
         <run_address>0x80012260</run_address>
         <size>0xc0</size>
         <input_file_ref idref="fl-9d"/>
      </object_component>
      <object_component id="oc-171">
         <name>.text:_exit</name>
         <load_address>0x80012320</load_address>
         <run_address>0x80012320</run_address>
         <size>0xc0</size>
         <input_file_ref idref="fl-a3"/>
      </object_component>
      <object_component id="oc-369">
         <name>.text:_ltoa</name>
         <load_address>0x800123e0</load_address>
         <run_address>0x800123e0</run_address>
         <size>0xc0</size>
         <input_file_ref idref="fl-ce"/>
      </object_component>
      <object_component id="oc-1d6">
         <name>.text:_strtok</name>
         <load_address>0x800124a0</load_address>
         <run_address>0x800124a0</run_address>
         <size>0xc0</size>
         <input_file_ref idref="fl-b5"/>
      </object_component>
      <object_component id="oc-2b0">
         <name>.text:_ti_sysbios_BIOS_errorRaiseHook__I</name>
         <load_address>0x80012560</load_address>
         <run_address>0x80012560</run_address>
         <size>0xc0</size>
         <input_file_ref idref="fl-a"/>
      </object_component>
      <object_component id="oc-1a7">
         <name>.text:_ti_sysbios_heaps_HeapMem_getStats__E</name>
         <load_address>0x80012620</load_address>
         <run_address>0x80012620</run_address>
         <size>0xc0</size>
         <input_file_ref idref="fl-a"/>
      </object_component>
      <object_component id="oc-192">
         <name>.text:_ti_sysbios_knl_Clock_logTick__E</name>
         <load_address>0x800126e0</load_address>
         <run_address>0x800126e0</run_address>
         <size>0xc0</size>
         <input_file_ref idref="fl-a"/>
      </object_component>
      <object_component id="oc-2a9">
         <name>.text:_ti_sysbios_knl_Task_allBlockedFunction__I</name>
         <load_address>0x800127a0</load_address>
         <run_address>0x800127a0</run_address>
         <size>0xc0</size>
         <input_file_ref idref="fl-a"/>
      </object_component>
      <object_component id="oc-3c2">
         <name>.text:_ti_sysbios_timers_timer64_Timer_stop__E</name>
         <load_address>0x80012860</load_address>
         <run_address>0x80012860</run_address>
         <size>0xc0</size>
         <input_file_ref idref="fl-a"/>
      </object_component>
      <object_component id="oc-225">
         <name>.text:_xdc_runtime_LoggerBuf_Instance_init__F</name>
         <load_address>0x80012920</load_address>
         <run_address>0x80012920</run_address>
         <size>0xc0</size>
         <input_file_ref idref="fl-19"/>
      </object_component>
      <object_component id="oc-2e8">
         <name>.text:_xdc_runtime_System_formatNum__I</name>
         <load_address>0x800129e0</load_address>
         <run_address>0x800129e0</run_address>
         <size>0xc0</size>
         <input_file_ref idref="fl-1d"/>
      </object_component>
      <object_component id="oc-181">
         <name>.text:_HOSTclose</name>
         <load_address>0x80012aa0</load_address>
         <run_address>0x80012aa0</run_address>
         <size>0xa0</size>
         <input_file_ref idref="fl-b6"/>
      </object_component>
      <object_component id="oc-2b6">
         <name>.text:__cleanup</name>
         <load_address>0x80012b40</load_address>
         <run_address>0x80012b40</run_address>
         <size>0xa0</size>
         <input_file_ref idref="fl-a6"/>
      </object_component>
      <object_component id="oc-1d8">
         <name>.text:__cvtdf</name>
         <load_address>0x80012be0</load_address>
         <run_address>0x80012be0</run_address>
         <size>0xa0</size>
         <input_file_ref idref="fl-9f"/>
      </object_component>
      <object_component id="oc-37f">
         <name>.text:__divli</name>
         <load_address>0x80012c80</load_address>
         <run_address>0x80012c80</run_address>
         <size>0xa0</size>
         <input_file_ref idref="fl-cc"/>
      </object_component>
      <object_component id="oc-34c">
         <name>.text:__ecpy</name>
         <load_address>0x80012d20</load_address>
         <run_address>0x80012d20</run_address>
         <size>0xa0</size>
         <input_file_ref idref="fl-b9"/>
      </object_component>
      <object_component id="oc-34f">
         <name>.text:__fcpy</name>
         <load_address>0x80012dc0</load_address>
         <run_address>0x80012dc0</run_address>
         <size>0xa0</size>
         <input_file_ref idref="fl-b9"/>
      </object_component>
      <object_component id="oc-368">
         <name>.text:__fixdli</name>
         <load_address>0x80012e60</load_address>
         <run_address>0x80012e60</run_address>
         <size>0xa0</size>
         <input_file_ref idref="fl-c5"/>
      </object_component>
      <object_component id="oc-32a">
         <name>.text:__pconv_f</name>
         <load_address>0x80012f00</load_address>
         <run_address>0x80012f00</run_address>
         <size>0xa0</size>
         <input_file_ref idref="fl-b9"/>
      </object_component>
      <object_component id="oc-31a">
         <name>.text:__remu</name>
         <load_address>0x80012fa0</load_address>
         <run_address>0x80012fa0</run_address>
         <size>0xa0</size>
         <input_file_ref idref="fl-b1"/>
      </object_component>
      <object_component id="oc-10">
         <name>.text:_c_int00</name>
         <load_address>0x80013040</load_address>
         <run_address>0x80013040</run_address>
         <size>0xa0</size>
         <input_file_ref idref="fl-21"/>
      </object_component>
      <object_component id="oc-325">
         <name>.text:_finddevice</name>
         <load_address>0x800130e0</load_address>
         <run_address>0x800130e0</run_address>
         <size>0xa0</size>
         <input_file_ref idref="fl-aa"/>
      </object_component>
      <object_component id="oc-34a">
         <name>.text:_lseek</name>
         <load_address>0x80013180</load_address>
         <run_address>0x80013180</run_address>
         <size>0xa0</size>
         <input_file_ref idref="fl-aa"/>
      </object_component>
      <object_component id="oc-1d2">
         <name>.text:_malloc</name>
         <load_address>0x80013220</load_address>
         <run_address>0x80013220</run_address>
         <size>0xa0</size>
         <input_file_ref idref="fl-3"/>
      </object_component>
      <object_component id="oc-187">
         <name>.text:_memcpy</name>
         <load_address>0x800132c0</load_address>
         <run_address>0x800132c0</run_address>
         <size>0xa0</size>
         <input_file_ref idref="fl-ab"/>
      </object_component>
      <object_component id="oc-300">
         <name>.text:_read</name>
         <load_address>0x80013360</load_address>
         <run_address>0x80013360</run_address>
         <size>0xa0</size>
         <input_file_ref idref="fl-aa"/>
      </object_component>
      <object_component id="oc-251">
         <name>.text:_strspn</name>
         <load_address>0x80013400</load_address>
         <run_address>0x80013400</run_address>
         <size>0xa0</size>
         <input_file_ref idref="fl-d5"/>
      </object_component>
      <object_component id="oc-374">
         <name>.text:_ti_sysbios_family_c64p_Exception_Module_startup__F</name>
         <load_address>0x800134a0</load_address>
         <run_address>0x800134a0</run_address>
         <size>0xa0</size>
         <input_file_ref idref="fl-a"/>
      </object_component>
      <object_component id="oc-31f">
         <name>.text:_ti_sysbios_family_c64p_Hwi_getStackInfo__E</name>
         <load_address>0x80013540</load_address>
         <run_address>0x80013540</run_address>
         <size>0xa0</size>
         <input_file_ref idref="fl-a"/>
      </object_component>
      <object_component id="oc-2b2">
         <name>.text:_ti_sysbios_heaps_HeapMem_init__I</name>
         <load_address>0x800135e0</load_address>
         <run_address>0x800135e0</run_address>
         <size>0xa0</size>
         <input_file_ref idref="fl-a"/>
      </object_component>
      <object_component id="oc-1b6">
         <name>.text:_ti_sysbios_knl_Idle_run__E</name>
         <load_address>0x80013680</load_address>
         <run_address>0x80013680</run_address>
         <size>0xa0</size>
         <input_file_ref idref="fl-a"/>
      </object_component>
      <object_component id="oc-291">
         <name>.text:_ti_sysbios_knl_Semaphore_Object__create__S</name>
         <load_address>0x80013720</load_address>
         <run_address>0x80013720</run_address>
         <size>0xa0</size>
         <input_file_ref idref="fl-3"/>
      </object_component>
      <object_component id="oc-2f5">
         <name>.text:_write</name>
         <load_address>0x800137c0</load_address>
         <run_address>0x800137c0</run_address>
         <size>0xa0</size>
         <input_file_ref idref="fl-aa"/>
      </object_component>
      <object_component id="oc-203">
         <name>.text:_xdc_runtime_Assert_raise__I</name>
         <load_address>0x80013860</load_address>
         <run_address>0x80013860</run_address>
         <size>0xa0</size>
         <input_file_ref idref="fl-11"/>
      </object_component>
      <object_component id="oc-371">
         <name>.text:_xdc_runtime_LoggerBuf_Module_startup__F</name>
         <load_address>0x80013900</load_address>
         <run_address>0x80013900</run_address>
         <size>0xa0</size>
         <input_file_ref idref="fl-19"/>
      </object_component>
      <object_component id="oc-1be">
         <name>.text:_xdc_runtime_LoggerBuf_write8__E</name>
         <load_address>0x800139a0</load_address>
         <run_address>0x800139a0</run_address>
         <size>0xa0</size>
         <input_file_ref idref="fl-3"/>
      </object_component>
      <object_component id="oc-31d">
         <name>.text:_xdc_runtime_SysMin_abort__F</name>
         <load_address>0x80013a40</load_address>
         <run_address>0x80013a40</run_address>
         <size>0xa0</size>
         <input_file_ref idref="fl-1e"/>
      </object_component>
      <object_component id="oc-345">
         <name>.text:_xdc_runtime_SysMin_flush__F</name>
         <load_address>0x80013ae0</load_address>
         <run_address>0x80013ae0</run_address>
         <size>0xa0</size>
         <input_file_ref idref="fl-1e"/>
      </object_component>
      <object_component id="oc-370">
         <name>.text:_xdc_runtime_SysMin_output__I</name>
         <load_address>0x80013b80</load_address>
         <run_address>0x80013b80</run_address>
         <size>0xa0</size>
         <input_file_ref idref="fl-3"/>
      </object_component>
      <object_component id="oc-344">
         <name>.text:_xdc_runtime_SysMin_putch__F</name>
         <load_address>0x80013c20</load_address>
         <run_address>0x80013c20</run_address>
         <size>0xa0</size>
         <input_file_ref idref="fl-1e"/>
      </object_component>
      <object_component id="oc-36e">
         <name>.text:_xdc_runtime_Text_xprintf__I</name>
         <load_address>0x80013cc0</load_address>
         <run_address>0x80013cc0</run_address>
         <size>0xa0</size>
         <input_file_ref idref="fl-1f"/>
      </object_component>
      <object_component id="oc-36c">
         <name>.text:__fixdi</name>
         <load_address>0x80013d60</load_address>
         <run_address>0x80013d60</run_address>
         <size>0x80</size>
         <input_file_ref idref="fl-c4"/>
      </object_component>
      <object_component id="oc-36a">
         <name>.text:__fltlid</name>
         <load_address>0x80013de0</load_address>
         <run_address>0x80013de0</run_address>
         <size>0x80</size>
         <input_file_ref idref="fl-c6"/>
      </object_component>
      <object_component id="oc-351">
         <name>.text:__llshl</name>
         <load_address>0x80013e60</load_address>
         <run_address>0x80013e60</run_address>
         <size>0x80</size>
         <input_file_ref idref="fl-a9"/>
      </object_component>
      <object_component id="oc-32f">
         <name>.text:__renormd</name>
         <load_address>0x80013ee0</load_address>
         <run_address>0x80013ee0</run_address>
         <size>0x80</size>
         <input_file_ref idref="fl-d2"/>
      </object_component>
      <object_component id="oc-1ce">
         <name>.text:_readmsg</name>
         <load_address>0x80013f60</load_address>
         <run_address>0x80013f60</run_address>
         <size>0x80</size>
         <input_file_ref idref="fl-b7"/>
      </object_component>
      <object_component id="oc-18b">
         <name>.text:_ti_sysbios_BIOS_exitFunc__I</name>
         <load_address>0x80013fe0</load_address>
         <run_address>0x80013fe0</run_address>
         <size>0x80</size>
         <input_file_ref idref="fl-3"/>
      </object_component>
      <object_component id="oc-3b6">
         <name>.text:_ti_sysbios_family_c62_TaskSupport_start__E</name>
         <load_address>0x80014060</load_address>
         <run_address>0x80014060</run_address>
         <size>0x80</size>
         <input_file_ref idref="fl-a"/>
      </object_component>
      <object_component id="oc-2d6">
         <name>.text:_ti_sysbios_family_c62_TaskSupport_swap__E</name>
         <load_address>0x800140e0</load_address>
         <run_address>0x800140e0</run_address>
         <size>0x80</size>
         <input_file_ref idref="fl-f"/>
      </object_component>
      <object_component id="oc-19a">
         <name>.text:_ti_sysbios_gates_GateHwi_Object__create__S</name>
         <load_address>0x80014160</load_address>
         <run_address>0x80014160</run_address>
         <size>0x80</size>
         <input_file_ref idref="fl-3"/>
      </object_component>
      <object_component id="oc-1a0">
         <name>.text:_ti_sysbios_gates_GateMutex_Object__create__S</name>
         <load_address>0x800141e0</load_address>
         <run_address>0x800141e0</run_address>
         <size>0x80</size>
         <input_file_ref idref="fl-3"/>
      </object_component>
      <object_component id="oc-1a8">
         <name>.text:_ti_sysbios_heaps_HeapMem_Object__create__S</name>
         <load_address>0x80014260</load_address>
         <run_address>0x80014260</run_address>
         <size>0x80</size>
         <input_file_ref idref="fl-3"/>
      </object_component>
      <object_component id="oc-173">
         <name>.text:_ti_sysbios_knl_Clock_doTick__I</name>
         <load_address>0x800142e0</load_address>
         <run_address>0x800142e0</run_address>
         <size>0x80</size>
         <input_file_ref idref="fl-3"/>
      </object_component>
      <object_component id="oc-312">
         <name>.text:_ti_sysbios_knl_Queue_Object__create__S</name>
         <load_address>0x80014360</load_address>
         <run_address>0x80014360</run_address>
         <size>0x80</size>
         <input_file_ref idref="fl-3"/>
      </object_component>
      <object_component id="oc-287">
         <name>.text:_ti_sysbios_knl_Semaphore_pendTimeout__I</name>
         <load_address>0x800143e0</load_address>
         <run_address>0x800143e0</run_address>
         <size>0x80</size>
         <input_file_ref idref="fl-a"/>
      </object_component>
      <object_component id="oc-399">
         <name>.text:_ti_sysbios_knl_Swi_Object__get__S</name>
         <load_address>0x80014460</load_address>
         <run_address>0x80014460</run_address>
         <size>0x80</size>
         <input_file_ref idref="fl-3"/>
      </object_component>
      <object_component id="oc-190">
         <name>.text:_ti_sysbios_knl_Swi_startup__E</name>
         <load_address>0x800144e0</load_address>
         <run_address>0x800144e0</run_address>
         <size>0x80</size>
         <input_file_ref idref="fl-a"/>
      </object_component>
      <object_component id="oc-1ea">
         <name>.text:_ti_sysbios_knl_Task_restore__E</name>
         <load_address>0x80014560</load_address>
         <run_address>0x80014560</run_address>
         <size>0x80</size>
         <input_file_ref idref="fl-a"/>
      </object_component>
      <object_component id="oc-3b0">
         <name>.text:_ti_sysbios_timers_timer64_Timer_getPeriod__E</name>
         <load_address>0x800145e0</load_address>
         <run_address>0x800145e0</run_address>
         <size>0x80</size>
         <input_file_ref idref="fl-a"/>
      </object_component>
      <object_component id="oc-30b">
         <name>.text:_unlink</name>
         <load_address>0x80014660</load_address>
         <run_address>0x80014660</run_address>
         <size>0x80</size>
         <input_file_ref idref="fl-aa"/>
      </object_component>
      <object_component id="oc-1fc">
         <name>.text:_xdc_runtime_Core_assignLabel__I</name>
         <load_address>0x800146e0</load_address>
         <run_address>0x800146e0</run_address>
         <size>0x80</size>
         <input_file_ref idref="fl-13"/>
      </object_component>
      <object_component id="oc-276">
         <name>.text:_xdc_runtime_Core_assignParams__I</name>
         <load_address>0x80014760</load_address>
         <run_address>0x80014760</run_address>
         <size>0x80</size>
         <input_file_ref idref="fl-14"/>
      </object_component>
      <object_component id="oc-29a">
         <name>.text:_xdc_runtime_LoggerBuf_filterOutEvent__I</name>
         <load_address>0x800147e0</load_address>
         <run_address>0x800147e0</run_address>
         <size>0x80</size>
         <input_file_ref idref="fl-19"/>
      </object_component>
      <object_component id="oc-1e5">
         <name>.text:_xdc_runtime_System_atexit__F</name>
         <load_address>0x80014860</load_address>
         <run_address>0x80014860</run_address>
         <size>0x80</size>
         <input_file_ref idref="fl-1d"/>
      </object_component>
      <object_component id="oc-2e6">
         <name>.text:_xdc_runtime_System_putchar__I</name>
         <load_address>0x800148e0</load_address>
         <run_address>0x800148e0</run_address>
         <size>0x80</size>
         <input_file_ref idref="fl-1d"/>
      </object_component>
      <object_component id="oc-2f0">
         <name>.text:_xdc_runtime_System_rtsExit__I</name>
         <load_address>0x80014960</load_address>
         <run_address>0x80014960</run_address>
         <size>0x80</size>
         <input_file_ref idref="fl-1d"/>
      </object_component>
      <object_component id="oc-384">
         <name>.text:_xdc_runtime_Text_printVisFxn__I</name>
         <load_address>0x800149e0</load_address>
         <run_address>0x800149e0</run_address>
         <size>0x80</size>
         <input_file_ref idref="fl-1f"/>
      </object_component>
      <object_component id="oc-2e0">
         <name>.text:ti_sysbios_hal_Hwi_checkStack:_ti_sysbios_hal_Hwi_checkStack</name>
         <load_address>0x80014a60</load_address>
         <run_address>0x80014a60</run_address>
         <size>0x80</size>
         <input_file_ref idref="fl-a"/>
      </object_component>
      <object_component id="oc-2b3">
         <name>.text:ti_sysbios_hal_Hwi_initStack:_ti_sysbios_hal_Hwi_initStack</name>
         <load_address>0x80014ae0</load_address>
         <run_address>0x80014ae0</run_address>
         <size>0x80</size>
         <input_file_ref idref="fl-a"/>
      </object_component>
      <object_component id="oc-1de">
         <name>.text:__cvtfd</name>
         <load_address>0x80014b60</load_address>
         <run_address>0x80014b60</run_address>
         <size>0x60</size>
         <input_file_ref idref="fl-a0"/>
      </object_component>
      <object_component id="oc-25a">
         <name>.text:__frcmpyf</name>
         <load_address>0x80014bc0</load_address>
         <run_address>0x80014bc0</run_address>
         <size>0x60</size>
         <input_file_ref idref="fl-cb"/>
      </object_component>
      <object_component id="oc-335">
         <name>.text:__remull</name>
         <load_address>0x80014c20</load_address>
         <run_address>0x80014c20</run_address>
         <size>0x60</size>
         <input_file_ref idref="fl-a8"/>
      </object_component>
      <object_component id="oc-352">
         <name>.text:__subcull</name>
         <load_address>0x80014c80</load_address>
         <run_address>0x80014c80</run_address>
         <size>0x60</size>
         <input_file_ref idref="fl-a8"/>
      </object_component>
      <object_component id="oc-1db">
         <name>.text:_fclose</name>
         <load_address>0x80014ce0</load_address>
         <run_address>0x80014ce0</run_address>
         <size>0x60</size>
         <input_file_ref idref="fl-a4"/>
      </object_component>
      <object_component id="oc-1d3">
         <name>.text:_fopen</name>
         <load_address>0x80014d40</load_address>
         <run_address>0x80014d40</run_address>
         <size>0x60</size>
         <input_file_ref idref="fl-a6"/>
      </object_component>
      <object_component id="oc-1da">
         <name>.text:_free</name>
         <load_address>0x80014da0</load_address>
         <run_address>0x80014da0</run_address>
         <size>0x60</size>
         <input_file_ref idref="fl-3"/>
      </object_component>
      <object_component id="oc-2f9">
         <name>.text:_memccpy</name>
         <load_address>0x80014e00</load_address>
         <run_address>0x80014e00</run_address>
         <size>0x60</size>
         <input_file_ref idref="fl-cf"/>
      </object_component>
      <object_component id="oc-252">
         <name>.text:_strcspn</name>
         <load_address>0x80014e60</load_address>
         <run_address>0x80014e60</run_address>
         <size>0x60</size>
         <input_file_ref idref="fl-d4"/>
      </object_component>
      <object_component id="oc-2f2">
         <name>.text:_tabinit</name>
         <load_address>0x80014ec0</load_address>
         <run_address>0x80014ec0</run_address>
         <size>0x60</size>
         <input_file_ref idref="fl-aa"/>
      </object_component>
      <object_component id="oc-18d">
         <name>.text:_ti_sysbios_BIOS_registerRTSLock__I</name>
         <load_address>0x80014f20</load_address>
         <run_address>0x80014f20</run_address>
         <size>0x60</size>
         <input_file_ref idref="fl-a"/>
      </object_component>
      <object_component id="oc-38c">
         <name>.text:_ti_sysbios_family_c64p_Cache_setMar__E</name>
         <load_address>0x80014f80</load_address>
         <run_address>0x80014f80</run_address>
         <size>0x60</size>
         <input_file_ref idref="fl-a"/>
      </object_component>
      <object_component id="oc-19c">
         <name>.text:_ti_sysbios_gates_GateHwi_Handle__label__S</name>
         <load_address>0x80014fe0</load_address>
         <run_address>0x80014fe0</run_address>
         <size>0x60</size>
         <input_file_ref idref="fl-3"/>
      </object_component>
      <object_component id="oc-19b">
         <name>.text:_ti_sysbios_gates_GateHwi_Object__delete__S</name>
         <load_address>0x80015040</load_address>
         <run_address>0x80015040</run_address>
         <size>0x60</size>
         <input_file_ref idref="fl-3"/>
      </object_component>
      <object_component id="oc-1a2">
         <name>.text:_ti_sysbios_gates_GateMutex_Handle__label__S</name>
         <load_address>0x800150a0</load_address>
         <run_address>0x800150a0</run_address>
         <size>0x60</size>
         <input_file_ref idref="fl-3"/>
      </object_component>
      <object_component id="oc-208">
         <name>.text:_ti_sysbios_gates_GateMutex_Instance_init__F</name>
         <load_address>0x80015100</load_address>
         <run_address>0x80015100</run_address>
         <size>0x60</size>
         <input_file_ref idref="fl-a"/>
      </object_component>
[...]
         <object_component_ref idref="oc-317"/>
      </symbol>
      <symbol id="sm-dd6">
         <name>_xdc_runtime_SysMin_flush__F</name>
         <value>0x80013ae0</value>
         <object_component_ref idref="oc-345"/>
      </symbol>
      <symbol id="sm-dd7">
         <name>_xdc_runtime_SysMin_putch__F</name>
         <value>0x80013c20</value>
         <object_component_ref idref="oc-344"/>
      </symbol>
      <symbol id="sm-e2f">
         <name>_xdc_runtime_Text_putSite__F</name>
         <value>0x8000dd20</value>
         <object_component_ref idref="oc-357"/>
      </symbol>
      <symbol id="sm-e30">
         <name>_xdc_runtime_Text_ropeText__F</name>
         <value>0x80016340</value>
         <object_component_ref idref="oc-23a"/>
      </symbol>
      <symbol id="sm-e31">
         <name>_xdc_runtime_Text_putMod__F</name>
         <value>0x80010780</value>
         <object_component_ref idref="oc-36d"/>
      </symbol>
      <symbol id="sm-e32">
         <name>_xdc_runtime_Text_visitRope2__I</name>
         <value>0x800111a0</value>
         <object_component_ref idref="oc-3bc"/>
      </symbol>
      <symbol id="sm-e33">
         <name>_xdc_runtime_Text_cordText__F</name>
         <value>0x80015820</value>
         <object_component_ref idref="oc-27c"/>
      </symbol>
      <symbol id="sm-e34">
         <name>_xdc_runtime_Text_putLab__F</name>
         <value>0x8000fd40</value>
         <object_component_ref idref="oc-356"/>
      </symbol>
      <symbol id="sm-e35">
         <name>_xdc_runtime_Text_printVisFxn__I</name>
         <value>0x800149e0</value>
         <object_component_ref idref="oc-384"/>
      </symbol>
      <symbol id="sm-e36">
         <name>_xdc_runtime_Text_xprintf__I</name>
         <value>0x80013cc0</value>
         <object_component_ref idref="oc-36e"/>
      </symbol>
      <symbol id="sm-e40">
         <name>___xdc__init</name>
         <value>0x800163c0</value>
         <object_component_ref idref="oc-17c"/>
      </symbol>
      <symbol id="sm-e51">
         <name>__stack</name>
         <value>0x8001d258</value>
         <object_component_ref idref="oc-81"/>
      </symbol>
      <symbol id="sm-e52">
         <name>_c_int00</name>
         <value>0x80013040</value>
         <object_component_ref idref="oc-10"/>
      </symbol>
      <symbol id="sm-e6d">
         <name>__auto_init</name>
         <value>0x800109a0</value>
         <object_component_ref idref="oc-16e"/>
      </symbol>
      <symbol id="sm-e7f">
         <name>__unlock</name>
         <value>0x8001ad24</value>
         <object_component_ref idref="oc-8b"/>
      </symbol>
      <symbol id="sm-e80">
         <name>__lock</name>
         <value>0x8001ad20</value>
         <object_component_ref idref="oc-8b"/>
      </symbol>
      <symbol id="sm-e81">
         <name>__register_lock</name>
         <value>0x80016480</value>
         <object_component_ref idref="oc-1e3"/>
      </symbol>
      <symbol id="sm-e82">
         <name>__nop</name>
         <value>0x80016420</value>
         <object_component_ref idref="oc-17f"/>
      </symbol>
      <symbol id="sm-e83">
         <name>__register_unlock</name>
         <value>0x800164a0</value>
         <object_component_ref idref="oc-1e4"/>
      </symbol>
      <symbol id="sm-e97">
         <name>__addf</name>
         <value>0x800092e0</value>
         <object_component_ref idref="oc-1dd"/>
      </symbol>
      <symbol id="sm-ea1">
         <name>__args_main</name>
         <value>0x80015940</value>
         <object_component_ref idref="oc-170"/>
      </symbol>
      <symbol id="sm-ea2">
         <name>__TI_args_main</name>
         <value>0x1</value>
      </symbol>
      <symbol id="sm-eb6">
         <name>_atexit</name>
         <value>0x80012260</value>
         <object_component_ref idref="oc-2f1"/>
      </symbol>
      <symbol id="sm-eb7">
         <name>___atexit_func_id__</name>
         <value>0x8001aa70</value>
         <object_component_ref idref="oc-96"/>
      </symbol>
      <symbol id="sm-ec1">
         <name>_atof</name>
         <value>0x80016500</value>
         <object_component_ref idref="oc-1d7"/>
      </symbol>
      <symbol id="sm-ecc">
         <name>__cvtdf</name>
         <value>0x80012be0</value>
         <object_component_ref idref="oc-1d8"/>
      </symbol>
      <symbol id="sm-ed6">
         <name>__cvtfd</name>
         <value>0x80014b60</value>
         <object_component_ref idref="oc-1de"/>
      </symbol>
      <symbol id="sm-edf">
         <name>__c6xabi_divi</name>
         <value>0x80011460</value>
         <object_component_ref idref="oc-1df"/>
      </symbol>
      <symbol id="sm-ee0">
         <name>__divi</name>
         <value>0x80011460</value>
         <object_component_ref idref="oc-1df"/>
      </symbol>
      <symbol id="sm-ee9">
         <name>__c6xabi_divu</name>
         <value>0x80012020</value>
         <object_component_ref idref="oc-296"/>
      </symbol>
      <symbol id="sm-eea">
         <name>__divu</name>
         <value>0x80012020</value>
         <object_component_ref idref="oc-296"/>
      </symbol>
      <symbol id="sm-f01">
         <name>C$$EXIT</name>
         <value>0x800164e0</value>
         <object_component_ref idref="oc-18a"/>
      </symbol>
      <symbol id="sm-f02">
         <name>_exit</name>
         <value>0x80012320</value>
         <object_component_ref idref="oc-171"/>
      </symbol>
      <symbol id="sm-f03">
         <name>___TI_enable_exit_profile_output</name>
         <value>0x8001ad1c</value>
         <object_component_ref idref="oc-aa"/>
      </symbol>
      <symbol id="sm-f04">
         <name>_abort</name>
         <value>0x800164e0</value>
         <object_component_ref idref="oc-18a"/>
      </symbol>
      <symbol id="sm-f05">
         <name>__cleanup_ptr</name>
         <value>0x8001ad14</value>
         <object_component_ref idref="oc-aa"/>
      </symbol>
      <symbol id="sm-f06">
         <name>__dtors_ptr</name>
         <value>0x8001ad18</value>
         <object_component_ref idref="oc-aa"/>
      </symbol>
      <symbol id="sm-f1c">
         <name>__closefile</name>
         <value>0x8000ffa0</value>
         <object_component_ref idref="oc-259"/>
      </symbol>
      <symbol id="sm-f1d">
         <name>_fclose</name>
         <value>0x80014ce0</value>
         <object_component_ref idref="oc-1db"/>
      </symbol>
      <symbol id="sm-f2a">
         <name>__doflush</name>
         <value>0x800120e0</value>
         <object_component_ref idref="oc-2ce"/>
      </symbol>
      <symbol id="sm-f53">
         <name>__cleanup</name>
         <value>0x80012b40</value>
         <object_component_ref idref="oc-2b6"/>
      </symbol>
      <symbol id="sm-f54">
         <name>_fopen</name>
         <value>0x80014d40</value>
         <object_component_ref idref="oc-1d3"/>
      </symbol>
      <symbol id="sm-f77">
         <name>_fscanf</name>
         <value>0x80011700</value>
         <object_component_ref idref="oc-1d9"/>
      </symbol>
      <symbol id="sm-f8d">
         <name>__subcull</name>
         <value>0x80014c80</value>
         <object_component_ref idref="oc-352"/>
      </symbol>
      <symbol id="sm-f8e">
         <name>__divull</name>
         <value>0x8000ab00</value>
         <object_component_ref idref="oc-331"/>
      </symbol>
      <symbol id="sm-f8f">
         <name>__remull</name>
         <value>0x80014c20</value>
         <object_component_ref idref="oc-335"/>
      </symbol>
      <symbol id="sm-f9d">
         <name>__llshl</name>
         <value>0x80013e60</value>
         <object_component_ref idref="oc-351"/>
      </symbol>
      <symbol id="sm-f9e">
         <name>__llshru</name>
         <value>0x800159c0</value>
         <object_component_ref idref="oc-353"/>
      </symbol>
      <symbol id="sm-ff3">
         <name>_read</name>
         <value>0x80013360</value>
         <object_component_ref idref="oc-300"/>
      </symbol>
      <symbol id="sm-ff4">
         <name>_unlink</name>
         <value>0x80014660</value>
         <object_component_ref idref="oc-30b"/>
      </symbol>
      <symbol id="sm-ff5">
         <name>_open</name>
         <value>0x8000ed40</value>
         <object_component_ref idref="oc-2b7"/>
      </symbol>
      <symbol id="sm-ff6">
         <name>_lseek</name>
         <value>0x80013180</value>
         <object_component_ref idref="oc-34a"/>
      </symbol>
      <symbol id="sm-ff7">
         <name>_close</name>
         <value>0x80011620</value>
         <object_component_ref idref="oc-2cf"/>
      </symbol>
      <symbol id="sm-ff8">
         <name>_write</name>
         <value>0x800137c0</value>
         <object_component_ref idref="oc-2f5"/>
      </symbol>
      <symbol id="sm-1000">
         <name>_memcpy</name>
         <value>0x800132c0</value>
         <object_component_ref idref="oc-187"/>
      </symbol>
      <symbol id="sm-100b">
         <name>_memset</name>
         <value>0x800117e0</value>
         <object_component_ref idref="oc-1d5"/>
      </symbol>
      <symbol id="sm-1020">
         <name>__mpyf</name>
         <value>0x8000ce00</value>
         <object_component_ref idref="oc-1dc"/>
      </symbol>
      <symbol id="sm-102a">
         <name>__negll</name>
         <value>0x80016400</value>
         <object_component_ref idref="oc-32d"/>
      </symbol>
      <symbol id="sm-103f">
         <name>_printf</name>
         <value>0x800118c0</value>
         <object_component_ref idref="oc-1d4"/>
      </symbol>
      <symbol id="sm-1049">
         <name>_remove</name>
         <value>0x80016520</value>
         <object_component_ref idref="oc-2d0"/>
      </symbol>
      <symbol id="sm-1052">
         <name>__remu</name>
         <value>0x80012fa0</value>
         <object_component_ref idref="oc-31a"/>
      </symbol>
      <symbol id="sm-1053">
         <name>__c6xabi_remu</name>
         <value>0x80012fa0</value>
         <object_component_ref idref="oc-31a"/>
      </symbol>
      <symbol id="sm-106b">
         <name>_dtors</name>
         <value>0x8001ad34</value>
         <object_component_ref idref="oc-dd"/>
      </symbol>
      <symbol id="sm-106c">
         <name>_call_dtors</name>
         <value>0x80010ca0</value>
         <object_component_ref idref="oc-349"/>
      </symbol>
      <symbol id="sm-106d">
         <name>___add_dtor</name>
         <value>0x80015880</value>
         <object_component_ref idref="oc-324"/>
      </symbol>
      <symbol id="sm-109e">
         <name>_strtod</name>
         <value>0x80004ba0</value>
         <object_component_ref idref="oc-253"/>
      </symbol>
      <symbol id="sm-10af">
         <name>_strtok</name>
         <value>0x800124a0</value>
         <object_component_ref idref="oc-1d6"/>
      </symbol>
      <symbol id="sm-10d8">
         <name>_HOSTopen</name>
         <value>0x800112a0</value>
         <object_component_ref idref="oc-180"/>
      </symbol>
      <symbol id="sm-10d9">
         <name>_HOSTread</name>
         <value>0x80011d20</value>
         <object_component_ref idref="oc-182"/>
      </symbol>
      <symbol id="sm-10da">
         <name>_HOSTrename</name>
         <value>0x8000ea40</value>
         <object_component_ref idref="oc-186"/>
      </symbol>
      <symbol id="sm-10db">
         <name>_HOSTwrite</name>
         <value>0x80011ea0</value>
         <object_component_ref idref="oc-183"/>
      </symbol>
      <symbol id="sm-10dc">
         <name>_HOSTlseek</name>
         <value>0x800108a0</value>
         <object_component_ref idref="oc-184"/>
      </symbol>
      <symbol id="sm-10dd">
         <name>_HOSTunlink</name>
         <value>0x80011de0</value>
         <object_component_ref idref="oc-185"/>
      </symbol>
      <symbol id="sm-10de">
         <name>_HOSTclose</name>
         <value>0x80012aa0</value>
         <object_component_ref idref="oc-181"/>
      </symbol>
      <symbol id="sm-10ee">
         <name>C$$IO$$</name>
         <value>0x80015518</value>
         <object_component_ref idref="oc-1cd"/>
      </symbol>
      <symbol id="sm-10ef">
         <name>__CIOBUF_</name>
         <value>0x8001ea70</value>
         <object_component_ref idref="oc-f0"/>
      </symbol>
      <symbol id="sm-10f0">
         <name>_readmsg</name>
         <value>0x80013f60</value>
         <object_component_ref idref="oc-1ce"/>
      </symbol>
      <symbol id="sm-10f1">
         <name>_writemsg</name>
         <value>0x800154c0</value>
         <object_component_ref idref="oc-1cd"/>
      </symbol>
      <symbol id="sm-1102">
         <name>_ungetc</name>
         <value>0x8000fc00</value>
         <object_component_ref idref="oc-2c7"/>
      </symbol>
      <symbol id="sm-1220">
         <name>__printfi</name>
         <value>0x80006c40</value>
         <object_component_ref idref="oc-24f"/>
      </symbol>
      <symbol id="sm-12f9">
         <name>__scanfi</name>
         <value>0x80000980</value>
         <object_component_ref idref="oc-257"/>
      </symbol>
      <symbol id="sm-1310">
         <name>__addd</name>
         <value>0x8000ca00</value>
         <object_component_ref idref="oc-2c1"/>
      </symbol>
      <symbol id="sm-131e">
         <name>_atoi</name>
         <value>0x80011540</value>
         <object_component_ref idref="oc-2f6"/>
      </symbol>
      <symbol id="sm-132d">
         <name>__cmpd</name>
         <value>0x80011380</value>
         <object_component_ref idref="oc-2c3"/>
      </symbol>
      <symbol id="sm-1335">
         <name>__ctypes_</name>
         <value>0x8001c7c0</value>
         <object_component_ref idref="oc-2be"/>
      </symbol>
      <symbol id="sm-133f">
         <name>__tmpnams</name>
         <value>0x8001a928</value>
         <object_component_ref idref="oc-10d"/>
      </symbol>
      <symbol id="sm-1340">
         <name>__ft_end</name>
         <value>0x8001aa68</value>
         <object_component_ref idref="oc-10d"/>
      </symbol>
      <symbol id="sm-1341">
         <name>__ftable</name>
         <value>0x8001a748</value>
         <object_component_ref idref="oc-10d"/>
      </symbol>
      <symbol id="sm-1359">
         <name>__divd</name>
         <value>0x80004660</value>
         <object_component_ref idref="oc-2c5"/>
      </symbol>
      <symbol id="sm-1363">
         <name>_errno</name>
         <value>0x8001aa6c</value>
         <object_component_ref idref="oc-114"/>
      </symbol>
      <symbol id="sm-1377">
         <name>_getc</name>
         <value>0x8000f480</value>
         <object_component_ref idref="oc-2c6"/>
      </symbol>
      <symbol id="sm-1378">
         <name>_fgetc</name>
         <value>0x8000f480</value>
         <object_component_ref idref="oc-2c6"/>
      </symbol>
      <symbol id="sm-1385">
         <name>__fixdi</name>
         <value>0x80013d60</value>
         <object_component_ref idref="oc-36c"/>
      </symbol>
      <symbol id="sm-1392">
         <name>__fixdli</name>
         <value>0x80012e60</value>
         <object_component_ref idref="oc-368"/>
      </symbol>
      <symbol id="sm-139d">
         <name>__fltlid</name>
         <value>0x80013de0</value>
         <object_component_ref idref="oc-36a"/>
      </symbol>
      <symbol id="sm-13b8">
         <name>_putc</name>
         <value>0x8000bd40</value>
         <object_component_ref idref="oc-2bd"/>
      </symbol>
      <symbol id="sm-13b9">
         <name>_fputc</name>
         <value>0x8000bd40</value>
         <object_component_ref idref="oc-2bd"/>
      </symbol>
      <symbol id="sm-13db">
         <name>_fputs</name>
         <value>0x80007cc0</value>
         <object_component_ref idref="oc-2b8"/>
      </symbol>
      <symbol id="sm-13eb">
         <name>__frcaddd</name>
         <value>0x8000cc00</value>
         <object_component_ref idref="oc-2fb"/>
      </symbol>
      <symbol id="sm-13f5">
         <name>__frcmpyd_div</name>
         <value>0x80015980</value>
         <object_component_ref idref="oc-2fd"/>
      </symbol>
      <symbol id="sm-13ff">
         <name>__frcmpyf</name>
         <value>0x80014bc0</value>
         <object_component_ref idref="oc-25a"/>
      </symbol>
      <symbol id="sm-1411">
         <name>__divul</name>
         <value>0x8000dee0</value>
         <object_component_ref idref="oc-330"/>
      </symbol>
      <symbol id="sm-1412">
         <name>__remli</name>
         <value>0x80015a40</value>
         <object_component_ref idref="oc-37e"/>
      </symbol>
      <symbol id="sm-1413">
         <name>__remul</name>
         <value>0x80015a80</value>
         <object_component_ref idref="oc-334"/>
      </symbol>
      <symbol id="sm-1414">
         <name>__divli</name>
         <value>0x80012c80</value>
         <object_component_ref idref="oc-37f"/>
      </symbol>
      <symbol id="sm-141e">
         <name>___isinf</name>
         <value>0x800158c0</value>
         <object_component_ref idref="oc-328"/>
      </symbol>
      <symbol id="sm-142b">
         <name>_ltoa</name>
         <value>0x800123e0</value>
         <object_component_ref idref="oc-369"/>
      </symbol>
      <symbol id="sm-1438">
         <name>_memccpy</name>
         <value>0x80014e00</value>
         <object_component_ref idref="oc-2f9"/>
      </symbol>
      <symbol id="sm-144e">
         <name>__mpyd</name>
         <value>0x8000ad60</value>
         <object_component_ref idref="oc-2bf"/>
      </symbol>
      <symbol id="sm-1458">
         <name>__negd</name>
         <value>0x80015a00</value>
         <object_component_ref idref="oc-2c2"/>
      </symbol>
      <symbol id="sm-1465">
         <name>__renormd</name>
         <value>0x80013ee0</value>
         <object_component_ref idref="oc-32f"/>
      </symbol>
      <symbol id="sm-147b">
         <name>_setvbuf</name>
         <value>0x8000d200</value>
         <object_component_ref idref="oc-301"/>
      </symbol>
      <symbol id="sm-1489">
         <name>_strcspn</name>
         <value>0x80014e60</value>
         <object_component_ref idref="oc-252"/>
      </symbol>
      <symbol id="sm-1495">
         <name>_strspn</name>
         <value>0x80013400</value>
         <object_component_ref idref="oc-251"/>
      </symbol>
      <symbol id="sm-14ad">
         <name>_strtol</name>
         <value>0x80005f20</value>
         <object_component_ref idref="oc-309"/>
      </symbol>
      <symbol id="sm-14d7">
         <name>_strtold</name>
         <value>0x800050c0</value>
         <object_component_ref idref="oc-308"/>
      </symbol>
      <symbol id="sm-14f2">
         <name>_strtoll</name>
         <value>0x80006380</value>
         <object_component_ref idref="oc-30a"/>
      </symbol>
      <symbol id="sm-150a">
         <name>_strtoul</name>
         <value>0x800074c0</value>
         <object_component_ref idref="oc-306"/>
      </symbol>
      <symbol id="sm-1526">
         <name>_strtoull</name>
         <value>0x800078c0</value>
         <object_component_ref idref="oc-307"/>
      </symbol>
      <symbol id="sm-1530">
         <name>__subd</name>
         <value>0x80015ac0</value>
         <object_component_ref idref="oc-36b"/>
      </symbol>
      <symbol id="sm-153e">
         <name>__buff_read</name>
         <value>0x8000fe80</value>
         <object_component_ref idref="oc-2ff"/>
      </symbol>
      <symbol id="sm-1552">
         <name>__rd_ok</name>
         <value>0x800121a0</value>
         <object_component_ref idref="oc-2fe"/>
      </symbol>
      <symbol id="sm-1553">
         <name>__wrt_ok</name>
         <value>0x80010ba0</value>
         <object_component_ref idref="oc-2f4"/>
      </symbol>
      <symbol id="sm-155d">
         <name>__frcmpyd</name>
         <value>0x80010aa0</value>
         <object_component_ref idref="oc-2fa"/>
      </symbol>
      <symbol id="sm-156e">
         <name>_fseek</name>
         <value>0x80010540</value>
         <object_component_ref idref="oc-326"/>
      </symbol>
   </symbol_table>
</link_info>
