******************************************************************************
               TMS320C6x Linker Unix v7.4.4                    
******************************************************************************
>> Linked Tue May  4 20:49:51 2021

OUTPUT FILE NAME:   <basico_main.out>
ENTRY POINT SYMBOL: "_c_int00"  address: 80012b80


MEMORY CONFIGURATION

         name            origin    length      used     unused   attr    fill
----------------------  --------  ---------  --------  --------  ----  --------
  IRAM                  00800000   00200000  00000000  00200000  RW X
  DDR                   80000000   10000000  0001e8b1  0ffe174f  RWIX


SECTION ALLOCATION MAP

 output                                  attributes/
section   page    origin      length       input sections
--------  ----  ----------  ----------   ----------------
.pinit     0    80000000    00000000     UNINITIALIZED

.data      0    80000000    00000000     UNINITIALIZED

xdc.meta   0    80000000    00000107     COPY SECTION
                  80000000    00000107     hello_p64P.o64P (xdc.meta)

.text      0    80000000    00016d80     
                  80000000    00000920     rts64plus.lib : _scanfi.obj (.text:__scanfi)
                  80000920    000008c0     ti.targets.rts6000.a64P : System.o64P (.text:_xdc_runtime_System_doPrint__I)
                  800011e0    00000780     sysbios.a64P : BIOS.obj (.text:_ti_sysbios_family_c64p_Exception_handler__I)
                  80001960    00000660                  : BIOS.obj (.text:_ti_sysbios_heaps_HeapMem_alloc__E)
                  80001fc0    00000620     rts64plus.lib : _scanfi.obj (.text:__sset_arg)
                  800025e0    00000600     sysbios.a64P : BIOS.obj (.text:_ti_sysbios_knl_Semaphore_pend__E)
                  80002be0    000005e0                  : BIOS.obj (.text:_ti_sysbios_heaps_HeapMem_free__E)
                  800031c0    000005a0     Ejemplo_comienzo.obj (.text)
                  80003760    000005a0     sysbios.a64P : BIOS.obj (.text:_ti_sysbios_timers_timer64_Timer_Module_startup__F)
                  80003d00    00000580     rts64plus.lib : _printfi.obj (.text:__getarg_diouxp)
                  80004280    00000540                   : divd.obj (.text:__divd)
                  800047c0    00000520                   : strtod.obj (.text:_strtod)
                  80004ce0    00000520                   : strtold.obj (.text:_strtold)
                  80005200    000004c0                   : _scanfi.obj (.text:__sproc_int)
                  800056c0    00000480     sysbios.a64P : BIOS.obj (.text:_ti_sysbios_knl_Task_Module_startup__F)
                  80005b40    00000460     rts64plus.lib : strtol.obj (.text:_strtol)
                  80005fa0    00000460                   : strtoll.obj (.text:_strtoll)
                  80006400    00000460     hello_p64P.o64P (.text:_xdc_runtime_System_printfExtend__I)
                  80006860    00000440     rts64plus.lib : _printfi.obj (.text:__printfi)
                  80006ca0    00000440                   : _printfi.obj (.text:__setfield)
                  800070e0    00000400                   : strtoul.obj (.text:_strtoul)
                  800074e0    00000400                   : strtoull.obj (.text:_strtoull)
                  800078e0    000003a0                   : fputs.obj (.text:_fputs)
                  80007c80    00000340                   : _printfi.obj (.text:__pproc_fge)
                  80007fc0    00000320                   : _scanfi.obj (.text:__sget_conv)
                  800082e0    00000320     sysbios.a64P : BIOS.obj (.text:_ti_sysbios_knl_Swi_restoreHwi__E)
                  80008600    00000300     rts64plus.lib : _printfi.obj (.text:_ecvt)
                  80008900    00000300                   : _printfi.obj (.text:_fcvt)
                  80008c00    00000300     sysbios.a64P : BIOS.obj (.text:_ti_sysbios_family_c64p_Hwi_dispatchC__I)
                  80008f00    000002e0     rts64plus.lib : addf.obj (.text:__addf)
                  800091e0    000002e0                   : _scanfi.obj (.text:__sproc_float)
                  800094c0    000002e0     sysbios.a64P : BIOS.obj (.text:_ti_sysbios_heaps_HeapMem_Instance_init__F)
                  800097a0    000002c0     rts64plus.lib : _printfi.obj (.text:__pproc_fwp)
                  80009a60    000002a0                   : _printfi.obj (.text:__pconv_e)
                  80009d00    000002a0     sysbios.a64P : BIOS.obj (.text:_ti_sysbios_knl_Clock_workFunc__E)
                  80009fa0    00000280                  : BIOS.obj (.text:_ti_sysbios_family_c64p_Cache_Module_startup__F)
                  8000a220    00000280                  : BIOS.obj (.text:_ti_sysbios_timers_timer64_Timer_deviceConfig__I)
                  8000a4a0    00000280     ti.targets.rts6000.a64P : Error.o64P (.text:_xdc_runtime_Error_raiseX__F)
                  8000a720    00000260     rts64plus.lib : imath64.obj (.text:__divull)
                  8000a980    00000260                   : mpyd.obj (.text:__mpyd)
                  8000abe0    00000260     ti.targets.rts6000.a64P : Startup.o64P (.text:_xdc_runtime_Startup_startMods__I)
                  8000ae40    00000240     rts64plus.lib : _printfi.obj (.text:__pproc_diouxp)
                  8000b080    00000240     sysbios.a64P : BIOS.obj (.text:_ti_sysbios_family_c64p_Exception_internalHandler__I)
                  8000b2c0    00000240                  : BIOS.obj (.text:_ti_sysbios_knl_Semaphore_post__E)
                  8000b500    00000240     ti.targets.rts6000.a64P : LoggerBuf.o64P (.text:_xdc_runtime_LoggerBuf_write8__F)
                  8000b740    00000220     rts64plus.lib : _printfi.obj (.text:__pproc_str)
                  8000b960    00000220                   : fputc.obj (.text:_fputc)
                  8000bb80    00000220     sysbios.a64P : BIOS.obj (.text:_ti_sysbios_knl_Swi_run__I)
                  8000bda0    00000220                  : BIOS.obj (.text:_ti_sysbios_knl_Task_exit__E)
                  8000bfc0    00000220                  : BIOS.obj (.text:_ti_sysbios_knl_Task_schedule__I)
                  8000c1e0    00000220                  : BIOS.obj (.text:_ti_sysbios_knl_Task_startCore__E)
                  8000c400    00000220     ti.targets.rts6000.a64P : Core-mem.o64P (.text:_xdc_runtime_Core_createObject__I)
                  8000c620    00000200     rts64plus.lib : addd.obj (.text:__addd)
                  8000c820    00000200                   : frcaddd.obj (.text:__frcaddd)
                  8000ca20    00000200                   : mpyf.obj (.text:__mpyf)
                  8000cc20    00000200                   : _printfi.obj (.text:__pconv_g)
                  8000ce20    00000200                   : setvbuf.obj (.text:_setvbuf)
                  8000d020    00000200     sysbios.a64P : c64p_Hwi_disp_always.obj (.text:_ti_sysbios_family_c64p_Hwi_dispatchAlways)
                  8000d220    000001e0                  : BIOS.obj (.text:_ti_sysbios_timers_timer64_Timer_getFreq__E)
                  8000d400    000001c0     rts64plus.lib : _printfi.obj (.text:__mcpy)
                  8000d5c0    000001c0                   : fopen.obj (.text:__openfile)
                  8000d780    000001c0     sysbios.a64P : BIOS.obj (.text:_ti_sysbios_timers_timer64_Timer_setPeriodMicroSecs__E)
                  8000d940    000001c0     ti.targets.rts6000.a64P : Text.o64P (.text:_xdc_runtime_Text_putSite__F)
                  8000db00    000001a0     rts64plus.lib : imath40.obj (.text:__divul)
                  8000dca0    000001a0                   : _scanfi.obj (.text:__sproc_str)
                  8000de40    000001a0     sysbios.a64P : BIOS.obj (.text:_ti_sysbios_gates_GateMutex_enter__E)
                  8000dfe0    000001a0                  : BIOS.obj (.text:_ti_sysbios_knl_Task_checkStacks__E)
                  8000e180    000001a0                  : BIOS.obj (.text:_ti_sysbios_knl_Task_unblockI__E)
                  8000e320    000001a0                  : BIOS.obj (.text:_ti_sysbios_timers_timer64_Timer_start__E)
                  8000e4c0    000001a0     ti.targets.rts6000.a64P : LoggerBuf.o64P (.text:_xdc_runtime_LoggerBuf_write4__F)
                  8000e660    00000180     rts64plus.lib : trgdrv.obj (.text:_HOSTrename)
                  8000e7e0    00000180                   : fscanf.obj (.text:__chkmbc)
                  8000e960    00000180                   : lowlev.obj (.text:_open)
                  8000eae0    00000180     sysbios.a64P : BIOS.obj (.text:_ti_sysbios_knl_Swi_schedule__I)
                  8000ec60    00000180                  : c64p_Exception_asm.obj (.text)
                  8000ede0    00000160     rts64plus.lib : _scanfi.obj (.text:__sproc_lb)
                  8000ef40    00000160     sysbios.a64P : BIOS.obj (.text:_ti_sysbios_BIOS_rtsUnlock__I)
                  8000f0a0    00000140     rts64plus.lib : fgetc.obj (.text:_fgetc)
                  8000f1e0    00000140                   : lowlev.obj (.text:_getdevice)
                  8000f320    00000140     sysbios.a64P : BIOS.obj (.text:_ti_sysbios_family_c64p_Hwi_Module_startup__F)
                  8000f460    00000140                  : BIOS.obj (.text:_ti_sysbios_knl_Semaphore_Instance_init__F)
                  8000f5a0    00000140                  : BIOS.obj (.text:_ti_sysbios_knl_Swi_post__E)
                  8000f6e0    00000140                  : BIOS.obj (.text:_ti_sysbios_knl_Task_blockI__E)
                  8000f820    00000140     rts64plus.lib : ungetc.obj (.text:_ungetc)
                  8000f960    00000140     ti.targets.rts6000.a64P : Text.o64P (.text:_xdc_runtime_Text_putLab__F)
                  8000faa0    00000120     rts64plus.lib : _bufread.obj (.text:__buff_read)
                  8000fbc0    00000120                   : fclose.obj (.text:__closefile)
                  8000fce0    00000120                   : _printfi.obj (.text:__ltostr)
                  8000fe00    00000120                   : _printfi.obj (.text:__pproc_fflags)
                  8000ff20    00000120                   : fopen.obj (.text:__search_fp)
                  80010040    00000120                   : _scanfi.obj (.text:__sget_scanset)
                  80010160    00000120                   : fseek.obj (.text:_fseek)
                  80010280    00000120     ti.targets.rts6000.a64P : LoggerBuf.o64P (.text:_xdc_runtime_LoggerBuf_setFilterLevel__F)
                  800103a0    00000120                             : Text.o64P (.text:_xdc_runtime_Text_putMod__F)
                  800104c0    00000100     rts64plus.lib : trgdrv.obj (.text:_HOSTlseek)
                  800105c0    00000100     boot.a64P : autoinit.o64P (.text:__auto_init)
                  800106c0    00000100     rts64plus.lib : frcmpyd.obj (.text:__frcmpyd)
                  800107c0    00000100                   : _io_perm.obj (.text:__wrt_ok)
                  800108c0    00000100                   : sinit.obj (.text:_call_dtors)
                  800109c0    00000100     sysbios.a64P : BIOS.obj (.text:_ti_sysbios_timers_timer64_Timer_initDevice__I)
                  80010ac0    00000100     ti.targets.rts6000.a64P : Core-mem.o64P (.text:_xdc_runtime_Core_deleteObject__I)
                  80010bc0    00000100                             : LoggerBuf.o64P (.text:_xdc_runtime_LoggerBuf_getFilterLevel__F)
                  80010cc0    00000100                             : Startup.o64P (.text:_xdc_runtime_Startup_exec__F)
                  80010dc0    00000100                             : Text.o64P (.text:_xdc_runtime_Text_visitRope2__I)
                  80010ec0    000000e0     rts64plus.lib : trgdrv.obj (.text:_HOSTopen)
                  80010fa0    000000e0                   : cmpd.obj (.text:__cmpd)
                  80011080    000000e0                   : atoi.obj (.text:_atoi)
                  80011160    000000e0                   : lowlev.obj (.text:_close)
                  80011240    000000e0                   : fscanf.obj (.text:_fscanf)
                  80011320    000000e0                   : memset.obj (.text:_memset)
                  80011400    000000e0                   : printf.obj (.text:_printf)
                  800114e0    000000e0     sysbios.a64P : BIOS.obj (.text:_ti_sysbios_timers_timer64_Timer_startup__E)
                  800115c0    000000e0     ti.targets.rts6000.a64P : Error.o64P (.text:_xdc_runtime_Error_print__F)
                  800116a0    000000e0     hello_p64P.o64P (.text:_xdc_runtime_LoggerBuf_Object__create__S)
                  80011780    000000e0     ti.targets.rts6000.a64P : Memory.o64P (.text:_xdc_runtime_Memory_alloc__F)
                  80011860    000000c0     rts64plus.lib : trgdrv.obj (.text:_HOSTread)
                  80011920    000000c0                   : trgdrv.obj (.text:_HOSTunlink)
                  800119e0    000000c0                   : trgdrv.obj (.text:_HOSTwrite)
                  80011aa0    000000c0                   : _printfi.obj (.text:__div)
                  80011b60    000000c0                   : divu.obj (.text:__divu)
                  80011c20    000000c0                   : fflush.obj (.text:__doflush)
                  80011ce0    000000c0                   : _io_perm.obj (.text:__rd_ok)
                  80011da0    000000c0                   : atexit.obj (.text:_atexit)
                  80011e60    000000c0                   : exit.obj (.text:_exit)
                  80011f20    000000c0                   : ltoa.obj (.text:_ltoa)
                  80011fe0    000000c0                   : strtok.obj (.text:_strtok)
                  800120a0    000000c0     sysbios.a64P : BIOS.obj (.text:_ti_sysbios_BIOS_errorRaiseHook__I)
                  80012160    000000c0                  : BIOS.obj (.text:_ti_sysbios_heaps_HeapMem_getStats__E)
                  80012220    000000c0                  : BIOS.obj (.text:_ti_sysbios_knl_Clock_logTick__E)
                  800122e0    000000c0                  : BIOS.obj (.text:_ti_sysbios_knl_Task_allBlockedFunction__I)
                  800123a0    000000c0                  : BIOS.obj (.text:_ti_sysbios_timers_timer64_Timer_stop__E)
                  80012460    000000c0     ti.targets.rts6000.a64P : LoggerBuf.o64P (.text:_xdc_runtime_LoggerBuf_Instance_init__F)
                  80012520    000000c0                             : System.o64P (.text:_xdc_runtime_System_formatNum__I)
                  800125e0    000000a0     rts64plus.lib : trgdrv.obj (.text:_HOSTclose)
                  80012680    000000a0                   : fopen.obj (.text:__cleanup)
                  80012720    000000a0                   : cvtdf.obj (.text:__cvtdf)
                  800127c0    000000a0                   : imath40.obj (.text:__divli)
                  80012860    000000a0                   : _printfi.obj (.text:__ecpy)
                  80012900    000000a0                   : _printfi.obj (.text:__fcpy)
                  800129a0    000000a0                   : fixdli.obj (.text:__fixdli)
                  80012a40    000000a0                   : _printfi.obj (.text:__pconv_f)
                  80012ae0    000000a0                   : remu.obj (.text:__remu)
                  80012b80    000000a0     boot.a64P : boot.o64P (.text:_c_int00)
                  80012c20    000000a0     rts64plus.lib : lowlev.obj (.text:_finddevice)
                  80012cc0    000000a0                   : lowlev.obj (.text:_lseek)
                  80012d60    000000a0     hello_p64P.o64P (.text:_malloc)
                  80012e00    000000a0     rts64plus.lib : memcpy64.obj (.text:_memcpy)
                  80012ea0    000000a0                   : lowlev.obj (.text:_read)
                  80012f40    000000a0                   : strspn.obj (.text:_strspn)
                  80012fe0    000000a0     sysbios.a64P : BIOS.obj (.text:_ti_sysbios_family_c64p_Exception_Module_startup__F)
                  80013080    000000a0                  : BIOS.obj (.text:_ti_sysbios_family_c64p_Hwi_getStackInfo__E)
                  80013120    000000a0                  : BIOS.obj (.text:_ti_sysbios_heaps_HeapMem_init__I)
                  800131c0    000000a0                  : BIOS.obj (.text:_ti_sysbios_knl_Idle_run__E)
                  80013260    000000a0     hello_p64P.o64P (.text:_ti_sysbios_knl_Semaphore_Object__create__S)
                  80013300    000000a0     rts64plus.lib : lowlev.obj (.text:_write)
                  800133a0    000000a0     ti.targets.rts6000.a64P : Assert.o64P (.text:_xdc_runtime_Assert_raise__I)
                  80013440    000000a0                             : LoggerBuf.o64P (.text:_xdc_runtime_LoggerBuf_Module_startup__F)
                  800134e0    000000a0     hello_p64P.o64P (.text:_xdc_runtime_LoggerBuf_write8__E)
                  80013580    000000a0     ti.targets.rts6000.a64P : SysMin.o64P (.text:_xdc_runtime_SysMin_abort__F)
                  80013620    000000a0                             : SysMin.o64P (.text:_xdc_runtime_SysMin_flush__F)
                  800136c0    000000a0     hello_p64P.o64P (.text:_xdc_runtime_SysMin_output__I)
                  80013760    000000a0     ti.targets.rts6000.a64P : SysMin.o64P (.text:_xdc_runtime_SysMin_putch__F)
                  80013800    000000a0                             : Text.o64P (.text:_xdc_runtime_Text_xprintf__I)
                  800138a0    00000080     rts64plus.lib : fixdi.obj (.text:__fixdi)
                  80013920    00000080                   : fltlid.obj (.text:__fltlid)
                  800139a0    00000080                   : llshift.obj (.text:__llshl)
                  80013a20    00000080                   : renormd.obj (.text:__renormd)
                  80013aa0    00000080                   : trgmsg.obj (.text:_readmsg)
                  80013b20    00000080     hello_p64P.o64P (.text:_ti_sysbios_BIOS_exitFunc__I)
                  80013ba0    00000080     sysbios.a64P : BIOS.obj (.text:_ti_sysbios_family_c62_TaskSupport_start__E)
                  80013c20    00000080                  : c62_TaskSupport_asm.obj (.text:_ti_sysbios_family_c62_TaskSupport_swap__E)
                  80013ca0    00000080     hello_p64P.o64P (.text:_ti_sysbios_gates_GateHwi_Object__create__S)
                  80013d20    00000080     hello_p64P.o64P (.text:_ti_sysbios_gates_GateMutex_Object__create__S)
                  80013da0    00000080     hello_p64P.o64P (.text:_ti_sysbios_heaps_HeapMem_Object__create__S)
                  80013e20    00000080     hello_p64P.o64P (.text:_ti_sysbios_knl_Clock_doTick__I)
                  80013ea0    00000080     hello_p64P.o64P (.text:_ti_sysbios_knl_Queue_Object__create__S)
                  80013f20    00000080     sysbios.a64P : BIOS.obj (.text:_ti_sysbios_knl_Semaphore_pendTimeout__I)
                  80013fa0    00000080     hello_p64P.o64P (.text:_ti_sysbios_knl_Swi_Object__get__S)
                  80014020    00000080     sysbios.a64P : BIOS.obj (.text:_ti_sysbios_knl_Swi_startup__E)
                  800140a0    00000080                  : BIOS.obj (.text:_ti_sysbios_knl_Task_restore__E)
                  80014120    00000080                  : BIOS.obj (.text:_ti_sysbios_timers_timer64_Timer_getPeriod__E)
                  800141a0    00000080     rts64plus.lib : lowlev.obj (.text:_unlink)
                  80014220    00000080     ti.targets.rts6000.a64P : Core-label.o64P (.text:_xdc_runtime_Core_assignLabel__I)
                  800142a0    00000080                             : Core-params.o64P (.text:_xdc_runtime_Core_assignParams__I)
                  80014320    00000080                             : LoggerBuf.o64P (.text:_xdc_runtime_LoggerBuf_filterOutEvent__I)
                  800143a0    00000080                             : System.o64P (.text:_xdc_runtime_System_atexit__F)
                  80014420    00000080                             : System.o64P (.text:_xdc_runtime_System_putchar__I)
                  800144a0    00000080                             : System.o64P (.text:_xdc_runtime_System_rtsExit__I)
                  80014520    00000080                             : Text.o64P (.text:_xdc_runtime_Text_printVisFxn__I)
                  800145a0    00000080     sysbios.a64P : BIOS.obj (.text:ti_sysbios_hal_Hwi_checkStack:_ti_sysbios_hal_Hwi_checkStack)
                  80014620    00000080                  : BIOS.obj (.text:ti_sysbios_hal_Hwi_initStack:_ti_sysbios_hal_Hwi_initStack)
                  800146a0    00000060     rts64plus.lib : cvtfd.obj (.text:__cvtfd)
                  80014700    00000060                   : frcmpyf.obj (.text:__frcmpyf)
                  80014760    00000060                   : imath64.obj (.text:__remull)
                  800147c0    00000060                   : imath64.obj (.text:__subcull)
                  80014820    00000060                   : fclose.obj (.text:_fclose)
                  80014880    00000060                   : fopen.obj (.text:_fopen)
                  800148e0    00000060     hello_p64P.o64P (.text:_free)
                  80014940    00000060     rts64plus.lib : memccpy.obj (.text:_memccpy)
                  800149a0    00000060                   : strcspn.obj (.text:_strcspn)
                  80014a00    00000060                   : lowlev.obj (.text:_tabinit)
                  80014a60    00000060     sysbios.a64P : BIOS.obj (.text:_ti_sysbios_BIOS_registerRTSLock__I)
                  80014ac0    00000060                  : BIOS.obj (.text:_ti_sysbios_family_c64p_Cache_setMar__E)
                  80014b20    00000060     hello_p64P.o64P (.text:_ti_sysbios_gates_GateHwi_Handle__label__S)
                  80014b80    00000060     hello_p64P.o64P (.text:_ti_sysbios_gates_GateHwi_Object__delete__S)
                  80014be0    00000060     hello_p64P.o64P (.text:_ti_sysbios_gates_GateMutex_Handle__label__S)
                  80014c40    00000060     sysbios.a64P : BIOS.obj (.text:_ti_sysbios_gates_GateMutex_Instance_init__F)
                  80014ca0    00000060     hello_p64P.o64P (.text:_ti_sysbios_gates_GateMutex_Object__delete__S)
                  80014d00    00000060     hello_p64P.o64P (.text:_ti_sysbios_heaps_HeapMem_Handle__label__S)
                  80014d60    00000060     hello_p64P.o64P (.text:_ti_sysbios_heaps_HeapMem_Object__delete__S)
                  80014dc0    00000060     hello_p64P.o64P (.text:_ti_sysbios_heaps_HeapMem_Object__get__S)
                  80014e20    00000060     sysbios.a64P : BIOS.obj (.text:_ti_sysbios_knl_Clock_Module_startup__F)
                  80014e80    00000060     hello_p64P.o64P (.text:_ti_sysbios_knl_Queue_Object__get__S)
                  80014ee0    00000060     sysbios.a64P : BIOS.obj (.text:_ti_sysbios_knl_Swi_Module_startup__F)
                  80014f40    00000060     hello_p64P.o64P (.text:_ti_sysbios_knl_Task_Object__get__S)
                  80014fa0    00000060     sysbios.a64P : BIOS.obj (.text:_ti_sysbios_knl_Task_enter__I)
                  80015000    00000060     rts64plus.lib : trgmsg.obj (.text:_writemsg)
                  80015060    00000060     hello_p64P.o64P (.text:_xdc_runtime_LoggerBuf_Handle__label__S)
                  800150c0    00000060     hello_p64P.o64P (.text:_xdc_runtime_LoggerBuf_Object__delete__S)
                  80015120    00000060     hello_p64P.o64P (.text:_xdc_runtime_LoggerBuf_Object__get__S)
                  80015180    00000060     ti.targets.rts6000.a64P : Memory.o64P (.text:_xdc_runtime_Memory_calloc__F)
                  800151e0    00000060                             : SysMin.o64P (.text:_xdc_runtime_SysMin_Module_startup__F)
                  80015240    00000060                             : SysMin.o64P (.text:_xdc_runtime_SysMin_exit__F)
                  800152a0    00000060                             : System.o64P (.text:_xdc_runtime_System_avprintf__F)
                  80015300    00000060                             : System.o64P (.text:_xdc_runtime_System_vprintf__F)
                  80015360    00000060                             : Text.o64P (.text:_xdc_runtime_Text_cordText__F)
                  800153c0    00000040     rts64plus.lib : sinit.obj (.text:___add_dtor)
                  80015400    00000040                   : isinf.obj (.text:___isinf)
                  80015440    00000040                   : _printfi.obj (.text:___isnan)
                  80015480    00000040                   : args_main.obj (.text:__args_main)
                  800154c0    00000040                   : frcmpyd_div.obj (.text:__frcmpyd_div)
                  80015500    00000040                   : llshift.obj (.text:__llshru)
                  80015540    00000040                   : negd.obj (.text:__negd)
                  80015580    00000040                   : imath40.obj (.text:__remli)
                  800155c0    00000040                   : imath40.obj (.text:__remul)
                  80015600    00000040                   : subd.obj (.text:__subd)
                  80015640    00000040     sysbios.a64P : BIOS.obj (.text:_ti_sysbios_BIOS_rtsLock__I)
                  80015680    00000040     hello_p64P.o64P (.text:_ti_sysbios_BIOS_startFunc__I)
                  800156c0    00000040     sysbios.a64P : c62_TaskSupport_asm.obj (.text:_ti_sysbios_family_c62_TaskSupport_buildTaskStack)
                  80015700    00000040     hello_p64P.o64P (.text:_ti_sysbios_family_c64p_Hwi_Module__startupDone__F)
                  80015740    00000040     sysbios.a64P : BIOS.obj (.text:_ti_sysbios_family_c64p_Hwi_disableInterrupt__E)
                  80015780    00000040                  : BIOS.obj (.text:_ti_sysbios_family_c64p_Hwi_enableInterrupt__E)
                  800157c0    00000040                  : BIOS.obj (.text:_ti_sysbios_family_c64p_tci6482_TimerSupport_enable__E)
                  80015800    00000040                  : c64p_Hwi_asm_switch.obj (.text:_ti_sysbios_family_xxx_Hwi_switchToIsrStack)
                  80015840    00000040                  : BIOS.obj (.text:_ti_sysbios_gates_GateMutex_leave__E)
                  80015880    00000040     hello_p64P.o64P (.text:_ti_sysbios_hal_Timer_Module__startupDone__F)
                  800158c0    00000040     hello_p64P.o64P (.text:_ti_sysbios_knl_Queue_Object__destruct__S)
                  80015900    00000040     hello_p64P.o64P (.text:_ti_sysbios_knl_Semaphore_Object__destruct__S)
                  80015940    00000040     hello_p64P.o64P (.text:_ti_sysbios_knl_Task_SupportProxy_start__E)
                  80015980    00000040     hello_p64P.o64P (.text:_ti_sysbios_timers_timer64_Timer_Module__startupDone__F)
                  800159c0    00000040     ti.targets.rts6000.a64P : Error.o64P (.text:_xdc_runtime_Error_check__F)
                  80015a00    00000040                             : Error.o64P (.text:_xdc_runtime_Error_init__F)
                  80015a40    00000040     hello_p64P.o64P (.text:_xdc_runtime_IHeap_alloc)
                  80015a80    00000040     hello_p64P.o64P (.text:_xdc_runtime_IHeap_free)
                  80015ac0    00000040     ti.targets.rts6000.a64P : LoggerBuf.o64P (.text:_xdc_runtime_LoggerBuf_Instance_finalize__F)
                  80015b00    00000040     hello_p64P.o64P (.text:_xdc_runtime_LoggerBuf_setFilterLevel__E)
                  80015b40    00000040     hello_p64P.o64P (.text:_xdc_runtime_LoggerBuf_write0__E)
                  80015b80    00000040     ti.targets.rts6000.a64P : LoggerBuf.o64P (.text:_xdc_runtime_LoggerBuf_write0__F)
                  80015bc0    00000040     hello_p64P.o64P (.text:_xdc_runtime_LoggerBuf_write1__E)
                  80015c00    00000040     hello_p64P.o64P (.text:_xdc_runtime_LoggerBuf_write2__E)
                  80015c40    00000040     hello_p64P.o64P (.text:_xdc_runtime_LoggerBuf_write4__E)
                  80015c80    00000040     hello_p64P.o64P (.text:_xdc_runtime_Memory_HeapProxy_alloc__E)
                  80015cc0    00000040     hello_p64P.o64P (.text:_xdc_runtime_Memory_alloc__E)
                  80015d00    00000040     ti.targets.rts6000.a64P : Memory.o64P (.text:_xdc_runtime_Memory_free__F)
                  80015d40    00000040                             : Registry.o64P (.text:_xdc_runtime_Registry_findById__F)
                  80015d80    00000040     hello_p64P.o64P (.text:_xdc_runtime_Startup_exec__I)
                  80015dc0    00000040     ti.targets.rts6000.a64P : System.o64P (.text:_xdc_runtime_System_abort__F)
                  80015e00    00000040     hello_p64P.o64P (.text:_xdc_runtime_System_aprintf__E)
                  80015e40    00000040     hello_p64P.o64P (.text:_xdc_runtime_System_printf__E)
                  80015e80    00000040     ti.targets.rts6000.a64P : Text.o64P (.text:_xdc_runtime_Text_ropeText__F)
                  80015ec0    00000040     hello_p64P.o64P (.text:_xdc_runtime_Text_visitRope__I)
                  80015f00    00000020     ti.targets.rts6000.a64P : xdc_noinit.o64P (.text:___xdc__init)
                  80015f20    00000020     rts64plus.lib : fscanf.obj (.text:__inpchar)
                  80015f40    00000020                   : negll.obj (.text:__negll)
                  80015f60    00000020                   : _lock.obj (.text:__nop)
                  80015f80    00000020                   : printf.obj (.text:__outc)
                  80015fa0    00000020                   : printf.obj (.text:__outs)
                  80015fc0    00000020                   : _lock.obj (.text:__register_lock)
                  80015fe0    00000020                   : _lock.obj (.text:__register_unlock)
                  80016000    00000020                   : fscanf.obj (.text:__uninpchar)
                  80016020    00000020                   : exit.obj (.text:_abort)
                  80016040    00000020                   : atof.obj (.text:_atof)
                  80016060    00000020                   : remove.obj (.text:_remove)
                  80016080    00000020     hello_p64P.o64P (.text:_ti_sysbios_BIOS_RtsGateProxy_enter__E)
                  800160a0    00000020     hello_p64P.o64P (.text:_ti_sysbios_BIOS_RtsGateProxy_leave__E)
                  800160c0    00000020     sysbios.a64P : BIOS.obj (.text:_ti_sysbios_BIOS_nullFunc__I)
                  800160e0    00000020                  : BIOS.obj (.text:_ti_sysbios_BIOS_setThreadType__E)
                  80016100    00000020     hello_p64P.o64P (.text:_ti_sysbios_family_c62_TaskSupport_Module__startupDone__S)
                  80016120    00000020     sysbios.a64P : BIOS.obj (.text:_ti_sysbios_family_c62_TaskSupport_checkStack__E)
                  80016140    00000020                  : c62_TaskSupport_asm.obj (.text:_ti_sysbios_family_c62_TaskSupport_glue)
                  80016160    00000020     hello_p64P.o64P (.text:_ti_sysbios_family_c64p_Cache_Module_startup__E)
                  80016180    00000020     hello_p64P.o64P (.text:_ti_sysbios_family_c64p_Exception_Module_startup__E)
                  800161a0    00000020     hello_p64P.o64P (.text:_ti_sysbios_family_c64p_Hwi_Module__startupDone__S)
                  800161c0    00000020     hello_p64P.o64P (.text:_ti_sysbios_family_c64p_Hwi_Module_startup__E)
                  800161e0    00000020     sysbios.a64P : BIOS.obj (.text:_ti_sysbios_family_c64p_Hwi_clearInterrupt__E)
                  80016200    00000020                  : BIOS.obj (.text:_ti_sysbios_family_c64p_Hwi_startup__E)
                  80016220    00000020                  : BIOS.obj (.text:_ti_sysbios_family_c64p_Hwi_switchFromBootStack__E)
                  80016240    00000020     hello_p64P.o64P (.text:_ti_sysbios_family_c64p_TimestampProvider_Module_startup__E)
                  80016260    00000020     sysbios.a64P : BIOS.obj (.text:_ti_sysbios_family_c64p_TimestampProvider_Module_startup__F)
                  80016280    00000020                  : BIOS.obj (.text:_ti_sysbios_family_c64p_TimestampProvider_get64__E)
                  800162a0    00000020                  : c64p_Hwi_asm_switch.obj (.text:_ti_sysbios_family_xxx_Hwi_switchToTaskStack)
                  800162c0    00000020                  : BIOS.obj (.text:_ti_sysbios_gates_GateHwi_Instance_init__F)
                  800162e0    00000020                  : BIOS.obj (.text:_ti_sysbios_gates_GateHwi_enter__E)
                  80016300    00000020                  : BIOS.obj (.text:_ti_sysbios_gates_GateHwi_leave__E)
                  80016320    00000020     hello_p64P.o64P (.text:_ti_sysbios_gates_GateHwi_query__E)
                  80016340    00000020     sysbios.a64P : BIOS.obj (.text:_ti_sysbios_gates_GateHwi_query__F)
                  80016360    00000020                  : BIOS.obj (.text:_ti_sysbios_gates_GateMutex_Instance_finalize__F)
                  80016380    00000020     hello_p64P.o64P (.text:_ti_sysbios_gates_GateMutex_query__E)
                  800163a0    00000020     sysbios.a64P : BIOS.obj (.text:_ti_sysbios_gates_GateMutex_query__F)
                  800163c0    00000020     hello_p64P.o64P (.text:_ti_sysbios_hal_Hwi_HwiProxy_Module__startupDone__S)
                  800163e0    00000020     hello_p64P.o64P (.text:_ti_sysbios_hal_Hwi_HwiProxy_clearInterrupt__E)
                  80016400    00000020     hello_p64P.o64P (.text:_ti_sysbios_hal_Hwi_HwiProxy_disableInterrupt__E)
                  80016420    00000020     hello_p64P.o64P (.text:_ti_sysbios_hal_Hwi_HwiProxy_enableInterrupt__E)
                  80016440    00000020     hello_p64P.o64P (.text:_ti_sysbios_hal_Hwi_HwiProxy_getStackInfo__E)
                  80016460    00000020     hello_p64P.o64P (.text:_ti_sysbios_hal_Hwi_HwiProxy_startup__E)
                  80016480    00000020     hello_p64P.o64P (.text:_ti_sysbios_hal_Hwi_HwiProxy_switchFromBootStack__E)
                  800164a0    00000020     hello_p64P.o64P (.text:_ti_sysbios_hal_Hwi_Module_startup__E)
                  800164c0    00000020     sysbios.a64P : BIOS.obj (.text:_ti_sysbios_hal_Hwi_Module_startup__F)
                  800164e0    00000020                  : BIOS.obj (.text:_ti_sysbios_hal_Hwi_startup__E)
                  80016500    00000020     hello_p64P.o64P (.text:_ti_sysbios_hal_Timer_Module__startupDone__S)
                  80016520    00000020     hello_p64P.o64P (.text:_ti_sysbios_hal_Timer_Module_startup__E)
                  80016540    00000020     sysbios.a64P : BIOS.obj (.text:_ti_sysbios_hal_Timer_Module_startup__F)
                  80016560    00000020     hello_p64P.o64P (.text:_ti_sysbios_hal_Timer_TimerProxy_Module__startupDone__S)
                  80016580    00000020     hello_p64P.o64P (.text:_ti_sysbios_hal_Timer_TimerProxy_getPeriod__E)
                  800165a0    00000020     hello_p64P.o64P (.text:_ti_sysbios_hal_Timer_TimerProxy_startup__E)
                  800165c0    00000020     sysbios.a64P : BIOS.obj (.text:_ti_sysbios_hal_Timer_startup__E)
                  800165e0    00000020     hello_p64P.o64P (.text:_ti_sysbios_heaps_HeapMem_Module_GateProxy_enter__E)
                  80016600    00000020     hello_p64P.o64P (.text:_ti_sysbios_heaps_HeapMem_Module_GateProxy_leave__E)
                  80016620    00000020     hello_p64P.o64P (.text:_ti_sysbios_heaps_HeapMem_Module_GateProxy_query__E)
                  80016640    00000020     sysbios.a64P : BIOS.obj (.text:_ti_sysbios_heaps_HeapMem_isBlocking__E)
                  80016660    00000020     hello_p64P.o64P (.text:_ti_sysbios_knl_Clock_Module_State_clockQ)
                  80016680    00000020     hello_p64P.o64P (.text:_ti_sysbios_knl_Clock_Module_startup__E)
                  800166a0    00000020     sysbios.a64P : BIOS.obj (.text:_ti_sysbios_knl_Idle_loop__E)
                  800166c0    00000020                  : BIOS.obj (.text:_ti_sysbios_knl_Queue_Instance_init__F)
                  800166e0    00000020                  : BIOS.obj (.text:_ti_sysbios_knl_Queue_empty__E)
                  80016700    00000020                  : BIOS.obj (.text:_ti_sysbios_knl_Semaphore_Instance_finalize__F)
                  80016720    00000020     hello_p64P.o64P (.text:_ti_sysbios_knl_Swi_Module_startup__E)
                  80016740    00000020     sysbios.a64P : BIOS.obj (.text:_ti_sysbios_knl_Swi_disable__E)
                  80016760    00000020     hello_p64P.o64P (.text:_ti_sysbios_knl_Task_Module_startup__E)
                  80016780    00000020     hello_p64P.o64P (.text:_ti_sysbios_knl_Task_SupportProxy_Module__startupDone__S)
                  800167a0    00000020     hello_p64P.o64P (.text:_ti_sysbios_knl_Task_SupportProxy_checkStack__E)
                  800167c0    00000020     hello_p64P.o64P (.text:_ti_sysbios_knl_Task_SupportProxy_swap__E)
                  800167e0    00000020     sysbios.a64P : BIOS.obj (.text:_ti_sysbios_knl_Task_disable__E)
                  80016800    00000020                  : BIOS.obj (.text:_ti_sysbios_knl_Task_startup__E)
                  80016820    00000020     hello_p64P.o64P (.text:_ti_sysbios_timers_timer64_Timer_Module__startupDone__S)
                  80016840    00000020     hello_p64P.o64P (.text:_ti_sysbios_timers_timer64_Timer_Module_startup__E)
                  80016860    00000020     hello_p64P.o64P (.text:_ti_sysbios_timers_timer64_Timer_TimerSupportProxy_enable__E)
                  80016880    00000020     hello_p64P.o64P (.text:_xdc_iargToPtr)
                  800168a0    00000020     hello_p64P.o64P (.text:_xdc_runtime_Error_check__E)
                  800168c0    00000020     hello_p64P.o64P (.text:_xdc_runtime_Error_init__E)
                  800168e0    00000020     hello_p64P.o64P (.text:_xdc_runtime_Error_print__E)
                  80016900    00000020     ti.targets.rts6000.a64P : Gate.o64P (.text:_xdc_runtime_Gate_enterSystem__F)
                  80016920    00000020                             : Gate.o64P (.text:_xdc_runtime_Gate_leaveSystem__F)
                  80016940    00000020     hello_p64P.o64P (.text:_xdc_runtime_LoggerBuf_Module_GateProxy_enter__E)
                  80016960    00000020     hello_p64P.o64P (.text:_xdc_runtime_LoggerBuf_Module_GateProxy_leave__E)
                  80016980    00000020     hello_p64P.o64P (.text:_xdc_runtime_LoggerBuf_Module_startup__E)
                  800169a0    00000020     hello_p64P.o64P (.text:_xdc_runtime_LoggerBuf_TimestampProxy_get64__E)
                  800169c0    00000020     hello_p64P.o64P (.text:_xdc_runtime_LoggerBuf_disable__E)
                  800169e0    00000020     ti.targets.rts6000.a64P : LoggerBuf.o64P (.text:_xdc_runtime_LoggerBuf_disable__F)
                  80016a00    00000020     hello_p64P.o64P (.text:_xdc_runtime_LoggerBuf_enable__E)
                  80016a20    00000020     ti.targets.rts6000.a64P : LoggerBuf.o64P (.text:_xdc_runtime_LoggerBuf_enable__F)
                  80016a40    00000020     hello_p64P.o64P (.text:_xdc_runtime_LoggerBuf_getFilterLevel__E)
                  80016a60    00000020     ti.targets.rts6000.a64P : LoggerBuf.o64P (.text:_xdc_runtime_LoggerBuf_write1__F)
                  80016a80    00000020                             : LoggerBuf.o64P (.text:_xdc_runtime_LoggerBuf_write2__F)
                  80016aa0    00000020     hello_p64P.o64P (.text:_xdc_runtime_Memory_HeapProxy_free__E)
                  80016ac0    00000020     hello_p64P.o64P (.text:_xdc_runtime_Memory_free__E)
                  80016ae0    00000020     hello_p64P.o64P (.text:_xdc_runtime_Startup_reset__I)
                  80016b00    00000020     hello_p64P.o64P (.text:_xdc_runtime_SysMin_Module_startup__E)
                  80016b20    00000020     hello_p64P.o64P (.text:_xdc_runtime_SysMin_abort__E)
                  80016b40    00000020     hello_p64P.o64P (.text:_xdc_runtime_SysMin_exit__E)
                  80016b60    00000020     hello_p64P.o64P (.text:_xdc_runtime_SysMin_putch__E)
                  80016b80    00000020     hello_p64P.o64P (.text:_xdc_runtime_SysMin_ready__E)
                  80016ba0    00000020     ti.targets.rts6000.a64P : SysMin.o64P (.text:_xdc_runtime_SysMin_ready__F)
                  80016bc0    00000020     hello_p64P.o64P (.text:_xdc_runtime_System_Module_GateProxy_enter__E)
                  80016be0    00000020     hello_p64P.o64P (.text:_xdc_runtime_System_Module_GateProxy_leave__E)
                  80016c00    00000020     hello_p64P.o64P (.text:_xdc_runtime_System_Module_startup__E)
                  80016c20    00000020     ti.targets.rts6000.a64P : System.o64P (.text:_xdc_runtime_System_Module_startup__F)
                  80016c40    00000020     hello_p64P.o64P (.text:_xdc_runtime_System_SupportProxy_abort__E)
                  80016c60    00000020     hello_p64P.o64P (.text:_xdc_runtime_System_SupportProxy_exit__E)
                  80016c80    00000020     hello_p64P.o64P (.text:_xdc_runtime_System_SupportProxy_putch__E)
                  80016ca0    00000020     hello_p64P.o64P (.text:_xdc_runtime_System_SupportProxy_ready__E)
                  80016cc0    00000020     hello_p64P.o64P (.text:_xdc_runtime_System_atexit__E)
                  80016ce0    00000020     ti.targets.rts6000.a64P : System.o64P (.text:_xdc_runtime_System_exit__F)
                  80016d00    00000020                             : System.o64P (.text:_xdc_runtime_System_lastFxn__I)
                  80016d20    00000020                             : System.o64P (.text:_xdc_runtime_System_vsnprintf__F)
                  80016d40    00000020     hello_p64P.o64P (.text:_xdc_runtime_Text_putLab__E)
                  80016d60    00000020     hello_p64P.o64P (.text:_xdc_runtime_Text_putSite__E)

.far       0    80016d80    00003afc     UNINITIALIZED
                  80016d80    00002d08     hello_p64P.o64P (.far)
                  80019a88    00000800     hello_p64P.o64P (.far:taskStackSection)
                  8001a288    00000324     rts64plus.lib : defs.obj (.far)
                  8001a5ac    00000004                   : errno.obj (.far)
                  8001a5b0    00000188                   : atexit.obj (.far)
                  8001a738    0000011c                   : lowlev.obj (.far)
                  8001a854    0000000c                   : exit.obj (.far)
                  8001a860    00000008                   : _lock.obj (.far)
                  8001a868    00000008                   : trgdrv.obj (.far)
                  8001a870    00000004                   : fopen.obj (.far)
                  8001a874    00000004                   : sinit.obj (.far)
                  8001a878    00000004                   : strtok.obj (.far)

.const     0    8001a880    000024c1     
                  8001a880    00001596     hello_p64P.o64P (.const:xdc_runtime_Text_charTab__A)
                  8001be16    00000002     rts64plus.lib : fputs.obj (.const:.string)
                  8001be18    000004e4     sysbios.a64P : BIOS.obj (.const:.string)
                  8001c2fc    00000004     ti.targets.rts6000.a64P : Assert.o64P (.const:.string)
                  8001c300    00000101     rts64plus.lib : ctype.obj (.const:.string:__ctypes_)
                  8001c401    00000001     --HOLE-- [fill = 0]
                  8001c402    00000002     hello_p64P.o64P (.const:ti_sysbios_BIOS_Module__id__C)
                  8001c404    00000004     ti.targets.rts6000.a64P : Diags.o64P (.const:.string)
                  8001c408    000000c4     hello_p64P.o64P (.const:xdc_runtime_Text_nodeTab__A)
                  8001c4cc    00000058     ti.targets.rts6000.a64P : Error.o64P (.const:.string)
                  8001c524    00000004     hello_p64P.o64P (.const:ti_sysbios_BIOS_Module__diagsEnabled__C)
                  8001c528    00000050     rts64plus.lib : strtod.obj (.const:_digits)
                  8001c578    00000050                   : strtold.obj (.const:_digits)
                  8001c5c8    00000048     Ejemplo_comienzo.obj (.const:.string)
                  8001c610    00000048     hello_p64P.o64P (.const:.string)
                  8001c658    00000048     ti.targets.rts6000.a64P : Log.o64P (.const:.string)
                  8001c6a0    00000048     rts64plus.lib : strtod.obj (.const:_powerof10)
                  8001c6e8    00000048                   : strtold.obj (.const:_powerof10)
                  8001c730    00000040     ti.targets.rts6000.a64P : Text.o64P (.const:.string)
                  8001c770    0000003c     hello_p64P.o64P (.const:xdc_runtime_LoggerBuf_Module__FXNS__C)
                  8001c7ac    00000004     hello_p64P.o64P (.const:ti_sysbios_BIOS_Module__diagsIncluded__C)
                  8001c7b0    00000034     hello_p64P.o64P (.const:xdc_runtime_Startup_sfxnTab__A)
                  8001c7e4    0000002c     ti.targets.rts6000.a64P : Startup.o64P (.const:.string)
                  8001c810    00000028     hello_p64P.o64P (.const:ti_sysbios_heaps_HeapMem_Module__FXNS__C)
                  8001c838    00000028     hello_p64P.o64P (.const:xdc_runtime_LoggerBuf_Object__PARAMS__C)
                  8001c860    00000024     hello_p64P.o64P (.const:ti_sysbios_gates_GateHwi_Module__FXNS__C)
                  8001c884    00000024     hello_p64P.o64P (.const:ti_sysbios_gates_GateMutex_Module__FXNS__C)
                  8001c8a8    00000024     hello_p64P.o64P (.const:ti_sysbios_heaps_HeapMem_Object__PARAMS__C)
                  8001c8cc    00000024     hello_p64P.o64P (.const:ti_sysbios_knl_Semaphore_Object__PARAMS__C)
                  8001c8f0    00000023     rts64plus.lib : _printfi.obj (.const:.string)
                  8001c913    00000001     --HOLE-- [fill = 0]
                  8001c914    00000020     hello_p64P.o64P (.const:ti_sysbios_gates_GateHwi_Object__DESC__C)
                  8001c934    00000020     hello_p64P.o64P (.const:ti_sysbios_gates_GateMutex_Object__DESC__C)
                  8001c954    00000020     hello_p64P.o64P (.const:ti_sysbios_heaps_HeapMem_Object__DESC__C)
                  8001c974    00000020     hello_p64P.o64P (.const:ti_sysbios_knl_Queue_Object__DESC__C)
                  8001c994    00000020     hello_p64P.o64P (.const:ti_sysbios_knl_Semaphore_Object__DESC__C)
                  8001c9b4    00000020     hello_p64P.o64P (.const:xdc_runtime_LoggerBuf_Object__DESC__C)
                  8001c9d4    00000004     hello_p64P.o64P (.const:ti_sysbios_BIOS_Module__diagsMask__C)
                  8001c9d8    0000001a     hello_p64P.o64P (.const:xdc_runtime_Startup_sfxnRts__A)
                  8001c9f2    00000002     hello_p64P.o64P (.const:ti_sysbios_family_c64p_Exception_Module__id__C)
                  8001c9f4    00000018     hello_p64P.o64P (.const:ti_sysbios_gates_GateHwi_Object__PARAMS__C)
                  8001ca0c    00000018     hello_p64P.o64P (.const:ti_sysbios_gates_GateMutex_Object__PARAMS__C)
                  8001ca24    00000018     hello_p64P.o64P (.const:ti_sysbios_knl_Queue_Object__PARAMS__C)
                  8001ca3c    00000004     hello_p64P.o64P (.const:ti_sysbios_BIOS_installedErrorHook__C)
                  8001ca40    00000018     hello_p64P.o64P (.const:ti_sysbios_knl_Task_hooks__A)
                  8001ca58    00000011     ti.targets.rts6000.a64P : System.o64P (.const:_digtohex)
                  8001ca69    00000001     --HOLE-- [fill = 0]
                  8001ca6a    00000002     hello_p64P.o64P (.const:ti_sysbios_family_c64p_Exception_useInternalBuffer__C)
                  8001ca6c    0000000c     hello_p64P.o64P (.const:ti_sysbios_family_c64p_Cache_initSize__C)
                  8001ca78    00000008     rts64plus.lib : divd.obj (.const:.string:_initial_approx$1)
                  8001ca80    00000008     ti.targets.rts6000.a64P : System.o64P (.const:.string)
                  8001ca88    00000008     hello_p64P.o64P (.const:ti_sysbios_knl_Idle_coreList__C)
                  8001ca90    00000008     hello_p64P.o64P (.const:ti_sysbios_knl_Idle_funcList__C)
                  8001ca98    00000008     hello_p64P.o64P (.const:ti_sysbios_knl_Task_hooks__C)
                  8001caa0    00000008     hello_p64P.o64P (.const:xdc_runtime_Startup_firstFxns__A)
                  8001caa8    00000008     hello_p64P.o64P (.const:xdc_runtime_Startup_firstFxns__C)
                  8001cab0    00000008     hello_p64P.o64P (.const:xdc_runtime_Startup_lastFxns__C)
                  8001cab8    00000007     rts64plus.lib : _scanfi.obj (.const:.string:_flit$1)
                  8001cabf    00000001     --HOLE-- [fill = 0]
                  8001cac0    00000006                   : _scanfi.obj (.const:.string:_barr$2)
                  8001cac6    00000002     hello_p64P.o64P (.const:ti_sysbios_family_c64p_Hwi_Module__id__C)
                  8001cac8    00000004     hello_p64P.o64P (.const:ti_sysbios_family_c64p_Cache_MAR0_31__C)
                  8001cacc    00000004     hello_p64P.o64P (.const:ti_sysbios_family_c64p_Cache_MAR128_159__C)
                  8001cad0    00000004     hello_p64P.o64P (.const:ti_sysbios_family_c64p_Cache_MAR160_191__C)
                  8001cad4    00000004     hello_p64P.o64P (.const:ti_sysbios_family_c64p_Cache_MAR192_223__C)
                  8001cad8    00000004     hello_p64P.o64P (.const:ti_sysbios_family_c64p_Cache_MAR224_255__C)
                  8001cadc    00000004     hello_p64P.o64P (.const:ti_sysbios_family_c64p_Cache_MAR32_63__C)
                  8001cae0    00000004     hello_p64P.o64P (.const:ti_sysbios_family_c64p_Cache_MAR64_95__C)
                  8001cae4    00000004     hello_p64P.o64P (.const:ti_sysbios_family_c64p_Cache_MAR96_127__C)
                  8001cae8    00000004     hello_p64P.o64P (.const:ti_sysbios_family_c64p_Exception_E_exceptionMin__C)
                  8001caec    00000004     hello_p64P.o64P (.const:ti_sysbios_family_c64p_Exception_exceptionHook__C)
                  8001caf0    00000004     hello_p64P.o64P (.const:ti_sysbios_family_c64p_Exception_externalHook__C)
                  8001caf4    00000004     hello_p64P.o64P (.const:ti_sysbios_family_c64p_Exception_internalHook__C)
                  8001caf8    00000004     hello_p64P.o64P (.const:ti_sysbios_family_c64p_Exception_nmiHook__C)
                  8001cafc    00000004     hello_p64P.o64P (.const:ti_sysbios_family_c64p_Hwi_LD_end__C)
                  8001cb00    00000004     hello_p64P.o64P (.const:ti_sysbios_family_c64p_Hwi_LM_begin__C)
                  8001cb04    00000004     hello_p64P.o64P (.const:ti_sysbios_family_c64p_Hwi_Module__diagsEnabled__C)
                  8001cb08    00000004     hello_p64P.o64P (.const:ti_sysbios_family_c64p_Hwi_Module__diagsIncluded__C)
                  8001cb0c    00000004     hello_p64P.o64P (.const:ti_sysbios_family_c64p_Hwi_Module__diagsMask__C)
                  8001cb10    00000004     hello_p64P.o64P (.const:ti_sysbios_family_c64p_Hwi_Module__loggerFxn1__C)
                  8001cb14    00000004     hello_p64P.o64P (.const:ti_sysbios_family_c64p_Hwi_Module__loggerFxn8__C)
                  8001cb18    00000004     hello_p64P.o64P (.const:ti_sysbios_family_c64p_Hwi_Module__loggerObj__C)
                  8001cb1c    00000004     hello_p64P.o64P (.const:ti_sysbios_gates_GateMutex_A_badContext__C)
                  8001cb20    00000004     hello_p64P.o64P (.const:ti_sysbios_gates_GateMutex_Instance_State_sem__O)
                  8001cb24    00000004     hello_p64P.o64P (.const:ti_sysbios_gates_GateMutex_Module__diagsEnabled__C)
                  8001cb28    00000004     hello_p64P.o64P (.const:ti_sysbios_gates_GateMutex_Module__diagsIncluded__C)
                  8001cb2c    00000004     hello_p64P.o64P (.const:ti_sysbios_gates_GateMutex_Module__diagsMask__C)
                  8001cb30    00000004     hello_p64P.o64P (.const:ti_sysbios_hal_Hwi_E_stackOverflow__C)
                  8001cb34    00000004     hello_p64P.o64P (.const:ti_sysbios_heaps_HeapMem_A_align__C)
                  8001cb38    00000004     hello_p64P.o64P (.const:ti_sysbios_heaps_HeapMem_A_heapSize__C)
                  8001cb3c    00000004     hello_p64P.o64P (.const:ti_sysbios_heaps_HeapMem_A_invalidFree__C)
                  8001cb40    00000004     hello_p64P.o64P (.const:ti_sysbios_heaps_HeapMem_A_zeroBlock__C)
                  8001cb44    00000004     hello_p64P.o64P (.const:ti_sysbios_heaps_HeapMem_E_memory__C)
                  8001cb48    00000004     hello_p64P.o64P (.const:ti_sysbios_heaps_HeapMem_Module__diagsEnabled__C)
                  8001cb4c    00000004     hello_p64P.o64P (.const:ti_sysbios_heaps_HeapMem_Module__diagsIncluded__C)
                  8001cb50    00000004     hello_p64P.o64P (.const:ti_sysbios_heaps_HeapMem_Module__diagsMask__C)
                  8001cb54    00000004     hello_p64P.o64P (.const:ti_sysbios_heaps_HeapMem_Module__gateObj__C)
                  8001cb58    00000004     hello_p64P.o64P (.const:ti_sysbios_heaps_HeapMem_Object__count__C)
                  8001cb5c    00000004     hello_p64P.o64P (.const:ti_sysbios_heaps_HeapMem_Object__table__C)
                  8001cb60    00000004     hello_p64P.o64P (.const:ti_sysbios_heaps_HeapMem_reqAlign__C)
                  8001cb64    00000004     hello_p64P.o64P (.const:ti_sysbios_knl_Clock_LM_begin__C)
                  8001cb68    00000004     hello_p64P.o64P (.const:ti_sysbios_knl_Clock_LM_tick__C)
                  8001cb6c    00000004     hello_p64P.o64P (.const:ti_sysbios_knl_Clock_LW_delayed__C)
                  8001cb70    00000004     hello_p64P.o64P (.const:ti_sysbios_knl_Clock_Module_State_clockQ__O)
                  8001cb74    00000004     hello_p64P.o64P (.const:ti_sysbios_knl_Clock_Module__diagsEnabled__C)
                  8001cb78    00000004     hello_p64P.o64P (.const:ti_sysbios_knl_Clock_Module__diagsIncluded__C)
                  8001cb7c    00000004     hello_p64P.o64P (.const:ti_sysbios_knl_Clock_Module__diagsMask__C)
                  8001cb80    00000004     hello_p64P.o64P (.const:ti_sysbios_knl_Clock_Module__loggerFxn1__C)
                  8001cb84    00000004     hello_p64P.o64P (.const:ti_sysbios_knl_Clock_Module__loggerFxn2__C)
                  8001cb88    00000004     hello_p64P.o64P (.const:ti_sysbios_knl_Clock_Module__loggerObj__C)
                  8001cb8c    00000004     hello_p64P.o64P (.const:ti_sysbios_knl_Queue_Object__count__C)
                  8001cb90    00000004     hello_p64P.o64P (.const:ti_sysbios_knl_Idle_coreList__A)
                  8001cb94    00000004     hello_p64P.o64P (.const:ti_sysbios_knl_Queue_Object__table__C)
                  8001cb98    00000004     hello_p64P.o64P (.const:ti_sysbios_knl_Idle_funcList__A)
                  8001cb9c    00000004     hello_p64P.o64P (.const:ti_sysbios_knl_Semaphore_A_badContext__C)
                  8001cba0    00000004     hello_p64P.o64P (.const:ti_sysbios_knl_Semaphore_A_noEvents__C)
                  8001cba4    00000004     hello_p64P.o64P (.const:ti_sysbios_knl_Semaphore_A_overflow__C)
                  8001cba8    00000004     hello_p64P.o64P (.const:ti_sysbios_knl_Semaphore_A_pendTaskDisabled__C)
                  8001cbac    00000004     hello_p64P.o64P (.const:ti_sysbios_knl_Semaphore_Instance_State_pendQ__O)
                  8001cbb0    00000004     hello_p64P.o64P (.const:ti_sysbios_knl_Semaphore_LM_pend__C)
                  8001cbb4    00000004     hello_p64P.o64P (.const:ti_sysbios_knl_Semaphore_LM_post__C)
                  8001cbb8    00000004     hello_p64P.o64P (.const:ti_sysbios_knl_Semaphore_Module__diagsEnabled__C)
                  8001cbbc    00000004     hello_p64P.o64P (.const:ti_sysbios_knl_Semaphore_Module__diagsIncluded__C)
                  8001cbc0    00000004     hello_p64P.o64P (.const:ti_sysbios_knl_Semaphore_Module__diagsMask__C)
                  8001cbc4    00000004     hello_p64P.o64P (.const:ti_sysbios_knl_Semaphore_Module__loggerFxn2__C)
                  8001cbc8    00000004     hello_p64P.o64P (.const:ti_sysbios_knl_Semaphore_Module__loggerFxn4__C)
                  8001cbcc    00000004     hello_p64P.o64P (.const:ti_sysbios_knl_Semaphore_Module__loggerObj__C)
                  8001cbd0    00000004     hello_p64P.o64P (.const:ti_sysbios_knl_Swi_LD_end__C)
                  8001cbd4    00000004     hello_p64P.o64P (.const:ti_sysbios_knl_Swi_LM_begin__C)
                  8001cbd8    00000004     hello_p64P.o64P (.const:ti_sysbios_knl_Swi_LM_post__C)
                  8001cbdc    00000004     hello_p64P.o64P (.const:ti_sysbios_knl_Swi_Module__diagsEnabled__C)
                  8001cbe0    00000004     hello_p64P.o64P (.const:ti_sysbios_knl_Swi_Module__diagsIncluded__C)
                  8001cbe4    00000004     hello_p64P.o64P (.const:ti_sysbios_knl_Swi_Module__diagsMask__C)
                  8001cbe8    00000004     hello_p64P.o64P (.const:ti_sysbios_knl_Swi_Module__loggerFxn1__C)
                  8001cbec    00000004     hello_p64P.o64P (.const:ti_sysbios_knl_Swi_Module__loggerFxn4__C)
                  8001cbf0    00000004     hello_p64P.o64P (.const:ti_sysbios_knl_Swi_Module__loggerObj__C)
                  8001cbf4    00000004     hello_p64P.o64P (.const:ti_sysbios_knl_Swi_Object__count__C)
                  8001cbf8    00000004     hello_p64P.o64P (.const:ti_sysbios_knl_Swi_Object__table__C)
                  8001cbfc    00000004     hello_p64P.o64P (.const:ti_sysbios_knl_Task_E_spOutOfBounds__C)
                  8001cc00    00000004     hello_p64P.o64P (.const:ti_sysbios_knl_Task_E_stackOverflow__C)
                  8001cc04    00000004     hello_p64P.o64P (.const:ti_sysbios_knl_Task_LD_block__C)
                  8001cc08    00000004     hello_p64P.o64P (.const:ti_sysbios_knl_Task_LD_exit__C)
                  8001cc0c    00000004     hello_p64P.o64P (.const:ti_sysbios_knl_Task_LD_ready__C)
                  8001cc10    00000004     hello_p64P.o64P (.const:ti_sysbios_knl_Task_LM_switch__C)
                  8001cc14    00000004     hello_p64P.o64P (.const:ti_sysbios_knl_Task_Module_State_inactiveQ__O)
                  8001cc18    00000004     hello_p64P.o64P (.const:ti_sysbios_knl_Task_Module__diagsEnabled__C)
                  8001cc1c    00000004     hello_p64P.o64P (.const:ti_sysbios_knl_Task_Module__diagsIncluded__C)
                  8001cc20    00000004     hello_p64P.o64P (.const:ti_sysbios_knl_Task_Module__diagsMask__C)
                  8001cc24    00000004     hello_p64P.o64P (.const:ti_sysbios_knl_Task_Module__loggerFxn2__C)
                  8001cc28    00000004     hello_p64P.o64P (.const:ti_sysbios_knl_Task_Module__loggerFxn4__C)
                  8001cc2c    00000004     hello_p64P.o64P (.const:ti_sysbios_knl_Task_Module__loggerObj__C)
                  8001cc30    00000004     hello_p64P.o64P (.const:ti_sysbios_knl_Task_Object__count__C)
                  8001cc34    00000004     hello_p64P.o64P (.const:ti_sysbios_knl_Task_Object__table__C)
                  8001cc38    00000004     hello_p64P.o64P (.const:ti_sysbios_knl_Task_allBlockedFunc__C)
                  8001cc3c    00000004     hello_p64P.o64P (.const:ti_sysbios_knl_Task_numConstructedTasks__C)
                  8001cc40    00000004     hello_p64P.o64P (.const:ti_sysbios_timers_timer64_Timer_A_notAvailable__C)
                  8001cc44    00000004     hello_p64P.o64P (.const:ti_sysbios_timers_timer64_Timer_E_cannotSupport__C)
                  8001cc48    00000004     hello_p64P.o64P (.const:ti_sysbios_timers_timer64_Timer_Module__diagsEnabled__C)
                  8001cc4c    00000004     hello_p64P.o64P (.const:ti_sysbios_timers_timer64_Timer_Module__diagsIncluded__C)
                  8001cc50    00000004     hello_p64P.o64P (.const:ti_sysbios_timers_timer64_Timer_Module__diagsMask__C)
                  8001cc54    00000004     hello_p64P.o64P (.const:ti_sysbios_timers_timer64_Timer_anyMask__C)
                  8001cc58    00000004     hello_p64P.o64P (.const:ti_sysbios_timers_timer64_Timer_freqDivisor__C)
                  8001cc5c    00000004     hello_p64P.o64P (.const:ti_sysbios_timers_timer64_Timer_numLocalTimers__C)
                  8001cc60    00000004     hello_p64P.o64P (.const:ti_sysbios_timers_timer64_Timer_numTimerDevices__C)
                  8001cc64    00000004     hello_p64P.o64P (.const:xdc_runtime_Assert_E_assertFailed__C)
                  8001cc68    00000004     hello_p64P.o64P (.const:xdc_runtime_Core_A_initializedParams__C)
                  8001cc6c    00000004     hello_p64P.o64P (.const:xdc_runtime_Core_Module__diagsEnabled__C)
                  8001cc70    00000004     hello_p64P.o64P (.const:xdc_runtime_Core_Module__diagsIncluded__C)
                  8001cc74    00000004     hello_p64P.o64P (.const:xdc_runtime_Core_Module__diagsMask__C)
                  8001cc78    00000004     hello_p64P.o64P (.const:xdc_runtime_Error_E_memory__C)
                  8001cc7c    00000004     hello_p64P.o64P (.const:xdc_runtime_Error_Module__diagsEnabled__C)
                  8001cc80    00000004     hello_p64P.o64P (.const:xdc_runtime_Error_Module__diagsIncluded__C)
                  8001cc84    00000004     hello_p64P.o64P (.const:xdc_runtime_Error_Module__diagsMask__C)
                  8001cc88    00000004     hello_p64P.o64P (.const:xdc_runtime_Error_Module__loggerFxn8__C)
                  8001cc8c    00000004     hello_p64P.o64P (.const:xdc_runtime_Error_Module__loggerObj__C)
                  8001cc90    00000004     hello_p64P.o64P (.const:xdc_runtime_Error_policy__C)
                  8001cc94    00000004     hello_p64P.o64P (.const:xdc_runtime_Error_raiseHook__C)
                  8001cc98    00000004     hello_p64P.o64P (.const:xdc_runtime_IFilterLogger_Interface__BASE__C)
                  8001cc9c    00000004     hello_p64P.o64P (.const:xdc_runtime_IGateProvider_Interface__BASE__C)
                  8001cca0    00000004     hello_p64P.o64P (.const:xdc_runtime_IHeap_Interface__BASE__C)
                  8001cca4    00000004     hello_p64P.o64P (.const:xdc_runtime_ILogger_Interface__BASE__C)
                  8001cca8    00000004     hello_p64P.o64P (.const:xdc_runtime_IModule_Interface__BASE__C)
                  8001ccac    00000004     hello_p64P.o64P (.const:xdc_runtime_Log_L_error__C)
                  8001ccb0    00000004     hello_p64P.o64P (.const:xdc_runtime_LoggerBuf_E_badLevel__C)
                  8001ccb4    00000004     hello_p64P.o64P (.const:xdc_runtime_LoggerBuf_Module__gateObj__C)
                  8001ccb8    00000004     hello_p64P.o64P (.const:xdc_runtime_LoggerBuf_Object__count__C)
                  8001ccbc    00000004     hello_p64P.o64P (.const:xdc_runtime_LoggerBuf_Object__table__C)
                  8001ccc0    00000004     hello_p64P.o64P (.const:xdc_runtime_LoggerBuf_statusLogger__C)
                  8001ccc4    00000004     hello_p64P.o64P (.const:xdc_runtime_Memory_defaultHeapInstance__C)
                  8001ccc8    00000004     hello_p64P.o64P (.const:xdc_runtime_Startup_execImpl__C)
                  8001cccc    00000004     hello_p64P.o64P (.const:xdc_runtime_Startup_maxPasses__C)
                  8001ccd0    00000004     hello_p64P.o64P (.const:xdc_runtime_Startup_lastFxns__A)
                  8001ccd4    00000004     hello_p64P.o64P (.const:xdc_runtime_Startup_sfxnRts__C)
                  8001ccd8    00000004     hello_p64P.o64P (.const:xdc_runtime_Startup_sfxnTab__C)
                  8001ccdc    00000004     hello_p64P.o64P (.const:xdc_runtime_Startup_startModsFxn__C)
                  8001cce0    00000004     hello_p64P.o64P (.const:xdc_runtime_SysMin_bufSize__C)
                  8001cce4    00000004     hello_p64P.o64P (.const:xdc_runtime_SysMin_outputFunc__C)
                  8001cce8    00000004     hello_p64P.o64P (.const:xdc_runtime_System_Module__gateObj__C)
                  8001ccec    00000004     hello_p64P.o64P (.const:xdc_runtime_System_extendFxn__C)
                  8001ccf0    00000004     hello_p64P.o64P (.const:xdc_runtime_System_maxAtexitHandlers__C)
                  8001ccf4    00000004     hello_p64P.o64P (.const:xdc_runtime_Text_charTab__C)
                  8001ccf8    00000004     hello_p64P.o64P (.const:xdc_runtime_Text_nameEmpty__C)
                  8001ccfc    00000004     hello_p64P.o64P (.const:xdc_runtime_Text_nameStatic__C)
                  8001cd00    00000004     hello_p64P.o64P (.const:xdc_runtime_Text_nameUnknown__C)
                  8001cd04    00000004     hello_p64P.o64P (.const:xdc_runtime_Text_nodeTab__C)
                  8001cd08    00000004     hello_p64P.o64P (.const:xdc_runtime_Text_visitRopeFxn__C)
                  8001cd0c    00000002     hello_p64P.o64P (.const:ti_sysbios_family_c64p_Hwi_Module__loggerDefined__C)
                  8001cd0e    00000002     hello_p64P.o64P (.const:ti_sysbios_gates_GateMutex_Module__id__C)
                  8001cd10    00000002     hello_p64P.o64P (.const:ti_sysbios_hal_Hwi_Module__id__C)
                  8001cd12    00000002     hello_p64P.o64P (.const:ti_sysbios_heaps_HeapMem_Module__id__C)
                  8001cd14    00000002     hello_p64P.o64P (.const:ti_sysbios_knl_Clock_Module__id__C)
                  8001cd16    00000002     hello_p64P.o64P (.const:ti_sysbios_knl_Clock_Module__loggerDefined__C)
                  8001cd18    00000002     hello_p64P.o64P (.const:ti_sysbios_knl_Semaphore_Module__id__C)
                  8001cd1a    00000002     hello_p64P.o64P (.const:ti_sysbios_knl_Semaphore_Module__loggerDefined__C)
                  8001cd1c    00000002     hello_p64P.o64P (.const:ti_sysbios_knl_Swi_Module__id__C)
                  8001cd1e    00000002     hello_p64P.o64P (.const:ti_sysbios_knl_Swi_Module__loggerDefined__C)
                  8001cd20    00000002     hello_p64P.o64P (.const:ti_sysbios_knl_Task_Module__id__C)
                  8001cd22    00000002     hello_p64P.o64P (.const:ti_sysbios_knl_Task_Module__loggerDefined__C)
                  8001cd24    00000002     hello_p64P.o64P (.const:ti_sysbios_knl_Task_initStackFlag__C)
                  8001cd26    00000002     hello_p64P.o64P (.const:ti_sysbios_timers_timer64_Timer_Module__id__C)
                  8001cd28    00000002     hello_p64P.o64P (.const:ti_sysbios_timers_timer64_Timer_startupNeeded__C)
                  8001cd2a    00000002     hello_p64P.o64P (.const:xdc_runtime_Core_Module__id__C)
                  8001cd2c    00000002     hello_p64P.o64P (.const:xdc_runtime_Error_Module__loggerDefined__C)
                  8001cd2e    00000002     hello_p64P.o64P (.const:xdc_runtime_Error_maxDepth__C)
                  8001cd30    00000002     hello_p64P.o64P (.const:xdc_runtime_LoggerBuf_Module__id__C)
                  8001cd32    00000002     hello_p64P.o64P (.const:xdc_runtime_LoggerBuf_filterByLevel__C)
                  8001cd34    00000002     hello_p64P.o64P (.const:xdc_runtime_Memory_Module__id__C)
                  8001cd36    00000002     hello_p64P.o64P (.const:xdc_runtime_SysMin_flushAtExit__C)
                  8001cd38    00000002     hello_p64P.o64P (.const:xdc_runtime_Text_charCnt__C)
                  8001cd3a    00000002     hello_p64P.o64P (.const:xdc_runtime_Text_isLoaded__C)
                  8001cd3c    00000002     hello_p64P.o64P (.const:xdc_runtime_Text_registryModsLastId__C)
                  8001cd3e    00000002     hello_p64P.o64P (.const:xdc_runtime_Text_unnamedModsLastId__C)
                  8001cd40    00000001     Ejemplo_comienzo.obj (.const:.string:_$P$T0$1)

.stack     0    8001cd48    00001000     UNINITIALIZED
                  8001cd48    00000008     boot.a64P : boot.o64P (.stack)
                  8001cd50    00000ff8     --HOLE--

.cinit     0    8001dd48    00000814     
                  8001dd48    0000069c     hello_p64P.o64P (.cinit)
                  8001e3e4    00000004     --HOLE-- [fill = 0]
                  8001e3e8    0000005c     rts64plus.lib : defs.obj (.cinit)
                  8001e444    00000004     --HOLE-- [fill = 0]
                  8001e448    0000005c                   : lowlev.obj (.cinit)
                  8001e4a4    00000004     --HOLE-- [fill = 0]
                  8001e4a8    0000002c                   : exit.obj (.cinit)
                  8001e4d4    00000004     --HOLE-- [fill = 0]
                  8001e4d8    0000001c                   : _lock.obj (.cinit)
                  8001e4f4    00000004     --HOLE-- [fill = 0]
                  8001e4f8    0000001c                   : atexit.obj (.cinit)
                  8001e514    00000004     --HOLE-- [fill = 0]
                  8001e518    0000000c                   : errno.obj (.cinit)
                  8001e524    00000004     --HOLE-- [fill = 0]
                  8001e528    0000000c                   : fopen.obj (.cinit)
                  8001e534    00000004     --HOLE-- [fill = 0]
                  8001e538    0000000c                   : sinit.obj (.cinit)
                  8001e544    00000004     --HOLE-- [fill = 0]
                  8001e548    0000000c                   : strtok.obj (.cinit)
                  8001e554    00000004     --HOLE-- [fill = 0]
                  8001e558    00000004     (.pad.cinit) [fill = 0]

.cio       0    8001e560    00000120     UNINITIALIZED
                  8001e560    00000120     rts64plus.lib : trgmsg.obj (.cio)

.switch    0    8001e680    00000028     
                  8001e680    00000028     rts64plus.lib : _scanfi.obj (.switch:__sset_arg)

.bss       0    8001e6a8    00000018     UNINITIALIZED
                  8001e6a8    00000018     Ejemplo_comienzo.obj (.bss)

.vecs      0    8001e800    00000200     
                  8001e800    00000200     hello_p64P.o64P (.vecs)


GLOBAL SYMBOLS: SORTED ALPHABETICALLY BY Name 

address    name
--------   ----
8001e6a8   $bss
8001e6a8   .bss
ffffffff   .data
ffffffff   .text
80016020   C$$EXIT
80015058   C$$IO$$
800125e0   _HOSTclose
800104c0   _HOSTlseek
80010ec0   _HOSTopen
80011860   _HOSTread
8000e660   _HOSTrename
80011920   _HOSTunlink
800119e0   _HOSTwrite
80019820   _TSK_idle
8001e560   __CIOBUF_
8001dd48   __STACK_END
00001000   __STACK_SIZE
00000001   __TI_args_main
80000000   ___ASM__
80000080   ___ISA__
80000098   ___PLAT__
800000c0   ___TARG__
8001a85c   ___TI_enable_exit_profile_output
ffffffff   ___TI_pprof_out_hndl
ffffffff   ___TI_prof_data_size
ffffffff   ___TI_prof_data_start
800000e0   ___TRDR__
800153c0   ___add_dtor
8001a5b0   ___atexit_func_id__
ffffffff   ___binit__
8001e6a8   ___bss__
ffffffff   ___c_args__
8001dd48   ___cinit__
ffffffff   ___data__
ffffffff   ___edata__
8001e6c0   ___end__
ffffffff   ___etext__
80015400   ___isinf
ffffffff   ___pinit__
ffffffff   ___text__
80015f00   ___xdc__init
80019a84   ___xdc__init__addr
8000c620   __addd
80008f00   __addf
80015480   __args_main
800105c0   __auto_init
8000faa0   __buff_read
80011b60   __c6xabi_divu
80012ae0   __c6xabi_remu
80012680   __cleanup
8001a854   __cleanup_ptr
8000fbc0   __closefile
80010fa0   __cmpd
8001c300   __ctypes_
80012720   __cvtdf
800146a0   __cvtfd
80004280   __divd
800127c0   __divli
80011b60   __divu
8000db00   __divul
8000a720   __divull
80011c20   __doflush
8001a858   __dtors_ptr
800138a0   __fixdi
800129a0   __fixdli
80013920   __fltlid
8000c820   __frcaddd
800106c0   __frcmpyd
800154c0   __frcmpyd_div
80014700   __frcmpyf
8001a5a8   __ft_end
8001a288   __ftable
800139a0   __llshl
80015500   __llshru
8001a860   __lock
8000a980   __mpyd
8000ca20   __mpyf
80015540   __negd
80015f40   __negll
80015f60   __nop
80006860   __printfi
80011ce0   __rd_ok
80015fc0   __register_lock
80015fe0   __register_unlock
80015580   __remli
80012ae0   __remu
800155c0   __remul
80014760   __remull
80013a20   __renormd
80000000   __scanfi
8001cd48   __stack
800147c0   __subcull
80015600   __subd
8001a468   __tmpnams
8001a864   __unlock
800107c0   __wrt_ok
80016020   _abort
80003338   _apply_coeffs
00000000   _argsize
80011da0   _atexit
80016040   _atof
80011080   _atoi
80012b80   _c_int00
800108c0   _call_dtors
80011160   _close
8001a874   _dtors
8001a5ac   _errno
80011e60   _exit
80014820   _fclose
8000f0a0   _fgetc
80003588   _fir
800034b8   _fir2
80014880   _fopen
8000b960   _fputc
800078e0   _fputs
800148e0   _free
80011240   _fscanf
80010160   _fseek
8000f0a0   _getc
80012cc0   _lseek
80011f20   _ltoa
800036e4   _main
80012d60   _malloc
80014940   _memccpy
80012e00   _memcpy
80011320   _memset
8000e960   _open
80011400   _printf
8000b960   _putc
80012ea0   _read
800031c0   _read_csv
80013aa0   _readmsg
80016060   _remove
8000ce20   _setvbuf
80003394   _stob
800149a0   _strcspn
80012f40   _strspn
800047c0   _strtod
80011fe0   _strtok
80005b40   _strtol
80004ce0   _strtold
80005fa0   _strtoll
800070e0   _strtoul
800074e0   _strtoull
8001c524   _ti_sysbios_BIOS_Module__diagsEnabled__C
8001c7ac   _ti_sysbios_BIOS_Module__diagsIncluded__C
8001c9d4   _ti_sysbios_BIOS_Module__diagsMask__C
8001c402   _ti_sysbios_BIOS_Module__id__C
80019588   _ti_sysbios_BIOS_Module__state__V
80016080   _ti_sysbios_BIOS_RtsGateProxy_enter__E
800160a0   _ti_sysbios_BIOS_RtsGateProxy_leave__E
800120a0   _ti_sysbios_BIOS_errorRaiseHook__I
80013b20   _ti_sysbios_BIOS_exitFunc__I
8001ca3c   _ti_sysbios_BIOS_installedErrorHook__C
800160c0   _ti_sysbios_BIOS_nullFunc__I
80014a60   _ti_sysbios_BIOS_registerRTSLock__I
80015640   _ti_sysbios_BIOS_rtsLock__I
8000ef40   _ti_sysbios_BIOS_rtsUnlock__I
800160e0   _ti_sysbios_BIOS_setThreadType__E
80015680   _ti_sysbios_BIOS_startFunc__I
80016100   _ti_sysbios_family_c62_TaskSupport_Module__startupDone__S
800156c0   _ti_sysbios_family_c62_TaskSupport_buildTaskStack
80016120   _ti_sysbios_family_c62_TaskSupport_checkStack__E
80016140   _ti_sysbios_family_c62_TaskSupport_glue
80013ba0   _ti_sysbios_family_c62_TaskSupport_start__E
80013c20   _ti_sysbios_family_c62_TaskSupport_swap__E
8001cac8   _ti_sysbios_family_c64p_Cache_MAR0_31__C
8001cacc   _ti_sysbios_family_c64p_Cache_MAR128_159__C
8001cad0   _ti_sysbios_family_c64p_Cache_MAR160_191__C
8001cad4   _ti_sysbios_family_c64p_Cache_MAR192_223__C
8001cad8   _ti_sysbios_family_c64p_Cache_MAR224_255__C
8001cadc   _ti_sysbios_family_c64p_Cache_MAR32_63__C
8001cae0   _ti_sysbios_family_c64p_Cache_MAR64_95__C
8001cae4   _ti_sysbios_family_c64p_Cache_MAR96_127__C
800195a8   _ti_sysbios_family_c64p_Cache_Module__state__V
80016160   _ti_sysbios_family_c64p_Cache_Module_startup__E
80009fa0   _ti_sysbios_family_c64p_Cache_Module_startup__F
8001ca6c   _ti_sysbios_family_c64p_Cache_initSize__C
80014ac0   _ti_sysbios_family_c64p_Cache_setMar__E
8001cae8   _ti_sysbios_family_c64p_Exception_E_exceptionMin__C
8001c9f2   _ti_sysbios_family_c64p_Exception_Module__id__C
800195ac   _ti_sysbios_family_c64p_Exception_Module__state__V
80016180   _ti_sysbios_family_c64p_Exception_Module_startup__E
80012fe0   _ti_sysbios_family_c64p_Exception_Module_startup__F
8000ec60   _ti_sysbios_family_c64p_Exception_dispatch__E
8001caec   _ti_sysbios_family_c64p_Exception_exceptionHook__C
8001caf0   _ti_sysbios_family_c64p_Exception_externalHook__C
800011e0   _ti_sysbios_family_c64p_Exception_handler__I
8000b080   _ti_sysbios_family_c64p_Exception_internalHandler__I
8001caf4   _ti_sysbios_family_c64p_Exception_internalHook__C
8001caf8   _ti_sysbios_family_c64p_Exception_nmiHook__C
8001ca6a   _ti_sysbios_family_c64p_Exception_useInternalBuffer__C
8001e800   _ti_sysbios_family_c64p_Hwi0
8001cafc   _ti_sysbios_family_c64p_Hwi_LD_end__C
8001cb00   _ti_sysbios_family_c64p_Hwi_LM_begin__C
8001cb04   _ti_sysbios_family_c64p_Hwi_Module__diagsEnabled__C
8001cb08   _ti_sysbios_family_c64p_Hwi_Module__diagsIncluded__C
8001cb0c   _ti_sysbios_family_c64p_Hwi_Module__diagsMask__C
8001cac6   _ti_sysbios_family_c64p_Hwi_Module__id__C
8001cd0c   _ti_sysbios_family_c64p_Hwi_Module__loggerDefined__C
8001cb10   _ti_sysbios_family_c64p_Hwi_Module__loggerFxn1__C
8001cb14   _ti_sysbios_family_c64p_Hwi_Module__loggerFxn8__C
8001cb18   _ti_sysbios_family_c64p_Hwi_Module__loggerObj__C
800195dc   _ti_sysbios_family_c64p_Hwi_Module__root__V
80015700   _ti_sysbios_family_c64p_Hwi_Module__startupDone__F
800161a0   _ti_sysbios_family_c64p_Hwi_Module__startupDone__S
80019600   _ti_sysbios_family_c64p_Hwi_Module__state__V
800161c0   _ti_sysbios_family_c64p_Hwi_Module_startup__E
8000f320   _ti_sysbios_family_c64p_Hwi_Module_startup__F
800195e8   _ti_sysbios_family_c64p_Hwi_Object__table__V
800161e0   _ti_sysbios_family_c64p_Hwi_clearInterrupt__E
80015740   _ti_sysbios_family_c64p_Hwi_disableInterrupt__E
8000d020   _ti_sysbios_family_c64p_Hwi_dispatchAlways
80008c00   _ti_sysbios_family_c64p_Hwi_dispatchC__I
80015780   _ti_sysbios_family_c64p_Hwi_enableInterrupt__E
80013080   _ti_sysbios_family_c64p_Hwi_getStackInfo__E
8001e800   _ti_sysbios_family_c64p_Hwi_int0
8001e820   _ti_sysbios_family_c64p_Hwi_int1
8001e940   _ti_sysbios_family_c64p_Hwi_int10
8001e960   _ti_sysbios_family_c64p_Hwi_int11
8001e980   _ti_sysbios_family_c64p_Hwi_int12
8001e9a0   _ti_sysbios_family_c64p_Hwi_int13
8001e9c0   _ti_sysbios_family_c64p_Hwi_int14
8001e9e0   _ti_sysbios_family_c64p_Hwi_int15
8001e840   _ti_sysbios_family_c64p_Hwi_int2
8001e860   _ti_sysbios_family_c64p_Hwi_int3
8001e880   _ti_sysbios_family_c64p_Hwi_int4
8001e8a0   _ti_sysbios_family_c64p_Hwi_int5
8001e8c0   _ti_sysbios_family_c64p_Hwi_int6
8001e8e0   _ti_sysbios_family_c64p_Hwi_int7
8001e900   _ti_sysbios_family_c64p_Hwi_int8
8001e920   _ti_sysbios_family_c64p_Hwi_int9
80016200   _ti_sysbios_family_c64p_Hwi_startup__E
80016220   _ti_sysbios_family_c64p_Hwi_switchFromBootStack__E
80016240   _ti_sysbios_family_c64p_TimestampProvider_Module_startup__E
80016260   _ti_sysbios_family_c64p_TimestampProvider_Module_startup__F
80016280   _ti_sysbios_family_c64p_TimestampProvider_get64__E
800157c0   _ti_sysbios_family_c64p_tci6482_TimerSupport_enable__E
80015800   _ti_sysbios_family_xxx_Hwi_switchToIsrStack
800162a0   _ti_sysbios_family_xxx_Hwi_switchToTaskStack
80014b20   _ti_sysbios_gates_GateHwi_Handle__label__S
800162c0   _ti_sysbios_gates_GateHwi_Instance_init__F
8001c860   _ti_sysbios_gates_GateHwi_Module__FXNS__C
80019668   _ti_sysbios_gates_GateHwi_Module__root__V
8001c914   _ti_sysbios_gates_GateHwi_Object__DESC__C
8001c9f4   _ti_sysbios_gates_GateHwi_Object__PARAMS__C
80013ca0   _ti_sysbios_gates_GateHwi_Object__create__S
80014b80   _ti_sysbios_gates_GateHwi_Object__delete__S
80019670   _ti_sysbios_gates_GateHwi_Object__table__V
800162e0   _ti_sysbios_gates_GateHwi_enter__E
80016300   _ti_sysbios_gates_GateHwi_leave__E
80016320   _ti_sysbios_gates_GateHwi_query__E
80016340   _ti_sysbios_gates_GateHwi_query__F
8001cb1c   _ti_sysbios_gates_GateMutex_A_badContext__C
80014be0   _ti_sysbios_gates_GateMutex_Handle__label__S
8001cb20   _ti_sysbios_gates_GateMutex_Instance_State_sem__O
80016360   _ti_sysbios_gates_GateMutex_Instance_finalize__F
80014c40   _ti_sysbios_gates_GateMutex_Instance_init__F
8001c884   _ti_sysbios_gates_GateMutex_Module__FXNS__C
8001cb24   _ti_sysbios_gates_GateMutex_Module__diagsEnabled__C
8001cb28   _ti_sysbios_gates_GateMutex_Module__diagsIncluded__C
8001cb2c   _ti_sysbios_gates_GateMutex_Module__diagsMask__C
8001cd0e   _ti_sysbios_gates_GateMutex_Module__id__C
80019674   _ti_sysbios_gates_GateMutex_Module__root__V
8001c934   _ti_sysbios_gates_GateMutex_Object__DESC__C
8001ca0c   _ti_sysbios_gates_GateMutex_Object__PARAMS__C
80013d20   _ti_sysbios_gates_GateMutex_Object__create__S
80014ca0   _ti_sysbios_gates_GateMutex_Object__delete__S
80019680   _ti_sysbios_gates_GateMutex_Object__table__V
8000de40   _ti_sysbios_gates_GateMutex_enter__E
80015840   _ti_sysbios_gates_GateMutex_leave__E
80016380   _ti_sysbios_gates_GateMutex_query__E
800163a0   _ti_sysbios_gates_GateMutex_query__F
8001cb30   _ti_sysbios_hal_Hwi_E_stackOverflow__C
800163c0   _ti_sysbios_hal_Hwi_HwiProxy_Module__startupDone__S
800163e0   _ti_sysbios_hal_Hwi_HwiProxy_clearInterrupt__E
80016400   _ti_sysbios_hal_Hwi_HwiProxy_disableInterrupt__E
80016420   _ti_sysbios_hal_Hwi_HwiProxy_enableInterrupt__E
80016440   _ti_sysbios_hal_Hwi_HwiProxy_getStackInfo__E
80016460   _ti_sysbios_hal_Hwi_HwiProxy_startup__E
80016480   _ti_sysbios_hal_Hwi_HwiProxy_switchFromBootStack__E
8001cd10   _ti_sysbios_hal_Hwi_Module__id__C
[...]
800161c0   _ti_sysbios_family_c64p_Hwi_Module_startup__E
800161e0   _ti_sysbios_family_c64p_Hwi_clearInterrupt__E
80016200   _ti_sysbios_family_c64p_Hwi_startup__E
80016220   _ti_sysbios_family_c64p_Hwi_switchFromBootStack__E
80016240   _ti_sysbios_family_c64p_TimestampProvider_Module_startup__E
80016260   _ti_sysbios_family_c64p_TimestampProvider_Module_startup__F
80016280   _ti_sysbios_family_c64p_TimestampProvider_get64__E
800162a0   _ti_sysbios_family_xxx_Hwi_switchToTaskStack
800162c0   _ti_sysbios_gates_GateHwi_Instance_init__F
800162e0   _ti_sysbios_gates_GateHwi_enter__E
80016300   _ti_sysbios_gates_GateHwi_leave__E
80016320   _ti_sysbios_gates_GateHwi_query__E
80016340   _ti_sysbios_gates_GateHwi_query__F
80016360   _ti_sysbios_gates_GateMutex_Instance_finalize__F
80016380   _ti_sysbios_gates_GateMutex_query__E
800163a0   _ti_sysbios_gates_GateMutex_query__F
800163c0   _ti_sysbios_hal_Hwi_HwiProxy_Module__startupDone__S
800163e0   _ti_sysbios_hal_Hwi_HwiProxy_clearInterrupt__E
80016400   _ti_sysbios_hal_Hwi_HwiProxy_disableInterrupt__E
80016420   _ti_sysbios_hal_Hwi_HwiProxy_enableInterrupt__E
80016440   _ti_sysbios_hal_Hwi_HwiProxy_getStackInfo__E
80016460   _ti_sysbios_hal_Hwi_HwiProxy_startup__E
80016480   _ti_sysbios_hal_Hwi_HwiProxy_switchFromBootStack__E
800164a0   _ti_sysbios_hal_Hwi_Module_startup__E
800164c0   _ti_sysbios_hal_Hwi_Module_startup__F
800164e0   _ti_sysbios_hal_Hwi_startup__E
80016500   _ti_sysbios_hal_Timer_Module__startupDone__S
80016520   _ti_sysbios_hal_Timer_Module_startup__E
80016540   _ti_sysbios_hal_Timer_Module_startup__F
80016560   _ti_sysbios_hal_Timer_TimerProxy_Module__startupDone__S
80016580   _ti_sysbios_hal_Timer_TimerProxy_getPeriod__E
800165a0   _ti_sysbios_hal_Timer_TimerProxy_startup__E
800165c0   _ti_sysbios_hal_Timer_startup__E
800165e0   _ti_sysbios_heaps_HeapMem_Module_GateProxy_enter__E
80016600   _ti_sysbios_heaps_HeapMem_Module_GateProxy_leave__E
80016620   _ti_sysbios_heaps_HeapMem_Module_GateProxy_query__E
80016640   _ti_sysbios_heaps_HeapMem_isBlocking__E
80016680   _ti_sysbios_knl_Clock_Module_startup__E
800166a0   _ti_sysbios_knl_Idle_loop__E
800166c0   _ti_sysbios_knl_Queue_Instance_init__F
800166e0   _ti_sysbios_knl_Queue_empty__E
80016700   _ti_sysbios_knl_Semaphore_Instance_finalize__F
80016720   _ti_sysbios_knl_Swi_Module_startup__E
80016740   _ti_sysbios_knl_Swi_disable__E
80016760   _ti_sysbios_knl_Task_Module_startup__E
80016780   _ti_sysbios_knl_Task_SupportProxy_Module__startupDone__S
800167a0   _ti_sysbios_knl_Task_SupportProxy_checkStack__E
800167c0   _ti_sysbios_knl_Task_SupportProxy_swap__E
800167e0   _ti_sysbios_knl_Task_disable__E
80016800   _ti_sysbios_knl_Task_startup__E
80016820   _ti_sysbios_timers_timer64_Timer_Module__startupDone__S
80016840   _ti_sysbios_timers_timer64_Timer_Module_startup__E
80016860   _ti_sysbios_timers_timer64_Timer_TimerSupportProxy_enable__E
800168a0   _xdc_runtime_Error_check__E
800168c0   _xdc_runtime_Error_init__E
800168e0   _xdc_runtime_Error_print__E
80016900   _xdc_runtime_Gate_enterSystem__F
80016920   _xdc_runtime_Gate_leaveSystem__F
80016940   _xdc_runtime_LoggerBuf_Module_GateProxy_enter__E
80016960   _xdc_runtime_LoggerBuf_Module_GateProxy_leave__E
80016980   _xdc_runtime_LoggerBuf_Module_startup__E
800169a0   _xdc_runtime_LoggerBuf_TimestampProxy_get64__E
800169c0   _xdc_runtime_LoggerBuf_disable__E
800169e0   _xdc_runtime_LoggerBuf_disable__F
80016a00   _xdc_runtime_LoggerBuf_enable__E
80016a20   _xdc_runtime_LoggerBuf_enable__F
80016a40   _xdc_runtime_LoggerBuf_getFilterLevel__E
80016a60   _xdc_runtime_LoggerBuf_write1__F
80016a80   _xdc_runtime_LoggerBuf_write2__F
80016aa0   _xdc_runtime_Memory_HeapProxy_free__E
80016ac0   _xdc_runtime_Memory_free__E
80016ae0   _xdc_runtime_Startup_reset__I
80016b00   _xdc_runtime_SysMin_Module_startup__E
80016b20   _xdc_runtime_SysMin_abort__E
80016b40   _xdc_runtime_SysMin_exit__E
80016b60   _xdc_runtime_SysMin_putch__E
80016b80   _xdc_runtime_SysMin_ready__E
80016ba0   _xdc_runtime_SysMin_ready__F
80016bc0   _xdc_runtime_System_Module_GateProxy_enter__E
80016be0   _xdc_runtime_System_Module_GateProxy_leave__E
80016c00   _xdc_runtime_System_Module_startup__E
80016c20   _xdc_runtime_System_Module_startup__F
80016c40   _xdc_runtime_System_SupportProxy_abort__E
80016c60   _xdc_runtime_System_SupportProxy_exit__E
80016c80   _xdc_runtime_System_SupportProxy_putch__E
80016ca0   _xdc_runtime_System_SupportProxy_ready__E
80016cc0   _xdc_runtime_System_atexit__E
80016ce0   _xdc_runtime_System_exit__F
80016d00   _xdc_runtime_System_lastFxn__I
80016d20   _xdc_runtime_System_snprintf_va__F
80016d20   _xdc_runtime_System_vsnprintf__F
80016d40   _xdc_runtime_Text_putLab__E
80016d60   _xdc_runtime_Text_putSite__E
80016d80   _ti_sysbios_heaps_HeapMem_Instance_State_0_buf__A
80018d80   _ti_sysbios_knl_Task_Instance_State_0_hookEnv__A
80018d88   _xdc_runtime_LoggerBuf_Instance_State_0_entryArr__A
80019188   _xdc_runtime_SysMin_Module_State_0_outbuf__A
80019588   _ti_sysbios_BIOS_Module__state__V
800195a8   _ti_sysbios_family_c64p_Cache_Module__state__V
800195ac   _ti_sysbios_family_c64p_Exception_Module__state__V
800195dc   _ti_sysbios_family_c64p_Hwi_Module__root__V
800195e8   _ti_sysbios_family_c64p_Hwi_Object__table__V
80019600   _ti_sysbios_family_c64p_Hwi_Module__state__V
80019668   _ti_sysbios_gates_GateHwi_Module__root__V
80019670   _ti_sysbios_gates_GateHwi_Object__table__V
80019674   _ti_sysbios_gates_GateMutex_Module__root__V
80019680   _ti_sysbios_gates_GateMutex_Object__table__V
800196c0   _ti_sysbios_hal_Hwi_Module__root__V
800196c8   _ti_sysbios_hal_Hwi_Object__table__V
800196d0   _ti_sysbios_hal_Timer_Module__root__V
800196d8   _ti_sysbios_hal_Timer_Object__table__V
800196e0   _ti_sysbios_heaps_HeapMem_Module__root__V
800196e8   _ti_sysbios_heaps_HeapMem_Object__table__V
80019700   _ti_sysbios_knl_Clock_Module__root__V
80019708   _ti_sysbios_knl_Clock_Module__state__V
80019730   _ti_sysbios_knl_Queue_Module__root__V
80019738   _ti_sysbios_knl_Semaphore_Module__root__V
80019740   _ti_sysbios_knl_Swi_Module__root__V
80019748   _ti_sysbios_knl_Swi_Object__table__V
80019778   _ti_sysbios_knl_Swi_Module_State_0_readyQ__A
800197f8   _ti_sysbios_knl_Swi_Module__state__V
80019814   _ti_sysbios_knl_Task_Module__root__V
80019820   _TSK_idle
80019820   _ti_sysbios_knl_Task_Object__table__V
80019870   _ti_sysbios_knl_Task_Module_State_0_readyQ__A
800198f0   _ti_sysbios_knl_Task_Module_State_0_idleTask__A
800198f4   _ti_sysbios_knl_Task_Module__state__V
80019938   _ti_sysbios_timers_timer64_Timer_Module__root__V
80019940   _ti_sysbios_timers_timer64_Timer_Object__table__V
80019990   _ti_sysbios_timers_timer64_Timer_Module_State_0_intFreqs__A
800199a0   _ti_sysbios_timers_timer64_Timer_Module_State_0_gctrl__A
800199b0   _ti_sysbios_timers_timer64_Timer_Module_State_0_device__A
800199e0   _ti_sysbios_timers_timer64_Timer_Module_State_0_handles__A
800199f0   _ti_sysbios_timers_timer64_Timer_Module__state__V
80019a04   _xdc_runtime_Error_Module__state__V
80019a08   _xdc_runtime_LoggerBuf_Module__root__V
80019a10   _xdc_runtime_LoggerBuf_Object__table__V
80019a34   _xdc_runtime_LoggerBuf_Module__state__V
80019a3c   _xdc_runtime_Memory_Module__state__V
80019a40   _xdc_runtime_Registry_Module__state__V
80019a48   _xdc_runtime_Startup_Module__state__V
80019a50   _xdc_runtime_SysMin_Module__state__V
80019a60   _xdc_runtime_System_Module_State_0_atexitHandlers__A
80019a70   _xdc_runtime_System_Module__state__V
80019a7c   _xdc_runtime_Text_Module__state__V
80019a84   ___xdc__init__addr
80019a88   _ti_sysbios_knl_Task_Instance_State_0_stack__A
8001a288   __ftable
8001a468   __tmpnams
8001a5a8   __ft_end
8001a5ac   _errno
8001a5b0   ___atexit_func_id__
8001a854   __cleanup_ptr
8001a858   __dtors_ptr
8001a85c   ___TI_enable_exit_profile_output
8001a860   __lock
8001a864   __unlock
8001a874   _dtors
8001a880   _xdc_runtime_Text_charTab__A
8001c300   __ctypes_
8001c402   _ti_sysbios_BIOS_Module__id__C
8001c408   _xdc_runtime_Text_nodeTab__A
8001c524   _ti_sysbios_BIOS_Module__diagsEnabled__C
8001c770   _xdc_runtime_LoggerBuf_Module__FXNS__C
8001c7ac   _ti_sysbios_BIOS_Module__diagsIncluded__C
8001c7b0   _xdc_runtime_Startup_sfxnTab__A
8001c810   _ti_sysbios_heaps_HeapMem_Module__FXNS__C
8001c838   _xdc_runtime_LoggerBuf_Object__PARAMS__C
8001c860   _ti_sysbios_gates_GateHwi_Module__FXNS__C
8001c884   _ti_sysbios_gates_GateMutex_Module__FXNS__C
8001c8a8   _ti_sysbios_heaps_HeapMem_Object__PARAMS__C
8001c8cc   _ti_sysbios_knl_Semaphore_Object__PARAMS__C
8001c914   _ti_sysbios_gates_GateHwi_Object__DESC__C
8001c934   _ti_sysbios_gates_GateMutex_Object__DESC__C
8001c954   _ti_sysbios_heaps_HeapMem_Object__DESC__C
8001c974   _ti_sysbios_knl_Queue_Object__DESC__C
8001c994   _ti_sysbios_knl_Semaphore_Object__DESC__C
8001c9b4   _xdc_runtime_LoggerBuf_Object__DESC__C
8001c9d4   _ti_sysbios_BIOS_Module__diagsMask__C
8001c9d8   _xdc_runtime_Startup_sfxnRts__A
8001c9f2   _ti_sysbios_family_c64p_Exception_Module__id__C
8001c9f4   _ti_sysbios_gates_GateHwi_Object__PARAMS__C
8001ca0c   _ti_sysbios_gates_GateMutex_Object__PARAMS__C
8001ca24   _ti_sysbios_knl_Queue_Object__PARAMS__C
8001ca3c   _ti_sysbios_BIOS_installedErrorHook__C
8001ca40   _ti_sysbios_knl_Task_hooks__A
8001ca6a   _ti_sysbios_family_c64p_Exception_useInternalBuffer__C
8001ca6c   _ti_sysbios_family_c64p_Cache_initSize__C
8001ca88   _ti_sysbios_knl_Idle_coreList__C
8001ca90   _ti_sysbios_knl_Idle_funcList__C
8001ca98   _ti_sysbios_knl_Task_hooks__C
8001caa0   _xdc_runtime_Startup_firstFxns__A
8001caa8   _xdc_runtime_Startup_firstFxns__C
8001cab0   _xdc_runtime_Startup_lastFxns__C
8001cac6   _ti_sysbios_family_c64p_Hwi_Module__id__C
8001cac8   _ti_sysbios_family_c64p_Cache_MAR0_31__C
8001cacc   _ti_sysbios_family_c64p_Cache_MAR128_159__C
8001cad0   _ti_sysbios_family_c64p_Cache_MAR160_191__C
8001cad4   _ti_sysbios_family_c64p_Cache_MAR192_223__C
8001cad8   _ti_sysbios_family_c64p_Cache_MAR224_255__C
8001cadc   _ti_sysbios_family_c64p_Cache_MAR32_63__C
8001cae0   _ti_sysbios_family_c64p_Cache_MAR64_95__C
8001cae4   _ti_sysbios_family_c64p_Cache_MAR96_127__C
8001cae8   _ti_sysbios_family_c64p_Exception_E_exceptionMin__C
8001caec   _ti_sysbios_family_c64p_Exception_exceptionHook__C
8001caf0   _ti_sysbios_family_c64p_Exception_externalHook__C
8001caf4   _ti_sysbios_family_c64p_Exception_internalHook__C
8001caf8   _ti_sysbios_family_c64p_Exception_nmiHook__C
8001cafc   _ti_sysbios_family_c64p_Hwi_LD_end__C
8001cb00   _ti_sysbios_family_c64p_Hwi_LM_begin__C
8001cb04   _ti_sysbios_family_c64p_Hwi_Module__diagsEnabled__C
8001cb08   _ti_sysbios_family_c64p_Hwi_Module__diagsIncluded__C
8001cb0c   _ti_sysbios_family_c64p_Hwi_Module__diagsMask__C
8001cb10   _ti_sysbios_family_c64p_Hwi_Module__loggerFxn1__C
8001cb14   _ti_sysbios_family_c64p_Hwi_Module__loggerFxn8__C
8001cb18   _ti_sysbios_family_c64p_Hwi_Module__loggerObj__C
8001cb1c   _ti_sysbios_gates_GateMutex_A_badContext__C
8001cb20   _ti_sysbios_gates_GateMutex_Instance_State_sem__O
8001cb24   _ti_sysbios_gates_GateMutex_Module__diagsEnabled__C
8001cb28   _ti_sysbios_gates_GateMutex_Module__diagsIncluded__C
8001cb2c   _ti_sysbios_gates_GateMutex_Module__diagsMask__C
8001cb30   _ti_sysbios_hal_Hwi_E_stackOverflow__C
8001cb34   _ti_sysbios_heaps_HeapMem_A_align__C
8001cb38   _ti_sysbios_heaps_HeapMem_A_heapSize__C
8001cb3c   _ti_sysbios_heaps_HeapMem_A_invalidFree__C
8001cb40   _ti_sysbios_heaps_HeapMem_A_zeroBlock__C
8001cb44   _ti_sysbios_heaps_HeapMem_E_memory__C
8001cb48   _ti_sysbios_heaps_HeapMem_Module__diagsEnabled__C
8001cb4c   _ti_sysbios_heaps_HeapMem_Module__diagsIncluded__C
8001cb50   _ti_sysbios_heaps_HeapMem_Module__diagsMask__C
8001cb54   _ti_sysbios_heaps_HeapMem_Module__gateObj__C
8001cb58   _ti_sysbios_heaps_HeapMem_Object__count__C
8001cb5c   _ti_sysbios_heaps_HeapMem_Object__table__C
8001cb60   _ti_sysbios_heaps_HeapMem_reqAlign__C
8001cb64   _ti_sysbios_knl_Clock_LM_begin__C
8001cb68   _ti_sysbios_knl_Clock_LM_tick__C
8001cb6c   _ti_sysbios_knl_Clock_LW_delayed__C
8001cb70   _ti_sysbios_knl_Clock_Module_State_clockQ__O
8001cb74   _ti_sysbios_knl_Clock_Module__diagsEnabled__C
8001cb78   _ti_sysbios_knl_Clock_Module__diagsIncluded__C
8001cb7c   _ti_sysbios_knl_Clock_Module__diagsMask__C
8001cb80   _ti_sysbios_knl_Clock_Module__loggerFxn1__C
8001cb84   _ti_sysbios_knl_Clock_Module__loggerFxn2__C
8001cb88   _ti_sysbios_knl_Clock_Module__loggerObj__C
8001cb8c   _ti_sysbios_knl_Queue_Object__count__C
8001cb90   _ti_sysbios_knl_Idle_coreList__A
8001cb94   _ti_sysbios_knl_Queue_Object__table__C
8001cb98   _ti_sysbios_knl_Idle_funcList__A
8001cb9c   _ti_sysbios_knl_Semaphore_A_badContext__C
8001cba0   _ti_sysbios_knl_Semaphore_A_noEvents__C
8001cba4   _ti_sysbios_knl_Semaphore_A_overflow__C
8001cba8   _ti_sysbios_knl_Semaphore_A_pendTaskDisabled__C
8001cbac   _ti_sysbios_knl_Semaphore_Instance_State_pendQ__O
8001cbb0   _ti_sysbios_knl_Semaphore_LM_pend__C
8001cbb4   _ti_sysbios_knl_Semaphore_LM_post__C
8001cbb8   _ti_sysbios_knl_Semaphore_Module__diagsEnabled__C
8001cbbc   _ti_sysbios_knl_Semaphore_Module__diagsIncluded__C
8001cbc0   _ti_sysbios_knl_Semaphore_Module__diagsMask__C
8001cbc4   _ti_sysbios_knl_Semaphore_Module__loggerFxn2__C
8001cbc8   _ti_sysbios_knl_Semaphore_Module__loggerFxn4__C
8001cbcc   _ti_sysbios_knl_Semaphore_Module__loggerObj__C
8001cbd0   _ti_sysbios_knl_Swi_LD_end__C
8001cbd4   _ti_sysbios_knl_Swi_LM_begin__C
8001cbd8   _ti_sysbios_knl_Swi_LM_post__C
8001cbdc   _ti_sysbios_knl_Swi_Module__diagsEnabled__C
8001cbe0   _ti_sysbios_knl_Swi_Module__diagsIncluded__C
8001cbe4   _ti_sysbios_knl_Swi_Module__diagsMask__C
8001cbe8   _ti_sysbios_knl_Swi_Module__loggerFxn1__C
8001cbec   _ti_sysbios_knl_Swi_Module__loggerFxn4__C
8001cbf0   _ti_sysbios_knl_Swi_Module__loggerObj__C
8001cbf4   _ti_sysbios_knl_Swi_Object__count__C
8001cbf8   _ti_sysbios_knl_Swi_Object__table__C
8001cbfc   _ti_sysbios_knl_Task_E_spOutOfBounds__C
8001cc00   _ti_sysbios_knl_Task_E_stackOverflow__C
8001cc04   _ti_sysbios_knl_Task_LD_block__C
8001cc08   _ti_sysbios_knl_Task_LD_exit__C
8001cc0c   _ti_sysbios_knl_Task_LD_ready__C
8001cc10   _ti_sysbios_knl_Task_LM_switch__C
8001cc14   _ti_sysbios_knl_Task_Module_State_inactiveQ__O
8001cc18   _ti_sysbios_knl_Task_Module__diagsEnabled__C
8001cc1c   _ti_sysbios_knl_Task_Module__diagsIncluded__C
8001cc20   _ti_sysbios_knl_Task_Module__diagsMask__C
8001cc24   _ti_sysbios_knl_Task_Module__loggerFxn2__C
8001cc28   _ti_sysbios_knl_Task_Module__loggerFxn4__C
8001cc2c   _ti_sysbios_knl_Task_Module__loggerObj__C
8001cc30   _ti_sysbios_knl_Task_Object__count__C
8001cc34   _ti_sysbios_knl_Task_Object__table__C
8001cc38   _ti_sysbios_knl_Task_allBlockedFunc__C
8001cc3c   _ti_sysbios_knl_Task_numConstructedTasks__C
8001cc40   _ti_sysbios_timers_timer64_Timer_A_notAvailable__C
8001cc44   _ti_sysbios_timers_timer64_Timer_E_cannotSupport__C
8001cc48   _ti_sysbios_timers_timer64_Timer_Module__diagsEnabled__C
8001cc4c   _ti_sysbios_timers_timer64_Timer_Module__diagsIncluded__C
8001cc50   _ti_sysbios_timers_timer64_Timer_Module__diagsMask__C
8001cc54   _ti_sysbios_timers_timer64_Timer_anyMask__C
8001cc58   _ti_sysbios_timers_timer64_Timer_freqDivisor__C
8001cc5c   _ti_sysbios_timers_timer64_Timer_numLocalTimers__C
8001cc60   _ti_sysbios_timers_timer64_Timer_numTimerDevices__C
8001cc64   _xdc_runtime_Assert_E_assertFailed__C
8001cc68   _xdc_runtime_Core_A_initializedParams__C
8001cc6c   _xdc_runtime_Core_Module__diagsEnabled__C
8001cc70   _xdc_runtime_Core_Module__diagsIncluded__C
8001cc74   _xdc_runtime_Core_Module__diagsMask__C
8001cc78   _xdc_runtime_Error_E_memory__C
8001cc7c   _xdc_runtime_Error_Module__diagsEnabled__C
8001cc80   _xdc_runtime_Error_Module__diagsIncluded__C
8001cc84   _xdc_runtime_Error_Module__diagsMask__C
8001cc88   _xdc_runtime_Error_Module__loggerFxn8__C
8001cc8c   _xdc_runtime_Error_Module__loggerObj__C
8001cc90   _xdc_runtime_Error_policy__C
8001cc94   _xdc_runtime_Error_raiseHook__C
8001cc98   _xdc_runtime_IFilterLogger_Interface__BASE__C
8001cc9c   _xdc_runtime_IGateProvider_Interface__BASE__C
8001cca0   _xdc_runtime_IHeap_Interface__BASE__C
8001cca4   _xdc_runtime_ILogger_Interface__BASE__C
8001cca8   _xdc_runtime_IModule_Interface__BASE__C
8001ccac   _xdc_runtime_Log_L_error__C
8001ccb0   _xdc_runtime_LoggerBuf_E_badLevel__C
8001ccb4   _xdc_runtime_LoggerBuf_Module__gateObj__C
8001ccb8   _xdc_runtime_LoggerBuf_Object__count__C
8001ccbc   _xdc_runtime_LoggerBuf_Object__table__C
8001ccc0   _xdc_runtime_LoggerBuf_statusLogger__C
8001ccc4   _xdc_runtime_Memory_defaultHeapInstance__C
8001ccc8   _xdc_runtime_Startup_execImpl__C
8001cccc   _xdc_runtime_Startup_maxPasses__C
8001ccd0   _xdc_runtime_Startup_lastFxns__A
8001ccd4   _xdc_runtime_Startup_sfxnRts__C
8001ccd8   _xdc_runtime_Startup_sfxnTab__C
8001ccdc   _xdc_runtime_Startup_startModsFxn__C
8001cce0   _xdc_runtime_SysMin_bufSize__C
8001cce4   _xdc_runtime_SysMin_outputFunc__C
8001cce8   _xdc_runtime_System_Module__gateObj__C
8001ccec   _xdc_runtime_System_extendFxn__C
8001ccf0   _xdc_runtime_System_maxAtexitHandlers__C
8001ccf4   _xdc_runtime_Text_charTab__C
8001ccf8   _xdc_runtime_Text_nameEmpty__C
8001ccfc   _xdc_runtime_Text_nameStatic__C
8001cd00   _xdc_runtime_Text_nameUnknown__C
8001cd04   _xdc_runtime_Text_nodeTab__C
8001cd08   _xdc_runtime_Text_visitRopeFxn__C
8001cd0c   _ti_sysbios_family_c64p_Hwi_Module__loggerDefined__C
8001cd0e   _ti_sysbios_gates_GateMutex_Module__id__C
8001cd10   _ti_sysbios_hal_Hwi_Module__id__C
8001cd12   _ti_sysbios_heaps_HeapMem_Module__id__C
8001cd14   _ti_sysbios_knl_Clock_Module__id__C
8001cd16   _ti_sysbios_knl_Clock_Module__loggerDefined__C
8001cd18   _ti_sysbios_knl_Semaphore_Module__id__C
8001cd1a   _ti_sysbios_knl_Semaphore_Module__loggerDefined__C
8001cd1c   _ti_sysbios_knl_Swi_Module__id__C
8001cd1e   _ti_sysbios_knl_Swi_Module__loggerDefined__C
8001cd20   _ti_sysbios_knl_Task_Module__id__C
8001cd22   _ti_sysbios_knl_Task_Module__loggerDefined__C
8001cd24   _ti_sysbios_knl_Task_initStackFlag__C
8001cd26   _ti_sysbios_timers_timer64_Timer_Module__id__C
8001cd28   _ti_sysbios_timers_timer64_Timer_startupNeeded__C
8001cd2a   _xdc_runtime_Core_Module__id__C
8001cd2c   _xdc_runtime_Error_Module__loggerDefined__C
8001cd2e   _xdc_runtime_Error_maxDepth__C
8001cd30   _xdc_runtime_LoggerBuf_Module__id__C
8001cd32   _xdc_runtime_LoggerBuf_filterByLevel__C
8001cd34   _xdc_runtime_Memory_Module__id__C
8001cd36   _xdc_runtime_SysMin_flushAtExit__C
8001cd38   _xdc_runtime_Text_charCnt__C
8001cd3a   _xdc_runtime_Text_isLoaded__C
8001cd3c   _xdc_runtime_Text_registryModsLastId__C
8001cd3e   _xdc_runtime_Text_unnamedModsLastId__C
8001cd48   __stack
8001dd48   __STACK_END
8001dd48   ___cinit__
8001dd48   cinit
8001e560   __CIOBUF_
8001e6a8   $bss
8001e6a8   .bss
8001e6a8   ___bss__
8001e6c0   ___end__
8001e6c0   end
8001e800   _ti_sysbios_family_c64p_Hwi0
8001e800   _ti_sysbios_family_c64p_Hwi_int0
8001e820   _ti_sysbios_family_c64p_Hwi_int1
8001e840   _ti_sysbios_family_c64p_Hwi_int2
8001e860   _ti_sysbios_family_c64p_Hwi_int3
8001e880   _ti_sysbios_family_c64p_Hwi_int4
8001e8a0   _ti_sysbios_family_c64p_Hwi_int5
8001e8c0   _ti_sysbios_family_c64p_Hwi_int6
8001e8e0   _ti_sysbios_family_c64p_Hwi_int7
8001e900   _ti_sysbios_family_c64p_Hwi_int8
8001e920   _ti_sysbios_family_c64p_Hwi_int9
8001e940   _ti_sysbios_family_c64p_Hwi_int10
8001e960   _ti_sysbios_family_c64p_Hwi_int11
8001e980   _ti_sysbios_family_c64p_Hwi_int12
8001e9a0   _ti_sysbios_family_c64p_Hwi_int13
8001e9c0   _ti_sysbios_family_c64p_Hwi_int14
8001e9e0   _ti_sysbios_family_c64p_Hwi_int15
ffffffff   .data
ffffffff   .text
ffffffff   ___TI_pprof_out_hndl
ffffffff   ___TI_prof_data_size
ffffffff   ___TI_prof_data_start
ffffffff   ___binit__
ffffffff   ___c_args__
ffffffff   ___data__
ffffffff   ___edata__
ffffffff   ___etext__
ffffffff   ___pinit__
ffffffff   ___text__
ffffffff   binit
ffffffff   edata
ffffffff   etext
ffffffff   pinit

[688 symbols]
